Archive member included to satisfy reference by file (symbol)

/home/users/aag/code/gcc-arm-none-eabi-7-2018-q2-update/bin/../lib/gcc/arm-none-eabi/7.3.1/../../../../arm-none-eabi/lib/thumb/v6-m/libstdc++_nano.a(atexit_arm.o)
                              build/main.o (__aeabi_atexit)
/home/users/aag/code/gcc-arm-none-eabi-7-2018-q2-update/bin/../lib/gcc/arm-none-eabi/7.3.1/../../../../arm-none-eabi/lib/thumb/v6-m/libstdc++_nano.a(functexcept.o)
                              build/main.o (std::__throw_out_of_range_fmt(char const*, ...))
/home/users/aag/code/gcc-arm-none-eabi-7-2018-q2-update/bin/../lib/gcc/arm-none-eabi/7.3.1/../../../../arm-none-eabi/lib/thumb/v6-m/libstdc++_nano.a(functional.o)
                              build/main.o (std::__throw_bad_function_call())
/home/users/aag/code/gcc-arm-none-eabi-7-2018-q2-update/bin/../lib/gcc/arm-none-eabi/7.3.1/../../../../arm-none-eabi/lib/thumb/v6-m/libstdc++_nano.a(eh_exception.o)
                              /home/users/aag/code/gcc-arm-none-eabi-7-2018-q2-update/bin/../lib/gcc/arm-none-eabi/7.3.1/../../../../arm-none-eabi/lib/thumb/v6-m/libstdc++_nano.a(functional.o) (std::exception::~exception())
/home/users/aag/code/gcc-arm-none-eabi-7-2018-q2-update/bin/../lib/gcc/arm-none-eabi/7.3.1/../../../../arm-none-eabi/lib/thumb/v6-m/libstdc++_nano.a(del_op.o)
                              /home/users/aag/code/gcc-arm-none-eabi-7-2018-q2-update/bin/../lib/gcc/arm-none-eabi/7.3.1/../../../../arm-none-eabi/lib/thumb/v6-m/libstdc++_nano.a(functional.o) (operator delete(void*))
/home/users/aag/code/gcc-arm-none-eabi-7-2018-q2-update/bin/../lib/gcc/arm-none-eabi/7.3.1/../../../../arm-none-eabi/lib/thumb/v6-m/libstdc++_nano.a(pure.o)
                              /home/users/aag/code/gcc-arm-none-eabi-7-2018-q2-update/bin/../lib/gcc/arm-none-eabi/7.3.1/../../../../arm-none-eabi/lib/thumb/v6-m/libstdc++_nano.a(eh_exception.o) (__cxa_pure_virtual)
/home/users/aag/code/gcc-arm-none-eabi-7-2018-q2-update/bin/../lib/gcc/arm-none-eabi/7.3.1/../../../../arm-none-eabi/lib/thumb/v6-m/libstdc++_nano.a(eh_terminate.o)
                              /home/users/aag/code/gcc-arm-none-eabi-7-2018-q2-update/bin/../lib/gcc/arm-none-eabi/7.3.1/../../../../arm-none-eabi/lib/thumb/v6-m/libstdc++_nano.a(pure.o) (std::terminate())
/home/users/aag/code/gcc-arm-none-eabi-7-2018-q2-update/bin/../lib/gcc/arm-none-eabi/7.3.1/../../../../arm-none-eabi/lib/thumb/v6-m/libstdc++_nano.a(del_ops.o)
                              /home/users/aag/code/gcc-arm-none-eabi-7-2018-q2-update/bin/../lib/gcc/arm-none-eabi/7.3.1/../../../../arm-none-eabi/lib/thumb/v6-m/libstdc++_nano.a(eh_exception.o) (operator delete(void*, unsigned int))
/home/users/aag/code/gcc-arm-none-eabi-7-2018-q2-update/bin/../lib/gcc/arm-none-eabi/7.3.1/../../../../arm-none-eabi/lib/thumb/v6-m/libstdc++_nano.a(si_class_type_info.o)
                              /home/users/aag/code/gcc-arm-none-eabi-7-2018-q2-update/bin/../lib/gcc/arm-none-eabi/7.3.1/../../../../arm-none-eabi/lib/thumb/v6-m/libstdc++_nano.a(functional.o) (vtable for __cxxabiv1::__si_class_type_info)
/home/users/aag/code/gcc-arm-none-eabi-7-2018-q2-update/bin/../lib/gcc/arm-none-eabi/7.3.1/../../../../arm-none-eabi/lib/thumb/v6-m/libstdc++_nano.a(tinfo.o)
                              /home/users/aag/code/gcc-arm-none-eabi-7-2018-q2-update/bin/../lib/gcc/arm-none-eabi/7.3.1/../../../../arm-none-eabi/lib/thumb/v6-m/libstdc++_nano.a(si_class_type_info.o) (std::type_info::__is_pointer_p() const)
/home/users/aag/code/gcc-arm-none-eabi-7-2018-q2-update/bin/../lib/gcc/arm-none-eabi/7.3.1/../../../../arm-none-eabi/lib/thumb/v6-m/libstdc++_nano.a(class_type_info.o)
                              /home/users/aag/code/gcc-arm-none-eabi-7-2018-q2-update/bin/../lib/gcc/arm-none-eabi/7.3.1/../../../../arm-none-eabi/lib/thumb/v6-m/libstdc++_nano.a(si_class_type_info.o) (__cxxabiv1::__class_type_info::__do_upcast(__cxxabiv1::__class_type_info const*, void**) const)
/home/users/aag/code/gcc-arm-none-eabi-7-2018-q2-update/bin/../lib/gcc/arm-none-eabi/7.3.1/../../../../arm-none-eabi/lib/thumb/v6-m/libstdc++_nano.a(snprintf_lite.o)
                              /home/users/aag/code/gcc-arm-none-eabi-7-2018-q2-update/bin/../lib/gcc/arm-none-eabi/7.3.1/../../../../arm-none-eabi/lib/thumb/v6-m/libstdc++_nano.a(functexcept.o) (__gnu_cxx::__snprintf_lite(char*, unsigned int, char const*, std::__va_list))
/home/users/aag/code/gcc-arm-none-eabi-7-2018-q2-update/bin/../lib/gcc/arm-none-eabi/7.3.1/../../../../arm-none-eabi/lib/thumb/v6-m/libstdc++_nano.a(eh_term_handler.o)
                              /home/users/aag/code/gcc-arm-none-eabi-7-2018-q2-update/bin/../lib/gcc/arm-none-eabi/7.3.1/../../../../arm-none-eabi/lib/thumb/v6-m/libstdc++_nano.a(eh_terminate.o) (__cxxabiv1::__terminate_handler)
/home/users/aag/code/gcc-arm-none-eabi-7-2018-q2-update/bin/../lib/gcc/arm-none-eabi/7.3.1/../../../../arm-none-eabi/lib/thumb/v6-m/libstdc++_nano.a(eh_unex_handler.o)
[...]
Memory Configuration

Name             Origin             Length             Attributes
RAM              0x0000000020000000 0x0000000000005000 xrw
FLASH            0x0000000008000000 0x0000000000020000 xr
*default*        0x0000000000000000 0xffffffffffffffff

Linker script and memory map

LOAD /home/users/aag/code/gcc-arm-none-eabi-7-2018-q2-update/bin/../lib/gcc/arm-none-eabi/7.3.1/thumb/v6-m/crti.o
LOAD /home/users/aag/code/gcc-arm-none-eabi-7-2018-q2-update/bin/../lib/gcc/arm-none-eabi/7.3.1/thumb/v6-m/crtbegin.o
LOAD /home/users/aag/code/gcc-arm-none-eabi-7-2018-q2-update/bin/../lib/gcc/arm-none-eabi/7.3.1/../../../../arm-none-eabi/lib/thumb/v6-m/crt0.o
LOAD build/main.o
LOAD build/startup_stm32f103xb.o
LOAD /home/users/aag/code/gcc-arm-none-eabi-7-2018-q2-update/bin/../lib/gcc/arm-none-eabi/7.3.1/../../../../arm-none-eabi/lib/thumb/v6-m/libnosys.a
LOAD /home/users/aag/code/gcc-arm-none-eabi-7-2018-q2-update/bin/../lib/gcc/arm-none-eabi/7.3.1/../../../../arm-none-eabi/lib/thumb/v6-m/libstdc++_nano.a
LOAD /home/users/aag/code/gcc-arm-none-eabi-7-2018-q2-update/bin/../lib/gcc/arm-none-eabi/7.3.1/../../../../arm-none-eabi/lib/thumb/v6-m/libm.a
LOAD /home/users/aag/code/gcc-arm-none-eabi-7-2018-q2-update/bin/../lib/gcc/arm-none-eabi/7.3.1/../../../../arm-none-eabi/lib/thumb/v6-m/libc_nano.a
START GROUP
LOAD /home/users/aag/code/gcc-arm-none-eabi-7-2018-q2-update/bin/../lib/gcc/arm-none-eabi/7.3.1/thumb/v6-m/libgcc.a
LOAD /home/users/aag/code/gcc-arm-none-eabi-7-2018-q2-update/bin/../lib/gcc/arm-none-eabi/7.3.1/../../../../arm-none-eabi/lib/thumb/v6-m/libc_nano.a
END GROUP
START GROUP
LOAD /home/users/aag/code/gcc-arm-none-eabi-7-2018-q2-update/bin/../lib/gcc/arm-none-eabi/7.3.1/thumb/v6-m/libgcc.a
LOAD /home/users/aag/code/gcc-arm-none-eabi-7-2018-q2-update/bin/../lib/gcc/arm-none-eabi/7.3.1/../../../../arm-none-eabi/lib/thumb/v6-m/libc_nano.a
LOAD /home/users/aag/code/gcc-arm-none-eabi-7-2018-q2-update/bin/../lib/gcc/arm-none-eabi/7.3.1/../../../../arm-none-eabi/lib/thumb/v6-m/libnosys.a
END GROUP
START GROUP
LOAD /home/users/aag/code/gcc-arm-none-eabi-7-2018-q2-update/bin/../lib/gcc/arm-none-eabi/7.3.1/thumb/v6-m/libgcc.a
LOAD /home/users/aag/code/gcc-arm-none-eabi-7-2018-q2-update/bin/../lib/gcc/arm-none-eabi/7.3.1/../../../../arm-none-eabi/lib/thumb/v6-m/libc_nano.a
LOAD /home/users/aag/code/gcc-arm-none-eabi-7-2018-q2-update/bin/../lib/gcc/arm-none-eabi/7.3.1/../../../../arm-none-eabi/lib/thumb/v6-m/libnosys.a
END GROUP
LOAD /home/users/aag/code/gcc-arm-none-eabi-7-2018-q2-update/bin/../lib/gcc/arm-none-eabi/7.3.1/thumb/v6-m/crtend.o
LOAD /home/users/aag/code/gcc-arm-none-eabi-7-2018-q2-update/bin/../lib/gcc/arm-none-eabi/7.3.1/thumb/v6-m/crtn.o
                0x0000000020005000                _estack = 0x20005000
                0x0000000000000200                _Min_Heap_Size = 0x200
                0x0000000000000400                _Min_Stack_Size = 0x400

.isr_vector     0x0000000008000000      0x10c
                0x0000000008000000                . = ALIGN (0x4)
 *(.isr_vector)
 .isr_vector    0x0000000008000000      0x10c build/startup_stm32f103xb.o
                0x0000000008000000                g_pfnVectors
                0x000000000800010c                . = ALIGN (0x4)

.text           0x000000000800010c     0xb2a0
                0x000000000800010c                . = ALIGN (0x4)
 *(.text)
 .text          0x000000000800010c       0x48 /home/users/aag/code/gcc-arm-none-eabi-7-2018-q2-update/bin/../lib/gcc/arm-none-eabi/7.3.1/thumb/v6-m/crtbegin.o
 .text          0x0000000008000154        0xe /home/users/aag/code/gcc-arm-none-eabi-7-2018-q2-update/bin/../lib/gcc/arm-none-eabi/7.3.1/../../../../arm-none-eabi/lib/thumb/v6-m/libc_nano.a(lib_a-strlen.o)
                0x0000000008000154                strlen
 *fill*         0x0000000008000162        0x2 
 .text          0x0000000008000164       0x14 /home/users/aag/code/gcc-arm-none-eabi-7-2018-q2-update/bin/../lib/gcc/arm-none-eabi/7.3.1/thumb/v6-m/libgcc.a(_thumb1_case_uqi.o)
                0x0000000008000164                __gnu_thumb1_case_uqi
 .text          0x0000000008000178       0x14 /home/users/aag/code/gcc-arm-none-eabi-7-2018-q2-update/bin/../lib/gcc/arm-none-eabi/7.3.1/thumb/v6-m/libgcc.a(_thumb1_case_uhi.o)
                0x0000000008000178                __gnu_thumb1_case_uhi
 .text          0x000000000800018c      0x114 /home/users/aag/code/gcc-arm-none-eabi-7-2018-q2-update/bin/../lib/gcc/arm-none-eabi/7.3.1/thumb/v6-m/libgcc.a(_udivsi3.o)
                0x000000000800018c                __udivsi3
                0x000000000800018c                __aeabi_uidiv
                0x0000000008000298                __aeabi_uidivmod
 .text          0x00000000080002a0      0x1d4 /home/users/aag/code/gcc-arm-none-eabi-7-2018-q2-update/bin/../lib/gcc/arm-none-eabi/7.3.1/thumb/v6-m/libgcc.a(_divsi3.o)
                0x00000000080002a0                __aeabi_idiv
                0x00000000080002a0                __divsi3
                0x000000000800046c                __aeabi_idivmod
 .text          0x0000000008000474        0x4 /home/users/aag/code/gcc-arm-none-eabi-7-2018-q2-update/bin/../lib/gcc/arm-none-eabi/7.3.1/thumb/v6-m/libgcc.a(_dvmd_tls.o)
                0x0000000008000474                __aeabi_ldiv0
                0x0000000008000474                __aeabi_idiv0
 *(.text*)
 .text.NVIC_EnableIRQ
                0x0000000008000478       0x18 build/main.o
 .text._ZN5Timer6notifyEv
                0x0000000008000490        0x8 build/main.o
                0x0000000008000490                Timer::notify()
 .text._ZN16Work_time_screen4drawEv
                0x0000000008000498        0x2 build/main.o
                0x0000000008000498                Work_time_screen::draw()
 .text._ZN13Config_screen4drawEv
                0x000000000800049a        0x2 build/main.o
                0x000000000800049a                Config_screen::draw()
 .text._ZN15Password_screen4drawEv
                0x000000000800049c        0x2 build/main.o
                0x000000000800049c                Password_screen::draw()
 .text._ZN10Log_screen4drawEv
                0x000000000800049e        0x2 build/main.o
                0x000000000800049e                Log_screen::draw()
 .text._ZN5Lamps6notifyEv
                0x00000000080004a0       0x22 build/main.o
                0x00000000080004a0                Lamps::notify()
 .text._ZNSt14_Function_base13_Base_managerIZN11Main_screen4initEvEUlvE_E10_M_managerERSt9_Any_dataRKS4_St18_Manager_operation
                0x00000000080004c2       0x16 build/main.o
                0x00000000080004c2                std::_Function_base::_Base_manager<Main_screen::init()::{lambda()#1}>::_M_manager(std::_Any_data&, std::_Function_base::_Base_manager<Main_screen::init()::{lambda()#1}> const&, std::_Manager_operation)
 .text._ZNSt14_Function_base13_Base_managerIZN16Bad_lamps_screen4initEvEUlvE_E10_M_managerERSt9_Any_dataRKS4_St18_Manager_operation
                0x00000000080004d8       0x16 build/main.o
                0x00000000080004d8                std::_Function_base::_Base_manager<Bad_lamps_screen::init()::{lambda()#1}>::_M_manager(std::_Any_data&, std::_Function_base::_Base_manager<Bad_lamps_screen::init()::{lambda()#1}> const&, std::_Manager_operation)
 .text._ZNSt14_Function_base13_Base_managerIZN16Work_time_screen4initEvEUlvE_E10_M_managerERSt9_Any_dataRKS4_St18_Manager_operation
                0x00000000080004ee       0x16 build/main.o
                0x00000000080004ee                std::_Function_base::_Base_manager<Work_time_screen::init()::{lambda()#1}>::_M_manager(std::_Any_data&, std::_Function_base::_Base_manager<Work_time_screen::init()::{lambda()#1}> const&, std::_Manager_operation)
 .text._ZNSt14_Function_base13_Base_managerIZN16Work_time_screen4initEvEUlvE0_E10_M_managerERSt9_Any_dataRKS4_St18_Manager_operation
                0x0000000008000504       0x16 build/main.o
                0x0000000008000504                std::_Function_base::_Base_manager<Work_time_screen::init()::{lambda()#2}>::_M_manager(std::_Any_data&, std::_Function_base::_Base_manager<Work_time_screen::init()::{lambda()#2}> const&, std::_Manager_operation)
 .text._ZNSt14_Function_base13_Base_managerIZN16Work_time_screen4initEvEUlvE1_E10_M_managerERSt9_Any_dataRKS4_St18_Manager_operation
                0x000000000800051a       0x16 build/main.o
                0x000000000800051a                std::_Function_base::_Base_manager<Work_time_screen::init()::{lambda()#3}>::_M_manager(std::_Any_data&, std::_Function_base::_Base_manager<Work_time_screen::init()::{lambda()#3}> const&, std::_Manager_operation)
 .text._ZNSt14_Function_base13_Base_managerIZN13Config_screen4initEvEUlvE_E10_M_managerERSt9_Any_dataRKS4_St18_Manager_operation
                0x0000000008000530       0x16 build/main.o
                0x0000000008000530                std::_Function_base::_Base_manager<Config_screen::init()::{lambda()#1}>::_M_manager(std::_Any_data&, std::_Function_base::_Base_manager<Config_screen::init()::{lambda()#1}> const&, std::_Manager_operation)
 .text._ZNSt14_Function_base13_Base_managerIZN13Config_screen4initEvEUlvE0_E10_M_managerERSt9_Any_dataRKS4_St18_Manager_operation
                0x0000000008000546       0x16 build/main.o
                0x0000000008000546                std::_Function_base::_Base_manager<Config_screen::init()::{lambda()#2}>::_M_manager(std::_Any_data&, std::_Function_base::_Base_manager<Config_screen::init()::{lambda()#2}> const&, std::_Manager_operation)
 .text._ZNSt14_Function_base13_Base_managerIZN13Config_screen4initEvEUlvE1_E10_M_managerERSt9_Any_dataRKS4_St18_Manager_operation
                0x000000000800055c       0x16 build/main.o
                0x000000000800055c                std::_Function_base::_Base_manager<Config_screen::init()::{lambda()#3}>::_M_manager(std::_Any_data&, std::_Function_base::_Base_manager<Config_screen::init()::{lambda()#3}> const&, std::_Manager_operation)
 .text._ZNSt14_Function_base13_Base_managerIZN15Password_screen4initEvEUlvE_E10_M_managerERSt9_Any_dataRKS4_St18_Manager_operation
                0x0000000008000572       0x16 build/main.o
                0x0000000008000572                std::_Function_base::_Base_manager<Password_screen::init()::{lambda()#1}>::_M_manager(std::_Any_data&, std::_Function_base::_Base_manager<Password_screen::init()::{lambda()#1}> const&, std::_Manager_operation)
 .text._ZNSt14_Function_base13_Base_managerIZN15Password_screen4initEvEUlvE0_E10_M_managerERSt9_Any_dataRKS4_St18_Manager_operation
                0x0000000008000588       0x16 build/main.o
                0x0000000008000588                std::_Function_base::_Base_manager<Password_screen::init()::{lambda()#2}>::_M_manager(std::_Any_data&, std::_Function_base::_Base_manager<Password_screen::init()::{lambda()#2}> const&, std::_Manager_operation)
 .text._ZNSt14_Function_base13_Base_managerIZN15Password_screen4initEvEUlvE1_E10_M_managerERSt9_Any_dataRKS4_St18_Manager_operation
                0x000000000800059e       0x16 build/main.o
                0x000000000800059e                std::_Function_base::_Base_manager<Password_screen::init()::{lambda()#3}>::_M_manager(std::_Any_data&, std::_Function_base::_Base_manager<Password_screen::init()::{lambda()#3}> const&, std::_Manager_operation)
 .text._ZNSt14_Function_base13_Base_managerIZN15Password_screen4initEvEUlvE2_E10_M_managerERSt9_Any_dataRKS4_St18_Manager_operation
                0x00000000080005b4       0x16 build/main.o
                0x00000000080005b4                std::_Function_base::_Base_manager<Password_screen::init()::{lambda()#4}>::_M_manager(std::_Any_data&, std::_Function_base::_Base_manager<Password_screen::init()::{lambda()#4}> const&, std::_Manager_operation)
 .text._ZNSt14_Function_base13_Base_managerIZN10Log_screen4initEvEUlvE_E10_M_managerERSt9_Any_dataRKS4_St18_Manager_operation
                0x00000000080005ca       0x16 build/main.o
                0x00000000080005ca                std::_Function_base::_Base_manager<Log_screen::init()::{lambda()#1}>::_M_manager(std::_Any_data&, std::_Function_base::_Base_manager<Log_screen::init()::{lambda()#1}> const&, std::_Manager_operation)
 .text._ZNSt14_Function_base13_Base_managerIZ4mainEUlvE0_E10_M_managerERSt9_Any_dataRKS3_St18_Manager_operation
                0x00000000080005e0       0x16 build/main.o
 .text._ZNSt14_Function_base13_Base_managerIZ4mainEUlvE2_E10_M_managerERSt9_Any_dataRKS3_St18_Manager_operation
                0x00000000080005f6       0x16 build/main.o
 .text._ZZN13Modbus_masterILj28EEC4IZ4mainEUt_EER10UART_sizedILj255EER9InterruptS7_iNS4_8SettingsERT_ENKUlS9_E_clIP13Register_baseEEDaS9_
                0x000000000800060c       0x14 build/main.o
 .text._ZNSt14_Function_base13_Base_managerIN4MenuI12HD44780_pinsIN3mcu4Pin_ILNS3_6PeriphE5ELi12EEENS4_ILS5_6ELi2EEENS4_ILS5_4ELi3EEENS4_ILS5_4ELi4EEENS4_ILS5_4ELi5EEENS4_ILS5_4ELi6EEENS4_ILS5_4ELi7EEEEZ4mainE10Flash_dataZ4mainE8Out_regsZ4mainEUt_E14buttons_eventsMUlT_E_EE10_M_managerERSt9_Any_dataRKSL_St18_Manager_operation
                0x0000000008000620       0x16 build/main.o
 .text._ZNSt14_Function_base13_Base_managerIN4MenuI12HD44780_pinsIN3mcu4Pin_ILNS3_6PeriphE5ELi12EEENS4_ILS5_6ELi2EEENS4_ILS5_4ELi3EEENS4_ILS5_4ELi4EEENS4_ILS5_4ELi5EEENS4_ILS5_4ELi6EEENS4_ILS5_4ELi7EEEEZ4mainE10Flash_dataZ4mainE8Out_regsZ4mainEUt_E14buttons_eventsMUlT_E0_EE10_M_managerERSt9_Any_dataRKSL_St18_Manager_operation
                0x0000000008000636       0x16 build/main.o
 .text._ZNSt14_Function_base13_Base_managerIN4MenuI12HD44780_pinsIN3mcu4Pin_ILNS3_6PeriphE5ELi12EEENS4_ILS5_6ELi2EEENS4_ILS5_4ELi3EEENS4_ILS5_4ELi4EEENS4_ILS5_4ELi5EEENS4_ILS5_4ELi6EEENS4_ILS5_4ELi7EEEEZ4mainE10Flash_dataZ4mainE8Out_regsZ4mainEUt_E14buttons_eventsMUlT_E1_EE10_M_managerERSt9_Any_dataRKSL_St18_Manager_operation
                0x000000000800064c       0x16 build/main.o
 .text._ZNSt14_Function_base13_Base_managerIN4MenuI12HD44780_pinsIN3mcu4Pin_ILNS3_6PeriphE5ELi12EEENS4_ILS5_6ELi2EEENS4_ILS5_4ELi3EEENS4_ILS5_4ELi4EEENS4_ILS5_4ELi5EEENS4_ILS5_4ELi6EEENS4_ILS5_4ELi7EEEEZ4mainE10Flash_dataZ4mainE8Out_regsZ4mainEUt_E14buttons_eventsMUlT_E2_EE10_M_managerERSt9_Any_dataRKSL_St18_Manager_operation
                0x0000000008000662       0x16 build/main.o
 .text._ZNSt14_Function_base13_Base_managerIN4MenuI12HD44780_pinsIN3mcu4Pin_ILNS3_6PeriphE5ELi12EEENS4_ILS5_6ELi2EEENS4_ILS5_4ELi3EEENS4_ILS5_4ELi4EEENS4_ILS5_4ELi5EEENS4_ILS5_4ELi6EEENS4_ILS5_4ELi7EEEEZ4mainE10Flash_dataZ4mainE8Out_regsZ4mainEUt_E14buttons_eventsMUlT_E3_EE10_M_managerERSt9_Any_dataRKSL_St18_Manager_operation
                0x0000000008000678       0x16 build/main.o
 .text._ZNSt14_Function_base13_Base_managerIN4MenuI12HD44780_pinsIN3mcu4Pin_ILNS3_6PeriphE5ELi12EEENS4_ILS5_6ELi2EEENS4_ILS5_4ELi3EEENS4_ILS5_4ELi4EEENS4_ILS5_4ELi5EEENS4_ILS5_4ELi6EEENS4_ILS5_4ELi7EEEEZ4mainE10Flash_dataZ4mainE8Out_regsZ4mainEUt_E14buttons_eventsMUlT_E4_EE10_M_managerERSt9_Any_dataRKSL_St18_Manager_operation
                0x000000000800068e       0x16 build/main.o
 .text._ZNSt14_Function_base13_Base_managerIN4MenuI12HD44780_pinsIN3mcu4Pin_ILNS3_6PeriphE5ELi12EEENS4_ILS5_6ELi2EEENS4_ILS5_4ELi3EEENS4_ILS5_4ELi4EEENS4_ILS5_4ELi5EEENS4_ILS5_4ELi6EEENS4_ILS5_4ELi7EEEEZ4mainE10Flash_dataZ4mainE8Out_regsZ4mainEUt_E11main_screenMUlT_E_EE10_M_managerERSt9_Any_dataRKSL_St18_Manager_operation
                0x00000000080006a4       0x16 build/main.o
 .text._ZNSt14_Function_base13_Base_managerIN4MenuI12HD44780_pinsIN3mcu4Pin_ILNS3_6PeriphE5ELi12EEENS4_ILS5_6ELi2EEENS4_ILS5_4ELi3EEENS4_ILS5_4ELi4EEENS4_ILS5_4ELi5EEENS4_ILS5_4ELi6EEENS4_ILS5_4ELi7EEEEZ4mainE10Flash_dataZ4mainE8Out_regsZ4mainEUt_E11main_screenMUlvE0_EE10_M_managerERSt9_Any_dataRKSK_St18_Manager_operation
                0x00000000080006ba       0x16 build/main.o
 .text._ZNSt14_Function_base13_Base_managerIN4MenuI12HD44780_pinsIN3mcu4Pin_ILNS3_6PeriphE5ELi12EEENS4_ILS5_6ELi2EEENS4_ILS5_4ELi3EEENS4_ILS5_4ELi4EEENS4_ILS5_4ELi5EEENS4_ILS5_4ELi6EEENS4_ILS5_4ELi7EEEEZ4mainE10Flash_dataZ4mainE8Out_regsZ4mainEUt_E11main_selectMUlvE_EE10_M_managerERSt9_Any_dataRKSK_St18_Manager_operation
                0x00000000080006d0       0x16 build/main.o
 .text._ZNSt14_Function_base13_Base_managerIN4MenuI12HD44780_pinsIN3mcu4Pin_ILNS3_6PeriphE5ELi12EEENS4_ILS5_6ELi2EEENS4_ILS5_4ELi3EEENS4_ILS5_4ELi4EEENS4_ILS5_4ELi5EEENS4_ILS5_4ELi6EEENS4_ILS5_4ELi7EEEEZ4mainE10Flash_dataZ4mainE8Out_regsZ4mainEUt_E11main_selectMUlvE0_EE10_M_managerERSt9_Any_dataRKSK_St18_Manager_operation
                0x00000000080006e6       0x16 build/main.o
 .text._ZNSt14_Function_base13_Base_managerIN4MenuI12HD44780_pinsIN3mcu4Pin_ILNS3_6PeriphE5ELi12EEENS4_ILS5_6ELi2EEENS4_ILS5_4ELi3EEENS4_ILS5_4ELi4EEENS4_ILS5_4ELi5EEENS4_ILS5_4ELi6EEENS4_ILS5_4ELi7EEEEZ4mainE10Flash_dataZ4mainE8Out_regsZ4mainEUt_E11main_selectMUlvE1_EE10_M_managerERSt9_Any_dataRKSK_St18_Manager_operation
                0x00000000080006fc       0x16 build/main.o
 .text._ZNSt14_Function_base13_Base_managerIN4MenuI12HD44780_pinsIN3mcu4Pin_ILNS3_6PeriphE5ELi12EEENS4_ILS5_6ELi2EEENS4_ILS5_4ELi3EEENS4_ILS5_4ELi4EEENS4_ILS5_4ELi5EEENS4_ILS5_4ELi6EEENS4_ILS5_4ELi7EEEEZ4mainE10Flash_dataZ4mainE8Out_regsZ4mainEUt_E11main_selectMUlvE2_EE10_M_managerERSt9_Any_dataRKSK_St18_Manager_operation
                0x0000000008000712       0x16 build/main.o
 .text._ZNSt14_Function_base13_Base_managerIN4MenuI12HD44780_pinsIN3mcu4Pin_ILNS3_6PeriphE5ELi12EEENS4_ILS5_6ELi2EEENS4_ILS5_4ELi3EEENS4_ILS5_4ELi4EEENS4_ILS5_4ELi5EEENS4_ILS5_4ELi6EEENS4_ILS5_4ELi7EEEEZ4mainE10Flash_dataZ4mainE8Out_regsZ4mainEUt_E11main_selectMUlvE3_EE10_M_managerERSt9_Any_dataRKSK_St18_Manager_operation
                0x0000000008000728       0x16 build/main.o
 .text._ZNSt14_Function_base13_Base_managerIN4MenuI12HD44780_pinsIN3mcu4Pin_ILNS3_6PeriphE5ELi12EEENS4_ILS5_6ELi2EEENS4_ILS5_4ELi3EEENS4_ILS5_4ELi4EEENS4_ILS5_4ELi5EEENS4_ILS5_4ELi6EEENS4_ILS5_4ELi7EEEEZ4mainE10Flash_dataZ4mainE8Out_regsZ4mainEUt_E12alarm_selectMUlvE_EE10_M_managerERSt9_Any_dataRKSK_St18_Manager_operation
                0x000000000800073e       0x16 build/main.o
 .text._ZNSt14_Function_base13_Base_managerIN4MenuI12HD44780_pinsIN3mcu4Pin_ILNS3_6PeriphE5ELi12EEENS4_ILS5_6ELi2EEENS4_ILS5_4ELi3EEENS4_ILS5_4ELi4EEENS4_ILS5_4ELi5EEENS4_ILS5_4ELi6EEENS4_ILS5_4ELi7EEEEZ4mainE10Flash_dataZ4mainE8Out_regsZ4mainEUt_E12alarm_selectMUlvE0_EE10_M_managerERSt9_Any_dataRKSK_St18_Manager_operation
                0x0000000008000754       0x16 build/main.o
 .text._ZNSt17_Function_handlerIFvvEN4MenuI12HD44780_pinsIN3mcu4Pin_ILNS3_6PeriphE5ELi12EEENS4_ILS5_6ELi2EEENS4_ILS5_4ELi3EEENS4_ILS5_4ELi4EEENS4_ILS5_4ELi5EEENS4_ILS5_4ELi6EEENS4_ILS5_4ELi7EEEEZ4mainE10Flash_dataZ4mainE8Out_regsZ4mainEUt_E12alarm_selectMUlvE1_EE9_M_invokeERKSt9_Any_data
                0x000000000800076a        0x2 build/main.o
 .text._ZNSt14_Function_base13_Base_managerIN4MenuI12HD44780_pinsIN3mcu4Pin_ILNS3_6PeriphE5ELi12EEENS4_ILS5_6ELi2EEENS4_ILS5_4ELi3EEENS4_ILS5_4ELi4EEENS4_ILS5_4ELi5EEENS4_ILS5_4ELi6EEENS4_ILS5_4ELi7EEEEZ4mainE10Flash_dataZ4mainE8Out_regsZ4mainEUt_E12alarm_selectMUlvE1_EE10_M_managerERSt9_Any_dataRKSK_St18_Manager_operation
                0x000000000800076c        0xa build/main.o
 .text._ZNSt14_Function_base13_Base_managerIN4MenuI12HD44780_pinsIN3mcu4Pin_ILNS3_6PeriphE5ELi12EEENS4_ILS5_6ELi2EEENS4_ILS5_4ELi3EEENS4_ILS5_4ELi4EEENS4_ILS5_4ELi5EEENS4_ILS5_4ELi6EEENS4_ILS5_4ELi7EEEEZ4mainE10Flash_dataZ4mainE8Out_regsZ4mainEUt_E12alarm_selectMUlvE2_EE10_M_managerERSt9_Any_dataRKSK_St18_Manager_operation
                0x0000000008000776        0xa build/main.o
 .text._ZNSt14_Function_base13_Base_managerIN4MenuI12HD44780_pinsIN3mcu4Pin_ILNS3_6PeriphE5ELi12EEENS4_ILS5_6ELi2EEENS4_ILS5_4ELi3EEENS4_ILS5_4ELi4EEENS4_ILS5_4ELi5EEENS4_ILS5_4ELi6EEENS4_ILS5_4ELi7EEEEZ4mainE10Flash_dataZ4mainE8Out_regsZ4mainEUt_E16bad_lamps_screenMUlvE_EE10_M_managerERSt9_Any_dataRKSK_St18_Manager_operation
                0x0000000008000780       0x16 build/main.o
 .text._ZNSt14_Function_base13_Base_managerIN4MenuI12HD44780_pinsIN3mcu4Pin_ILNS3_6PeriphE5ELi12EEENS4_ILS5_6ELi2EEENS4_ILS5_4ELi3EEENS4_ILS5_4ELi4EEENS4_ILS5_4ELi5EEENS4_ILS5_4ELi6EEENS4_ILS5_4ELi7EEEEZ4mainE10Flash_dataZ4mainE8Out_regsZ4mainEUt_E11work_selectMUlvE_EE10_M_managerERSt9_Any_dataRKSK_St18_Manager_operation
                0x0000000008000796       0x16 build/main.o
 .text._ZNSt14_Function_base13_Base_managerIN4MenuI12HD44780_pinsIN3mcu4Pin_ILNS3_6PeriphE5ELi12EEENS4_ILS5_6ELi2EEENS4_ILS5_4ELi3EEENS4_ILS5_4ELi4EEENS4_ILS5_4ELi5EEENS4_ILS5_4ELi6EEENS4_ILS5_4ELi7EEEEZ4mainE10Flash_dataZ4mainE8Out_regsZ4mainEUt_E11work_selectMUlvE0_EE10_M_managerERSt9_Any_dataRKSK_St18_Manager_operation
                0x00000000080007ac       0x16 build/main.o
 .text._ZNSt14_Function_base13_Base_managerIN4MenuI12HD44780_pinsIN3mcu4Pin_ILNS3_6PeriphE5ELi12EEENS4_ILS5_6ELi2EEENS4_ILS5_4ELi3EEENS4_ILS5_4ELi4EEENS4_ILS5_4ELi5EEENS4_ILS5_4ELi6EEENS4_ILS5_4ELi7EEEEZ4mainE10Flash_dataZ4mainE8Out_regsZ4mainEUt_E11work_selectMUlvE1_EE10_M_managerERSt9_Any_dataRKSK_St18_Manager_operation
                0x00000000080007c2       0x16 build/main.o
 .text._ZNSt14_Function_base13_Base_managerIN4MenuI12HD44780_pinsIN3mcu4Pin_ILNS3_6PeriphE5ELi12EEENS4_ILS5_6ELi2EEENS4_ILS5_4ELi3EEENS4_ILS5_4ELi4EEENS4_ILS5_4ELi5EEENS4_ILS5_4ELi6EEENS4_ILS5_4ELi7EEEEZ4mainE10Flash_dataZ4mainE8Out_regsZ4mainEUt_E16work_time_screenMUlvE_EE10_M_managerERSt9_Any_dataRKSK_St18_Manager_operation
                0x00000000080007d8       0x16 build/main.o
 .text._ZNSt14_Function_base13_Base_managerIN4MenuI12HD44780_pinsIN3mcu4Pin_ILNS3_6PeriphE5ELi12EEENS4_ILS5_6ELi2EEENS4_ILS5_4ELi3EEENS4_ILS5_4ELi4EEENS4_ILS5_4ELi5EEENS4_ILS5_4ELi6EEENS4_ILS5_4ELi7EEEEZ4mainE10Flash_dataZ4mainE8Out_regsZ4mainEUt_E11reset_n_setMUlvE_EE10_M_managerERSt9_Any_dataRKSK_St18_Manager_operation
                0x00000000080007ee       0x16 build/main.o
 .text._ZNSt14_Function_base13_Base_managerIN4MenuI12HD44780_pinsIN3mcu4Pin_ILNS3_6PeriphE5ELi12EEENS4_ILS5_6ELi2EEENS4_ILS5_4ELi3EEENS4_ILS5_4ELi4EEENS4_ILS5_4ELi5EEENS4_ILS5_4ELi6EEENS4_ILS5_4ELi7EEEEZ4mainE10Flash_dataZ4mainE8Out_regsZ4mainEUt_E11reset_n_setMUlvE0_EE10_M_managerERSt9_Any_dataRKSK_St18_Manager_operation
                0x0000000008000804       0x16 build/main.o
 .text._ZNSt14_Function_base13_Base_managerIN4MenuI12HD44780_pinsIN3mcu4Pin_ILNS3_6PeriphE5ELi12EEENS4_ILS5_6ELi2EEENS4_ILS5_4ELi3EEENS4_ILS5_4ELi4EEENS4_ILS5_4ELi5EEENS4_ILS5_4ELi6EEENS4_ILS5_4ELi7EEEEZ4mainE10Flash_dataZ4mainE8Out_regsZ4mainEUt_E13config_selectMUlvE_EE10_M_managerERSt9_Any_dataRKSK_St18_Manager_operation
                0x000000000800081a       0x16 build/main.o
 .text._ZNSt14_Function_base13_Base_managerIN4MenuI12HD44780_pinsIN3mcu4Pin_ILNS3_6PeriphE5ELi12EEENS4_ILS5_6ELi2EEENS4_ILS5_4ELi3EEENS4_ILS5_4ELi4EEENS4_ILS5_4ELi5EEENS4_ILS5_4ELi6EEENS4_ILS5_4ELi7EEEEZ4mainE10Flash_dataZ4mainE8Out_regsZ4mainEUt_E13config_selectMUlvE0_EE10_M_managerERSt9_Any_dataRKSK_St18_Manager_operation
                0x0000000008000830       0x16 build/main.o
 .text._ZNSt14_Function_base13_Base_managerIN4MenuI12HD44780_pinsIN3mcu4Pin_ILNS3_6PeriphE5ELi12EEENS4_ILS5_6ELi2EEENS4_ILS5_4ELi3EEENS4_ILS5_4ELi4EEENS4_ILS5_4ELi5EEENS4_ILS5_4ELi6EEENS4_ILS5_4ELi7EEEEZ4mainE10Flash_dataZ4mainE8Out_regsZ4mainEUt_E13config_selectMUlvE1_EE10_M_managerERSt9_Any_dataRKSK_St18_Manager_operation
                0x0000000008000846       0x16 build/main.o
 .text._ZNSt14_Function_base13_Base_managerIN4MenuI12HD44780_pinsIN3mcu4Pin_ILNS3_6PeriphE5ELi12EEENS4_ILS5_6ELi2EEENS4_ILS5_4ELi3EEENS4_ILS5_4ELi4EEENS4_ILS5_4ELi5EEENS4_ILS5_4ELi6EEENS4_ILS5_4ELi7EEEEZ4mainE10Flash_dataZ4mainE8Out_regsZ4mainEUt_E13config_selectMUlvE2_EE10_M_managerERSt9_Any_dataRKSK_St18_Manager_operation
                0x000000000800085c       0x16 build/main.o
 .text._ZNSt14_Function_base13_Base_managerIN4MenuI12HD44780_pinsIN3mcu4Pin_ILNS3_6PeriphE5ELi12EEENS4_ILS5_6ELi2EEENS4_ILS5_4ELi3EEENS4_ILS5_4ELi4EEENS4_ILS5_4ELi5EEENS4_ILS5_4ELi6EEENS4_ILS5_4ELi7EEEEZ4mainE10Flash_dataZ4mainE8Out_regsZ4mainEUt_E13config_selectMUlvE3_EE10_M_managerERSt9_Any_dataRKSK_St18_Manager_operation
                0x0000000008000872       0x16 build/main.o
 .text._ZNSt14_Function_base13_Base_managerIN4MenuI12HD44780_pinsIN3mcu4Pin_ILNS3_6PeriphE5ELi12EEENS4_ILS5_6ELi2EEENS4_ILS5_4ELi3EEENS4_ILS5_4ELi4EEENS4_ILS5_4ELi5EEENS4_ILS5_4ELi6EEENS4_ILS5_4ELi7EEEEZ4mainE10Flash_dataZ4mainE8Out_regsZ4mainEUt_E13config_screenMUlvE_EE10_M_managerERSt9_Any_dataRKSK_St18_Manager_operation
                0x0000000008000888       0x16 build/main.o
 .text._ZNSt14_Function_base13_Base_managerIN4MenuI12HD44780_pinsIN3mcu4Pin_ILNS3_6PeriphE5ELi12EEENS4_ILS5_6ELi2EEENS4_ILS5_4ELi3EEENS4_ILS5_4ELi4EEENS4_ILS5_4ELi5EEENS4_ILS5_4ELi6EEENS4_ILS5_4ELi7EEEEZ4mainE10Flash_dataZ4mainE8Out_regsZ4mainEUt_E10min_UV_setMUlvE_EE10_M_managerERSt9_Any_dataRKSK_St18_Manager_operation
                0x000000000800089e       0x16 build/main.o
 .text._ZNSt14_Function_base13_Base_managerIN4MenuI12HD44780_pinsIN3mcu4Pin_ILNS3_6PeriphE5ELi12EEENS4_ILS5_6ELi2EEENS4_ILS5_4ELi3EEENS4_ILS5_4ELi4EEENS4_ILS5_4ELi5EEENS4_ILS5_4ELi6EEENS4_ILS5_4ELi7EEEEZ4mainE10Flash_dataZ4mainE8Out_regsZ4mainEUt_E13modbus_selectMUlvE_EE10_M_managerERSt9_Any_dataRKSK_St18_Manager_operation
                0x00000000080008b4       0x16 build/main.o
 .text._ZNSt14_Function_base13_Base_managerIN4MenuI12HD44780_pinsIN3mcu4Pin_ILNS3_6PeriphE5ELi12EEENS4_ILS5_6ELi2EEENS4_ILS5_4ELi3EEENS4_ILS5_4ELi4EEENS4_ILS5_4ELi5EEENS4_ILS5_4ELi6EEENS4_ILS5_4ELi7EEEEZ4mainE10Flash_dataZ4mainE8Out_regsZ4mainEUt_E13modbus_selectMUlvE0_EE10_M_managerERSt9_Any_dataRKSK_St18_Manager_operation
                0x00000000080008ca       0x16 build/main.o
 .text._ZNSt14_Function_base13_Base_managerIN4MenuI12HD44780_pinsIN3mcu4Pin_ILNS3_6PeriphE5ELi12EEENS4_ILS5_6ELi2EEENS4_ILS5_4ELi3EEENS4_ILS5_4ELi4EEENS4_ILS5_4ELi5EEENS4_ILS5_4ELi6EEENS4_ILS5_4ELi7EEEEZ4mainE10Flash_dataZ4mainE8Out_regsZ4mainEUt_E13modbus_selectMUlvE1_EE10_M_managerERSt9_Any_dataRKSK_St18_Manager_operation
                0x00000000080008e0       0x16 build/main.o
 .text._ZNSt14_Function_base13_Base_managerIN4MenuI12HD44780_pinsIN3mcu4Pin_ILNS3_6PeriphE5ELi12EEENS4_ILS5_6ELi2EEENS4_ILS5_4ELi3EEENS4_ILS5_4ELi4EEENS4_ILS5_4ELi5EEENS4_ILS5_4ELi6EEENS4_ILS5_4ELi7EEEEZ4mainE10Flash_dataZ4mainE8Out_regsZ4mainEUt_E13modbus_selectMUlvE2_EE10_M_managerERSt9_Any_dataRKSK_St18_Manager_operation
                0x00000000080008f6       0x16 build/main.o
 .text._ZNSt14_Function_base13_Base_managerIN4MenuI12HD44780_pinsIN3mcu4Pin_ILNS3_6PeriphE5ELi12EEENS4_ILS5_6ELi2EEENS4_ILS5_4ELi3EEENS4_ILS5_4ELi4EEENS4_ILS5_4ELi5EEENS4_ILS5_4ELi6EEENS4_ILS5_4ELi7EEEEZ4mainE10Flash_dataZ4mainE8Out_regsZ4mainEUt_E13modbus_selectMUlvE3_EE10_M_managerERSt9_Any_dataRKSK_St18_Manager_operation
                0x000000000800090c       0x16 build/main.o
 .text._ZNSt14_Function_base13_Base_managerIN4MenuI12HD44780_pinsIN3mcu4Pin_ILNS3_6PeriphE5ELi12EEENS4_ILS5_6ELi2EEENS4_ILS5_4ELi3EEENS4_ILS5_4ELi4EEENS4_ILS5_4ELi5EEENS4_ILS5_4ELi6EEENS4_ILS5_4ELi7EEEEZ4mainE10Flash_dataZ4mainE8Out_regsZ4mainEUt_E13modbus_selectMUlvE4_EE10_M_managerERSt9_Any_dataRKSK_St18_Manager_operation
                0x0000000008000922       0x16 build/main.o
 .text._ZNSt14_Function_base13_Base_managerIN4MenuI12HD44780_pinsIN3mcu4Pin_ILNS3_6PeriphE5ELi12EEENS4_ILS5_6ELi2EEENS4_ILS5_4ELi3EEENS4_ILS5_4ELi4EEENS4_ILS5_4ELi5EEENS4_ILS5_4ELi6EEENS4_ILS5_4ELi7EEEEZ4mainE10Flash_dataZ4mainE8Out_regsZ4mainEUt_E11address_setMUlvE_EE10_M_managerERSt9_Any_dataRKSK_St18_Manager_operation
                0x0000000008000938       0x16 build/main.o
 .text._ZNSt14_Function_base13_Base_managerIN4MenuI12HD44780_pinsIN3mcu4Pin_ILNS3_6PeriphE5ELi12EEENS4_ILS5_6ELi2EEENS4_ILS5_4ELi3EEENS4_ILS5_4ELi4EEENS4_ILS5_4ELi5EEENS4_ILS5_4ELi6EEENS4_ILS5_4ELi7EEEEZ4mainE10Flash_dataZ4mainE8Out_regsZ4mainEUt_E12boudrate_setMUlvE_EE10_M_managerERSt9_Any_dataRKSK_St18_Manager_operation
                0x000000000800094e       0x16 build/main.o
 .text._ZNSt14_Function_base13_Base_managerIN4MenuI12HD44780_pinsIN3mcu4Pin_ILNS3_6PeriphE5ELi12EEENS4_ILS5_6ELi2EEENS4_ILS5_4ELi3EEENS4_ILS5_4ELi4EEENS4_ILS5_4ELi5EEENS4_ILS5_4ELi6EEENS4_ILS5_4ELi7EEEEZ4mainE10Flash_dataZ4mainE8Out_regsZ4mainEUt_E12boudrate_setMUlvE0_EE10_M_managerERSt9_Any_dataRKSK_St18_Manager_operation
                0x0000000008000964       0x16 build/main.o
 .text._ZNSt14_Function_base13_Base_managerIN4MenuI12HD44780_pinsIN3mcu4Pin_ILNS3_6PeriphE5ELi12EEENS4_ILS5_6ELi2EEENS4_ILS5_4ELi3EEENS4_ILS5_4ELi4EEENS4_ILS5_4ELi5EEENS4_ILS5_4ELi6EEENS4_ILS5_4ELi7EEEEZ4mainE10Flash_dataZ4mainE8Out_regsZ4mainEUt_E13parity_en_setMUlvE_EE10_M_managerERSt9_Any_dataRKSK_St18_Manager_operation
                0x000000000800097a       0x16 build/main.o
 .text._ZNSt14_Function_base13_Base_managerIN4MenuI12HD44780_pinsIN3mcu4Pin_ILNS3_6PeriphE5ELi12EEENS4_ILS5_6ELi2EEENS4_ILS5_4ELi3EEENS4_ILS5_4ELi4EEENS4_ILS5_4ELi5EEENS4_ILS5_4ELi6EEENS4_ILS5_4ELi7EEEEZ4mainE10Flash_dataZ4mainE8Out_regsZ4mainEUt_E13parity_en_setMUlvE0_EE10_M_managerERSt9_Any_dataRKSK_St18_Manager_operation
                0x0000000008000990       0x16 build/main.o
 .text._ZNSt14_Function_base13_Base_managerIN4MenuI12HD44780_pinsIN3mcu4Pin_ILNS3_6PeriphE5ELi12EEENS4_ILS5_6ELi2EEENS4_ILS5_4ELi3EEENS4_ILS5_4ELi4EEENS4_ILS5_4ELi5EEENS4_ILS5_4ELi6EEENS4_ILS5_4ELi7EEEEZ4mainE10Flash_dataZ4mainE8Out_regsZ4mainEUt_E10parity_setMUlvE_EE10_M_managerERSt9_Any_dataRKSK_St18_Manager_operation
                0x00000000080009a6       0x16 build/main.o
 .text._ZNSt14_Function_base13_Base_managerIN4MenuI12HD44780_pinsIN3mcu4Pin_ILNS3_6PeriphE5ELi12EEENS4_ILS5_6ELi2EEENS4_ILS5_4ELi3EEENS4_ILS5_4ELi4EEENS4_ILS5_4ELi5EEENS4_ILS5_4ELi6EEENS4_ILS5_4ELi7EEEEZ4mainE10Flash_dataZ4mainE8Out_regsZ4mainEUt_E10parity_setMUlvE0_EE10_M_managerERSt9_Any_dataRKSK_St18_Manager_operation
                0x00000000080009bc       0x16 build/main.o
 .text._ZNSt14_Function_base13_Base_managerIN4MenuI12HD44780_pinsIN3mcu4Pin_ILNS3_6PeriphE5ELi12EEENS4_ILS5_6ELi2EEENS4_ILS5_4ELi3EEENS4_ILS5_4ELi4EEENS4_ILS5_4ELi5EEENS4_ILS5_4ELi6EEENS4_ILS5_4ELi7EEEEZ4mainE10Flash_dataZ4mainE8Out_regsZ4mainEUt_E13stop_bits_setMUlvE_EE10_M_managerERSt9_Any_dataRKSK_St18_Manager_operation
                0x00000000080009d2       0x16 build/main.o
 .text._ZNSt14_Function_base13_Base_managerIN4MenuI12HD44780_pinsIN3mcu4Pin_ILNS3_6PeriphE5ELi12EEENS4_ILS5_6ELi2EEENS4_ILS5_4ELi3EEENS4_ILS5_4ELi4EEENS4_ILS5_4ELi5EEENS4_ILS5_4ELi6EEENS4_ILS5_4ELi7EEEEZ4mainE10Flash_dataZ4mainE8Out_regsZ4mainEUt_E13stop_bits_setMUlvE0_EE10_M_managerERSt9_Any_dataRKSK_St18_Manager_operation
                0x00000000080009e8       0x16 build/main.o
 .text._ZNSt14_Function_base13_Base_managerIN4MenuI12HD44780_pinsIN3mcu4Pin_ILNS3_6PeriphE5ELi12EEENS4_ILS5_6ELi2EEENS4_ILS5_4ELi3EEENS4_ILS5_4ELi4EEENS4_ILS5_4ELi5EEENS4_ILS5_4ELi6EEENS4_ILS5_4ELi7EEEEZ4mainE10Flash_dataZ4mainE8Out_regsZ4mainEUt_E15password_screenMUlvE_EE10_M_managerERSt9_Any_dataRKSK_St18_Manager_operation
                0x00000000080009fe       0x16 build/main.o
 .text._ZNSt14_Function_base13_Base_managerIN4MenuI12HD44780_pinsIN3mcu4Pin_ILNS3_6PeriphE5ELi12EEENS4_ILS5_6ELi2EEENS4_ILS5_4ELi3EEENS4_ILS5_4ELi4EEENS4_ILS5_4ELi5EEENS4_ILS5_4ELi6EEENS4_ILS5_4ELi7EEEEZ4mainE10Flash_dataZ4mainE8Out_regsZ4mainEUt_E15password_screenMUliE0_EE10_M_managerERSt9_Any_dataRKSK_St18_Manager_operation
                0x0000000008000a14       0x16 build/main.o
 .text._ZNSt14_Function_base13_Base_managerIN4MenuI12HD44780_pinsIN3mcu4Pin_ILNS3_6PeriphE5ELi12EEENS4_ILS5_6ELi2EEENS4_ILS5_4ELi3EEENS4_ILS5_4ELi4EEENS4_ILS5_4ELi5EEENS4_ILS5_4ELi6EEENS4_ILS5_4ELi7EEEEZ4mainE10Flash_dataZ4mainE8Out_regsZ4mainEUt_E11tech_selectMUlvE_EE10_M_managerERSt9_Any_dataRKSK_St18_Manager_operation
                0x0000000008000a2a       0x16 build/main.o
 .text._ZNSt14_Function_base13_Base_managerIN4MenuI12HD44780_pinsIN3mcu4Pin_ILNS3_6PeriphE5ELi12EEENS4_ILS5_6ELi2EEENS4_ILS5_4ELi3EEENS4_ILS5_4ELi4EEENS4_ILS5_4ELi5EEENS4_ILS5_4ELi6EEENS4_ILS5_4ELi7EEEEZ4mainE10Flash_dataZ4mainE8Out_regsZ4mainEUt_E11tech_selectMUlvE0_EE10_M_managerERSt9_Any_dataRKSK_St18_Manager_operation
                0x0000000008000a40       0x16 build/main.o
 .text._ZNSt14_Function_base13_Base_managerIN4MenuI12HD44780_pinsIN3mcu4Pin_ILNS3_6PeriphE5ELi12EEENS4_ILS5_6ELi2EEENS4_ILS5_4ELi3EEENS4_ILS5_4ELi4EEENS4_ILS5_4ELi5EEENS4_ILS5_4ELi6EEENS4_ILS5_4ELi7EEEEZ4mainE10Flash_dataZ4mainE8Out_regsZ4mainEUt_E11tech_selectMUlvE1_EE10_M_managerERSt9_Any_dataRKSK_St18_Manager_operation
                0x0000000008000a56       0x16 build/main.o
 .text._ZNSt14_Function_base13_Base_managerIN4MenuI12HD44780_pinsIN3mcu4Pin_ILNS3_6PeriphE5ELi12EEENS4_ILS5_6ELi2EEENS4_ILS5_4ELi3EEENS4_ILS5_4ELi4EEENS4_ILS5_4ELi5EEENS4_ILS5_4ELi6EEENS4_ILS5_4ELi7EEEEZ4mainE10Flash_dataZ4mainE8Out_regsZ4mainEUt_E11tech_selectMUlvE2_EE10_M_managerERSt9_Any_dataRKSK_St18_Manager_operation
                0x0000000008000a6c       0x16 build/main.o
 .text._ZNSt14_Function_base13_Base_managerIN4MenuI12HD44780_pinsIN3mcu4Pin_ILNS3_6PeriphE5ELi12EEENS4_ILS5_6ELi2EEENS4_ILS5_4ELi3EEENS4_ILS5_4ELi4EEENS4_ILS5_4ELi5EEENS4_ILS5_4ELi6EEENS4_ILS5_4ELi7EEEEZ4mainE10Flash_dataZ4mainE8Out_regsZ4mainEUt_E11tech_selectMUlvE3_EE10_M_managerERSt9_Any_dataRKSK_St18_Manager_operation
                0x0000000008000a82       0x16 build/main.o
 .text._ZNSt14_Function_base13_Base_managerIN4MenuI12HD44780_pinsIN3mcu4Pin_ILNS3_6PeriphE5ELi12EEENS4_ILS5_6ELi2EEENS4_ILS5_4ELi3EEENS4_ILS5_4ELi4EEENS4_ILS5_4ELi5EEENS4_ILS5_4ELi6EEENS4_ILS5_4ELi7EEEEZ4mainE10Flash_dataZ4mainE8Out_regsZ4mainEUt_E11tech_selectMUlvE4_EE10_M_managerERSt9_Any_dataRKSK_St18_Manager_operation
                0x0000000008000a98       0x16 build/main.o
 .text._ZNSt14_Function_base13_Base_managerIN4MenuI12HD44780_pinsIN3mcu4Pin_ILNS3_6PeriphE5ELi12EEENS4_ILS5_6ELi2EEENS4_ILS5_4ELi3EEENS4_ILS5_4ELi4EEENS4_ILS5_4ELi5EEENS4_ILS5_4ELi6EEENS4_ILS5_4ELi7EEEEZ4mainE10Flash_dataZ4mainE8Out_regsZ4mainEUt_E11tech_selectMUlvE5_EE10_M_managerERSt9_Any_dataRKSK_St18_Manager_operation
                0x0000000008000aae       0x16 build/main.o
 .text._ZNSt14_Function_base13_Base_managerIN4MenuI12HD44780_pinsIN3mcu4Pin_ILNS3_6PeriphE5ELi12EEENS4_ILS5_6ELi2EEENS4_ILS5_4ELi3EEENS4_ILS5_4ELi4EEENS4_ILS5_4ELi5EEENS4_ILS5_4ELi6EEENS4_ILS5_4ELi7EEEEZ4mainE10Flash_dataZ4mainE8Out_regsZ4mainEUt_E11tech_selectMUlvE6_EE10_M_managerERSt9_Any_dataRKSK_St18_Manager_operation
                0x0000000008000ac4       0x16 build/main.o
 .text._ZNSt14_Function_base13_Base_managerIN4MenuI12HD44780_pinsIN3mcu4Pin_ILNS3_6PeriphE5ELi12EEENS4_ILS5_6ELi2EEENS4_ILS5_4ELi3EEENS4_ILS5_4ELi4EEENS4_ILS5_4ELi5EEENS4_ILS5_4ELi6EEENS4_ILS5_4ELi7EEEEZ4mainE10Flash_dataZ4mainE8Out_regsZ4mainEUt_E11tech_selectMUlvE7_EE10_M_managerERSt9_Any_dataRKSK_St18_Manager_operation
                0x0000000008000ada       0x16 build/main.o
 .text._ZNSt14_Function_base13_Base_managerIN4MenuI12HD44780_pinsIN3mcu4Pin_ILNS3_6PeriphE5ELi12EEENS4_ILS5_6ELi2EEENS4_ILS5_4ELi3EEENS4_ILS5_4ELi4EEENS4_ILS5_4ELi5EEENS4_ILS5_4ELi6EEENS4_ILS5_4ELi7EEEEZ4mainE10Flash_dataZ4mainE8Out_regsZ4mainEUt_E11tech_selectMUlvE8_EE10_M_managerERSt9_Any_dataRKSK_St18_Manager_operation
                0x0000000008000af0       0x16 build/main.o
 .text._ZNSt14_Function_base13_Base_managerIN4MenuI12HD44780_pinsIN3mcu4Pin_ILNS3_6PeriphE5ELi12EEENS4_ILS5_6ELi2EEENS4_ILS5_4ELi3EEENS4_ILS5_4ELi4EEENS4_ILS5_4ELi5EEENS4_ILS5_4ELi6EEENS4_ILS5_4ELi7EEEEZ4mainE10Flash_dataZ4mainE8Out_regsZ4mainEUt_E8name_setMUlvE_EE10_M_managerERSt9_Any_dataRKSK_St18_Manager_operation
                0x0000000008000b06       0x16 build/main.o
 .text._ZNSt14_Function_base13_Base_managerIN4MenuI12HD44780_pinsIN3mcu4Pin_ILNS3_6PeriphE5ELi12EEENS4_ILS5_6ELi2EEENS4_ILS5_4ELi3EEENS4_ILS5_4ELi4EEENS4_ILS5_4ELi5EEENS4_ILS5_4ELi6EEENS4_ILS5_4ELi7EEEEZ4mainE10Flash_dataZ4mainE8Out_regsZ4mainEUt_E10max_uv_setMUlvE_EE10_M_managerERSt9_Any_dataRKSK_St18_Manager_operation
                0x0000000008000b1c       0x16 build/main.o
 .text._ZNSt14_Function_base13_Base_managerIN4MenuI12HD44780_pinsIN3mcu4Pin_ILNS3_6PeriphE5ELi12EEENS4_ILS5_6ELi2EEENS4_ILS5_4ELi3EEENS4_ILS5_4ELi4EEENS4_ILS5_4ELi5EEENS4_ILS5_4ELi6EEENS4_ILS5_4ELi7EEEEZ4mainE10Flash_dataZ4mainE8Out_regsZ4mainEUt_E12max_uv_resetMUlvE_EE10_M_managerERSt9_Any_dataRKSK_St18_Manager_operation
                0x0000000008000b32       0x16 build/main.o
 .text._ZNSt14_Function_base13_Base_managerIN4MenuI12HD44780_pinsIN3mcu4Pin_ILNS3_6PeriphE5ELi12EEENS4_ILS5_6ELi2EEENS4_ILS5_4ELi3EEENS4_ILS5_4ELi4EEENS4_ILS5_4ELi5EEENS4_ILS5_4ELi6EEENS4_ILS5_4ELi7EEEEZ4mainE10Flash_dataZ4mainE8Out_regsZ4mainEUt_E12max_uv_resetMUlvE0_EE10_M_managerERSt9_Any_dataRKSK_St18_Manager_operation
                0x0000000008000b48       0x16 build/main.o
 .text._ZNSt14_Function_base13_Base_managerIN4MenuI12HD44780_pinsIN3mcu4Pin_ILNS3_6PeriphE5ELi12EEENS4_ILS5_6ELi2EEENS4_ILS5_4ELi3EEENS4_ILS5_4ELi4EEENS4_ILS5_4ELi5EEENS4_ILS5_4ELi6EEENS4_ILS5_4ELi7EEEEZ4mainE10Flash_dataZ4mainE8Out_regsZ4mainEUt_E13qty_lamps_setMUlvE_EE10_M_managerERSt9_Any_dataRKSK_St18_Manager_operation
                0x0000000008000b5e       0x16 build/main.o
 .text._ZNSt14_Function_base13_Base_managerIN4MenuI12HD44780_pinsIN3mcu4Pin_ILNS3_6PeriphE5ELi12EEENS4_ILS5_6ELi2EEENS4_ILS5_4ELi3EEENS4_ILS5_4ELi4EEENS4_ILS5_4ELi5EEENS4_ILS5_4ELi6EEENS4_ILS5_4ELi7EEEEZ4mainE10Flash_dataZ4mainE8Out_regsZ4mainEUt_E13qty_lamps_setMUlvE0_EE10_M_managerERSt9_Any_dataRKSK_St18_Manager_operation
                0x0000000008000b74       0x16 build/main.o
 .text._ZNSt14_Function_base13_Base_managerIN4MenuI12HD44780_pinsIN3mcu4Pin_ILNS3_6PeriphE5ELi12EEENS4_ILS5_6ELi2EEENS4_ILS5_4ELi3EEENS4_ILS5_4ELi4EEENS4_ILS5_4ELi5EEENS4_ILS5_4ELi6EEENS4_ILS5_4ELi7EEEEZ4mainE10Flash_dataZ4mainE8Out_regsZ4mainEUt_E12max_temp_setMUlvE_EE10_M_managerERSt9_Any_dataRKSK_St18_Manager_operation
                0x0000000008000b8a       0x16 build/main.o
 .text._ZNSt14_Function_base13_Base_managerIN4MenuI12HD44780_pinsIN3mcu4Pin_ILNS3_6PeriphE5ELi12EEENS4_ILS5_6ELi2EEENS4_ILS5_4ELi3EEENS4_ILS5_4ELi4EEENS4_ILS5_4ELi5EEENS4_ILS5_4ELi6EEENS4_ILS5_4ELi7EEEEZ4mainE10Flash_dataZ4mainE8Out_regsZ4mainEUt_E17recovery_temp_setMUlvE_EE10_M_managerERSt9_Any_dataRKSK_St18_Manager_operation
                0x0000000008000ba0       0x16 build/main.o
 .text._ZNSt14_Function_base13_Base_managerIN4MenuI12HD44780_pinsIN3mcu4Pin_ILNS3_6PeriphE5ELi12EEENS4_ILS5_6ELi2EEENS4_ILS5_4ELi3EEENS4_ILS5_4ELi4EEENS4_ILS5_4ELi5EEENS4_ILS5_4ELi6EEENS4_ILS5_4ELi7EEEEZ4mainE10Flash_dataZ4mainE8Out_regsZ4mainEUt_E10low_uv_setMUlvE_EE10_M_managerERSt9_Any_dataRKSK_St18_Manager_operation
                0x0000000008000bb6       0x16 build/main.o
 .text._ZNSt14_Function_base13_Base_managerIN4MenuI12HD44780_pinsIN3mcu4Pin_ILNS3_6PeriphE5ELi12EEENS4_ILS5_6ELi2EEENS4_ILS5_4ELi3EEENS4_ILS5_4ELi4EEENS4_ILS5_4ELi5EEENS4_ILS5_4ELi6EEENS4_ILS5_4ELi7EEEEZ4mainE10Flash_dataZ4mainE8Out_regsZ4mainEUt_E9log_resetMUlvE_EE10_M_managerERSt9_Any_dataRKSK_St18_Manager_operation
                0x0000000008000bcc       0x16 build/main.o
 .text._ZNSt14_Function_base13_Base_managerIN4MenuI12HD44780_pinsIN3mcu4Pin_ILNS3_6PeriphE5ELi12EEENS4_ILS5_6ELi2EEENS4_ILS5_4ELi3EEENS4_ILS5_4ELi4EEENS4_ILS5_4ELi5EEENS4_ILS5_4ELi6EEENS4_ILS5_4ELi7EEEEZ4mainE10Flash_dataZ4mainE8Out_regsZ4mainEUt_E9log_resetMUlvE0_EE10_M_managerERSt9_Any_dataRKSK_St18_Manager_operation
                0x0000000008000be2       0x16 build/main.o
 .text._ZNSt14_Function_base13_Base_managerIN4MenuI12HD44780_pinsIN3mcu4Pin_ILNS3_6PeriphE5ELi12EEENS4_ILS5_6ELi2EEENS4_ILS5_4ELi3EEENS4_ILS5_4ELi4EEENS4_ILS5_4ELi5EEENS4_ILS5_4ELi6EEENS4_ILS5_4ELi7EEEEZ4mainE10Flash_dataZ4mainE8Out_regsZ4mainEUt_E13sens_temp_setMUlvE_EE10_M_managerERSt9_Any_dataRKSK_St18_Manager_operation
                0x0000000008000bf8       0x16 build/main.o
 .text._ZNSt14_Function_base13_Base_managerIN4MenuI12HD44780_pinsIN3mcu4Pin_ILNS3_6PeriphE5ELi12EEENS4_ILS5_6ELi2EEENS4_ILS5_4ELi3EEENS4_ILS5_4ELi4EEENS4_ILS5_4ELi5EEENS4_ILS5_4ELi6EEENS4_ILS5_4ELi7EEEEZ4mainE10Flash_dataZ4mainE8Out_regsZ4mainEUt_E13sens_temp_setMUlvE0_EE10_M_managerERSt9_Any_dataRKSK_St18_Manager_operation
                0x0000000008000c0e       0x16 build/main.o
 .text._ZNSt14_Function_base13_Base_managerIN4MenuI12HD44780_pinsIN3mcu4Pin_ILNS3_6PeriphE5ELi12EEENS4_ILS5_6ELi2EEENS4_ILS5_4ELi3EEENS4_ILS5_4ELi4EEENS4_ILS5_4ELi5EEENS4_ILS5_4ELi6EEENS4_ILS5_4ELi7EEEEZ4mainE10Flash_dataZ4mainE8Out_regsZ4mainEUt_E11sens_uv_setMUlvE_EE10_M_managerERSt9_Any_dataRKSK_St18_Manager_operation
                0x0000000008000c24       0x16 build/main.o
 .text._ZNSt14_Function_base13_Base_managerIN4MenuI12HD44780_pinsIN3mcu4Pin_ILNS3_6PeriphE5ELi12EEENS4_ILS5_6ELi2EEENS4_ILS5_4ELi3EEENS4_ILS5_4ELi4EEENS4_ILS5_4ELi5EEENS4_ILS5_4ELi6EEENS4_ILS5_4ELi7EEEEZ4mainE10Flash_dataZ4mainE8Out_regsZ4mainEUt_E11sens_uv_setMUlvE0_EE10_M_managerERSt9_Any_dataRKSK_St18_Manager_operation
                0x0000000008000c3a       0x16 build/main.o
 .text._ZNSt14_Function_base13_Base_managerIN4MenuI12HD44780_pinsIN3mcu4Pin_ILNS3_6PeriphE5ELi12EEENS4_ILS5_6ELi2EEENS4_ILS5_4ELi3EEENS4_ILS5_4ELi4EEENS4_ILS5_4ELi5EEENS4_ILS5_4ELi6EEENS4_ILS5_4ELi7EEEEZ4mainE10Flash_dataZ4mainE8Out_regsZ4mainEUt_E10log_screenMUlvE_EE10_M_managerERSt9_Any_dataRKSK_St18_Manager_operation
                0x0000000008000c50       0x16 build/main.o
 .text._ZNSt14_Function_base13_Base_managerIZ4mainEUlbE3_E10_M_managerERSt9_Any_dataRKS3_St18_Manager_operation
                0x0000000008000c66       0x16 build/main.o
 .text._ZNSt14_Function_base13_Base_managerIZ4mainEUlbE4_E10_M_managerERSt9_Any_dataRKS3_St18_Manager_operation
                0x0000000008000c7c       0x16 build/main.o
 .text._ZN13Modbus_masterILj28EE6notifyEv
                0x0000000008000c92        0xa build/main.o
                0x0000000008000c92                Modbus_master<28u>::notify()
 .text._ZN8RegisterILh11EL15Modbus_function16ELt14EtE7get_crcEv
                0x0000000008000c9c        0x8 build/main.o
                0x0000000008000c9c                Register<(unsigned char)11, (Modbus_function)16, (unsigned short)14, unsigned short>::get_crc()
 .text._ZN8RegisterILh11EL15Modbus_function16ELt13EtE7get_crcEv
                0x0000000008000ca4        0x8 build/main.o
                0x0000000008000ca4                Register<(unsigned char)11, (Modbus_function)16, (unsigned short)13, unsigned short>::get_crc()
 .text._ZN8RegisterILh16EL15Modbus_function16ELt15EtE7get_crcEv
                0x0000000008000cac        0x8 build/main.o
                0x0000000008000cac                Register<(unsigned char)16, (Modbus_function)16, (unsigned short)15, unsigned short>::get_crc()
 .text._ZN8RegisterILh15EL15Modbus_function16ELt15EtE7get_crcEv
                0x0000000008000cb4        0x8 build/main.o
                0x0000000008000cb4                Register<(unsigned char)15, (Modbus_function)16, (unsigned short)15, unsigned short>::get_crc()
 .text._ZN8RegisterILh14EL15Modbus_function16ELt15EtE7get_crcEv
                0x0000000008000cbc        0x8 build/main.o
                0x0000000008000cbc                Register<(unsigned char)14, (Modbus_function)16, (unsigned short)15, unsigned short>::get_crc()
 .text._ZN8RegisterILh13EL15Modbus_function16ELt15EtE7get_crcEv
                0x0000000008000cc4        0x8 build/main.o
                0x0000000008000cc4                Register<(unsigned char)13, (Modbus_function)16, (unsigned short)15, unsigned short>::get_crc()
 .text._ZN8RegisterILh12EL15Modbus_function16ELt15EtE7get_crcEv
                0x0000000008000ccc        0x8 build/main.o
                0x0000000008000ccc                Register<(unsigned char)12, (Modbus_function)16, (unsigned short)15, unsigned short>::get_crc()
 .text._ZN8RegisterILh11EL15Modbus_function16ELt15EtE7get_crcEv
                0x0000000008000cd4        0x8 build/main.o
                0x0000000008000cd4                Register<(unsigned char)11, (Modbus_function)16, (unsigned short)15, unsigned short>::get_crc()
 .text._ZN8RegisterILh16EL15Modbus_function16ELt0EtE7get_crcEv
                0x0000000008000cdc        0x8 build/main.o
                0x0000000008000cdc                Register<(unsigned char)16, (Modbus_function)16, (unsigned short)0, unsigned short>::get_crc()
 .text._ZN8RegisterILh15EL15Modbus_function16ELt0EtE7get_crcEv
                0x0000000008000ce4        0x8 build/main.o
                0x0000000008000ce4                Register<(unsigned char)15, (Modbus_function)16, (unsigned short)0, unsigned short>::get_crc()
 .text._ZN8RegisterILh14EL15Modbus_function16ELt0EtE7get_crcEv
                0x0000000008000cec        0x8 build/main.o
                0x0000000008000cec                Register<(unsigned char)14, (Modbus_function)16, (unsigned short)0, unsigned short>::get_crc()
 .text._ZN8RegisterILh13EL15Modbus_function16ELt0EtE7get_crcEv
                0x0000000008000cf4        0x8 build/main.o
                0x0000000008000cf4                Register<(unsigned char)13, (Modbus_function)16, (unsigned short)0, unsigned short>::get_crc()
 .text._ZN8RegisterILh12EL15Modbus_function16ELt0EtE7get_crcEv
                0x0000000008000cfc        0x8 build/main.o
                0x0000000008000cfc                Register<(unsigned char)12, (Modbus_function)16, (unsigned short)0, unsigned short>::get_crc()
 .text._ZN8RegisterILh11EL15Modbus_function16ELt0EtE7get_crcEv
                0x0000000008000d04        0x8 build/main.o
                0x0000000008000d04                Register<(unsigned char)11, (Modbus_function)16, (unsigned short)0, unsigned short>::get_crc()
 .text._ZN12Modbus_slaveIZ4mainE7In_regsZ4mainE8Out_regsLj2EE6notifyEv
                0x0000000008000d0c        0x8 build/main.o
 .text._ZN10Set_screenIiXadL_Z15exist_to_stringiEEE4drawEv
                0x0000000008000d14        0x2 build/main.o
                0x0000000008000d14                Set_screen<int, &(exist_to_string(int))>::draw()
 .text._ZN10Set_screenIiXadL_Z17confirm_to_stringiEEE4drawEv
                0x0000000008000d16        0x2 build/main.o
                0x0000000008000d16                Set_screen<int, &(confirm_to_string(int))>::draw()
 .text._ZN10Set_screenItXadL_Z14null_to_stringiEEE4drawEv
                0x0000000008000d18        0x2 build/main.o
                0x0000000008000d18                Set_screen<unsigned short, &(null_to_string(int))>::draw()
 .text._ZN10Set_screenIhXadL_Z15model_to_stringiEEE4drawEv
                0x0000000008000d1a        0x2 build/main.o
                0x0000000008000d1a                Set_screen<unsigned char, &(model_to_string(int))>::draw()
 .text._ZN13Select_screenILi9EE4drawEv
                0x0000000008000d1c        0x2 build/main.o
                0x0000000008000d1c                Select_screen<9>::draw()
 .text._ZN10Set_screenIhXadL_Z16parity_to_stringiEEE4drawEv
                0x0000000008000d1e        0x2 build/main.o
                0x0000000008000d1e                Set_screen<unsigned char, &(parity_to_string(int))>::draw()
 .text._ZN10Set_screenIhXadL_Z15exist_to_stringiEEE4drawEv
                0x0000000008000d20        0x2 build/main.o
                0x0000000008000d20                Set_screen<unsigned char, &(exist_to_string(int))>::draw()
 .text._ZN10Set_screenIhXadL_Z18boudrate_to_stringiEEE4drawEv
                0x0000000008000d22        0x2 build/main.o
                0x0000000008000d22                Set_screen<unsigned char, &(boudrate_to_string(int))>::draw()
 .text._ZN13Select_screenILi5EE4drawEv
                0x0000000008000d24        0x2 build/main.o
                0x0000000008000d24                Select_screen<5>::draw()
 .text._ZN10Set_screenIhXadL_Z14null_to_stringiEEE4drawEv
                0x0000000008000d26        0x2 build/main.o
                0x0000000008000d26                Set_screen<unsigned char, &(null_to_string(int))>::draw()
 .text._ZN10Set_screenIiXadL_Z14null_to_stringiEEE4drawEv
                0x0000000008000d28        0x2 build/main.o
                0x0000000008000d28                Set_screen<int, &(null_to_string(int))>::draw()
 .text._ZN13Select_screenILi2EE4drawEv
                0x0000000008000d2a        0x2 build/main.o
                0x0000000008000d2a                Select_screen<2>::draw()
 .text._ZN13Select_screenILi3EE4drawEv
                0x0000000008000d2c        0x2 build/main.o
                0x0000000008000d2c                Select_screen<3>::draw()
 .text._ZN13Select_screenILi4EE4drawEv
                0x0000000008000d2e        0x2 build/main.o
                0x0000000008000d2e                Select_screen<4>::draw()
 .text._ZNSt14_Function_base13_Base_managerIZN10Set_screenIiXadL_Z15exist_to_stringiEEE4initEvEUlvE_E10_M_managerERSt9_Any_dataRKS5_St18_Manager_operation
                0x0000000008000d30       0x16 build/main.o
                0x0000000008000d30                std::_Function_base::_Base_manager<Set_screen<int, &(exist_to_string(int))>::init()::{lambda()#1}>::_M_manager(std::_Any_data&, std::_Function_base::_Base_manager<Set_screen<int, &(exist_to_string(int))>::init()::{lambda()#1}> const&, std::_Manager_operation)
 .text._ZNSt14_Function_base13_Base_managerIZN10Set_screenIiXadL_Z15exist_to_stringiEEE4initEvEUlvE0_E10_M_managerERSt9_Any_dataRKS5_St18_Manager_operation
                0x0000000008000d46       0x16 build/main.o
                0x0000000008000d46                std::_Function_base::_Base_manager<Set_screen<int, &(exist_to_string(int))>::init()::{lambda()#2}>::_M_manager(std::_Any_data&, std::_Function_base::_Base_manager<Set_screen<int, &(exist_to_string(int))>::init()::{lambda()#2}> const&, std::_Manager_operation)
 .text._ZNSt14_Function_base13_Base_managerIZN10Set_screenIiXadL_Z15exist_to_stringiEEE4initEvEUlT_E1_E10_M_managerERSt9_Any_dataRKS6_St18_Manager_operation
                0x0000000008000d5c       0x16 build/main.o
                0x0000000008000d5c                std::_Function_base::_Base_manager<Set_screen<int, &(exist_to_string(int))>::init()::{lambda(auto:1)#3}>::_M_manager(std::_Any_data&, std::_Function_base::_Base_manager<Set_screen<int, &(exist_to_string(int))>::init()::{lambda(auto:1)#3}> const&, std::_Manager_operation)
 .text._ZNSt14_Function_base13_Base_managerIZN10Set_screenIiXadL_Z15exist_to_stringiEEE4initEvEUlT_E2_E10_M_managerERSt9_Any_dataRKS6_St18_Manager_operation
                0x0000000008000d72       0x16 build/main.o
                0x0000000008000d72                std::_Function_base::_Base_manager<Set_screen<int, &(exist_to_string(int))>::init()::{lambda(auto:1)#4}>::_M_manager(std::_Any_data&, std::_Function_base::_Base_manager<Set_screen<int, &(exist_to_string(int))>::init()::{lambda(auto:1)#4}> const&, std::_Manager_operation)
 .text._ZNSt14_Function_base13_Base_managerIZN10Set_screenIiXadL_Z15exist_to_stringiEEE4initEvEUlvE3_E10_M_managerERSt9_Any_dataRKS5_St18_Manager_operation
                0x0000000008000d88       0x16 build/main.o
                0x0000000008000d88                std::_Function_base::_Base_manager<Set_screen<int, &(exist_to_string(int))>::init()::{lambda()#5}>::_M_manager(std::_Any_data&, std::_Function_base::_Base_manager<Set_screen<int, &(exist_to_string(int))>::init()::{lambda()#5}> const&, std::_Manager_operation)
 .text._ZNSt14_Function_base13_Base_managerIZN10Set_screenIiXadL_Z15exist_to_stringiEEE4initEvEUlvE4_E10_M_managerERSt9_Any_dataRKS5_St18_Manager_operation
                0x0000000008000d9e       0x16 build/main.o
                0x0000000008000d9e                std::_Function_base::_Base_manager<Set_screen<int, &(exist_to_string(int))>::init()::{lambda()#6}>::_M_manager(std::_Any_data&, std::_Function_base::_Base_manager<Set_screen<int, &(exist_to_string(int))>::init()::{lambda()#6}> const&, std::_Manager_operation)
 .text._ZNSt14_Function_base13_Base_managerIZN10Set_screenIiXadL_Z17confirm_to_stringiEEE4initEvEUlvE_E10_M_managerERSt9_Any_dataRKS5_St18_Manager_operation
                0x0000000008000db4       0x16 build/main.o
                0x0000000008000db4                std::_Function_base::_Base_manager<Set_screen<int, &(confirm_to_string(int))>::init()::{lambda()#1}>::_M_manager(std::_Any_data&, std::_Function_base::_Base_manager<Set_screen<int, &(confirm_to_string(int))>::init()::{lambda()#1}> const&, std::_Manager_operation)
 .text._ZNSt14_Function_base13_Base_managerIZN10Set_screenIiXadL_Z17confirm_to_stringiEEE4initEvEUlvE0_E10_M_managerERSt9_Any_dataRKS5_St18_Manager_operation
                0x0000000008000dca       0x16 build/main.o
                0x0000000008000dca                std::_Function_base::_Base_manager<Set_screen<int, &(confirm_to_string(int))>::init()::{lambda()#2}>::_M_manager(std::_Any_data&, std::_Function_base::_Base_manager<Set_screen<int, &(confirm_to_string(int))>::init()::{lambda()#2}> const&, std::_Manager_operation)
 .text._ZNSt14_Function_base13_Base_managerIZN10Set_screenIiXadL_Z17confirm_to_stringiEEE4initEvEUlT_E1_E10_M_managerERSt9_Any_dataRKS6_St18_Manager_operation
                0x0000000008000de0       0x16 build/main.o
                0x0000000008000de0                std::_Function_base::_Base_manager<Set_screen<int, &(confirm_to_string(int))>::init()::{lambda(auto:1)#3}>::_M_manager(std::_Any_data&, std::_Function_base::_Base_manager<Set_screen<int, &(confirm_to_string(int))>::init()::{lambda(auto:1)#3}> const&, std::_Manager_operation)
 .text._ZNSt14_Function_base13_Base_managerIZN10Set_screenIiXadL_Z17confirm_to_stringiEEE4initEvEUlT_E2_E10_M_managerERSt9_Any_dataRKS6_St18_Manager_operation
                0x0000000008000df6       0x16 build/main.o
                0x0000000008000df6                std::_Function_base::_Base_manager<Set_screen<int, &(confirm_to_string(int))>::init()::{lambda(auto:1)#4}>::_M_manager(std::_Any_data&, std::_Function_base::_Base_manager<Set_screen<int, &(confirm_to_string(int))>::init()::{lambda(auto:1)#4}> const&, std::_Manager_operation)
 .text._ZNSt14_Function_base13_Base_managerIZN10Set_screenIiXadL_Z17confirm_to_stringiEEE4initEvEUlvE3_E10_M_managerERSt9_Any_dataRKS5_St18_Manager_operation
                0x0000000008000e0c       0x16 build/main.o
                0x0000000008000e0c                std::_Function_base::_Base_manager<Set_screen<int, &(confirm_to_string(int))>::init()::{lambda()#5}>::_M_manager(std::_Any_data&, std::_Function_base::_Base_manager<Set_screen<int, &(confirm_to_string(int))>::init()::{lambda()#5}> const&, std::_Manager_operation)
 .text._ZNSt14_Function_base13_Base_managerIZN10Set_screenIiXadL_Z17confirm_to_stringiEEE4initEvEUlvE4_E10_M_managerERSt9_Any_dataRKS5_St18_Manager_operation
                0x0000000008000e22       0x16 build/main.o
                0x0000000008000e22                std::_Function_base::_Base_manager<Set_screen<int, &(confirm_to_string(int))>::init()::{lambda()#6}>::_M_manager(std::_Any_data&, std::_Function_base::_Base_manager<Set_screen<int, &(confirm_to_string(int))>::init()::{lambda()#6}> const&, std::_Manager_operation)
 .text._ZNSt14_Function_base13_Base_managerIZN10Set_screenItXadL_Z14null_to_stringiEEE4initEvEUlvE_E10_M_managerERSt9_Any_dataRKS5_St18_Manager_operation
                0x0000000008000e38       0x16 build/main.o
                0x0000000008000e38                std::_Function_base::_Base_manager<Set_screen<unsigned short, &(null_to_string(int))>::init()::{lambda()#1}>::_M_manager(std::_Any_data&, std::_Function_base::_Base_manager<Set_screen<unsigned short, &(null_to_string(int))>::init()::{lambda()#1}> const&, std::_Manager_operation)
 .text._ZNSt14_Function_base13_Base_managerIZN10Set_screenItXadL_Z14null_to_stringiEEE4initEvEUlvE0_E10_M_managerERSt9_Any_dataRKS5_St18_Manager_operation
                0x0000000008000e4e       0x16 build/main.o
                0x0000000008000e4e                std::_Function_base::_Base_manager<Set_screen<unsigned short, &(null_to_string(int))>::init()::{lambda()#2}>::_M_manager(std::_Any_data&, std::_Function_base::_Base_manager<Set_screen<unsigned short, &(null_to_string(int))>::init()::{lambda()#2}> const&, std::_Manager_operation)
 .text._ZNSt14_Function_base13_Base_managerIZN10Set_screenItXadL_Z14null_to_stringiEEE4initEvEUlT_E1_E10_M_managerERSt9_Any_dataRKS6_St18_Manager_operation
                0x0000000008000e64       0x16 build/main.o
                0x0000000008000e64                std::_Function_base::_Base_manager<Set_screen<unsigned short, &(null_to_string(int))>::init()::{lambda(auto:1)#3}>::_M_manager(std::_Any_data&, std::_Function_base::_Base_manager<Set_screen<unsigned short, &(null_to_string(int))>::init()::{lambda(auto:1)#3}> const&, std::_Manager_operation)
 .text._ZNSt14_Function_base13_Base_managerIZN10Set_screenItXadL_Z14null_to_stringiEEE4initEvEUlT_E2_E10_M_managerERSt9_Any_dataRKS6_St18_Manager_operation
                0x0000000008000e7a       0x16 build/main.o
                0x0000000008000e7a                std::_Function_base::_Base_manager<Set_screen<unsigned short, &(null_to_string(int))>::init()::{lambda(auto:1)#4}>::_M_manager(std::_Any_data&, std::_Function_base::_Base_manager<Set_screen<unsigned short, &(null_to_string(int))>::init()::{lambda(auto:1)#4}> const&, std::_Manager_operation)
 .text._ZNSt14_Function_base13_Base_managerIZN10Set_screenItXadL_Z14null_to_stringiEEE4initEvEUlvE3_E10_M_managerERSt9_Any_dataRKS5_St18_Manager_operation
                0x0000000008000e90       0x16 build/main.o
                0x0000000008000e90                std::_Function_base::_Base_manager<Set_screen<unsigned short, &(null_to_string(int))>::init()::{lambda()#5}>::_M_manager(std::_Any_data&, std::_Function_base::_Base_manager<Set_screen<unsigned short, &(null_to_string(int))>::init()::{lambda()#5}> const&, std::_Manager_operation)
 .text._ZNSt14_Function_base13_Base_managerIZN10Set_screenItXadL_Z14null_to_stringiEEE4initEvEUlvE4_E10_M_managerERSt9_Any_dataRKS5_St18_Manager_operation
                0x0000000008000ea6       0x16 build/main.o
                0x0000000008000ea6                std::_Function_base::_Base_manager<Set_screen<unsigned short, &(null_to_string(int))>::init()::{lambda()#6}>::_M_manager(std::_Any_data&, std::_Function_base::_Base_manager<Set_screen<unsigned short, &(null_to_string(int))>::init()::{lambda()#6}> const&, std::_Manager_operation)
 .text._ZNSt14_Function_base13_Base_managerIZN10Set_screenIhXadL_Z15model_to_stringiEEE4initEvEUlvE_E10_M_managerERSt9_Any_dataRKS5_St18_Manager_operation
                0x0000000008000ebc       0x16 build/main.o
                0x0000000008000ebc                std::_Function_base::_Base_manager<Set_screen<unsigned char, &(model_to_string(int))>::init()::{lambda()#1}>::_M_manager(std::_Any_data&, std::_Function_base::_Base_manager<Set_screen<unsigned char, &(model_to_string(int))>::init()::{lambda()#1}> const&, std::_Manager_operation)
 .text._ZNSt14_Function_base13_Base_managerIZN10Set_screenIhXadL_Z15model_to_stringiEEE4initEvEUlvE0_E10_M_managerERSt9_Any_dataRKS5_St18_Manager_operation
                0x0000000008000ed2       0x16 build/main.o
                0x0000000008000ed2                std::_Function_base::_Base_manager<Set_screen<unsigned char, &(model_to_string(int))>::init()::{lambda()#2}>::_M_manager(std::_Any_data&, std::_Function_base::_Base_manager<Set_screen<unsigned char, &(model_to_string(int))>::init()::{lambda()#2}> const&, std::_Manager_operation)
 .text._ZNSt14_Function_base13_Base_managerIZN10Set_screenIhXadL_Z15model_to_stringiEEE4initEvEUlT_E1_E10_M_managerERSt9_Any_dataRKS6_St18_Manager_operation
                0x0000000008000ee8       0x16 build/main.o
                0x0000000008000ee8                std::_Function_base::_Base_manager<Set_screen<unsigned char, &(model_to_string(int))>::init()::{lambda(auto:1)#3}>::_M_manager(std::_Any_data&, std::_Function_base::_Base_manager<Set_screen<unsigned char, &(model_to_string(int))>::init()::{lambda(auto:1)#3}> const&, std::_Manager_operation)
 .text._ZNSt14_Function_base13_Base_managerIZN10Set_screenIhXadL_Z15model_to_stringiEEE4initEvEUlT_E2_E10_M_managerERSt9_Any_dataRKS6_St18_Manager_operation
                0x0000000008000efe       0x16 build/main.o
                0x0000000008000efe                std::_Function_base::_Base_manager<Set_screen<unsigned char, &(model_to_string(int))>::init()::{lambda(auto:1)#4}>::_M_manager(std::_Any_data&, std::_Function_base::_Base_manager<Set_screen<unsigned char, &(model_to_string(int))>::init()::{lambda(auto:1)#4}> const&, std::_Manager_operation)
 .text._ZNSt14_Function_base13_Base_managerIZN10Set_screenIhXadL_Z15model_to_stringiEEE4initEvEUlvE3_E10_M_managerERSt9_Any_dataRKS5_St18_Manager_operation
                0x0000000008000f14       0x16 build/main.o
                0x0000000008000f14                std::_Function_base::_Base_manager<Set_screen<unsigned char, &(model_to_string(int))>::init()::{lambda()#5}>::_M_manager(std::_Any_data&, std::_Function_base::_Base_manager<Set_screen<unsigned char, &(model_to_string(int))>::init()::{lambda()#5}> const&, std::_Manager_operation)
 .text._ZNSt14_Function_base13_Base_managerIZN10Set_screenIhXadL_Z15model_to_stringiEEE4initEvEUlvE4_E10_M_managerERSt9_Any_dataRKS5_St18_Manager_operation
                0x0000000008000f2a       0x16 build/main.o
                0x0000000008000f2a                std::_Function_base::_Base_manager<Set_screen<unsigned char, &(model_to_string(int))>::init()::{lambda()#6}>::_M_manager(std::_Any_data&, std::_Function_base::_Base_manager<Set_screen<unsigned char, &(model_to_string(int))>::init()::{lambda()#6}> const&, std::_Manager_operation)
 .text._ZNSt14_Function_base13_Base_managerIZN13Select_screenILi9EE4initEvEUlvE_E10_M_managerERSt9_Any_dataRKS5_St18_Manager_operation
                0x0000000008000f40       0x16 build/main.o
                0x0000000008000f40                std::_Function_base::_Base_manager<Select_screen<9>::init()::{lambda()#1}>::_M_manager(std::_Any_data&, std::_Function_base::_Base_manager<Select_screen<9>::init()::{lambda()#1}> const&, std::_Manager_operation)
 .text._ZNSt14_Function_base13_Base_managerIZN13Select_screenILi9EE4initEvEUlvE0_E10_M_managerERSt9_Any_dataRKS5_St18_Manager_operation
                0x0000000008000f56       0x16 build/main.o
                0x0000000008000f56                std::_Function_base::_Base_manager<Select_screen<9>::init()::{lambda()#2}>::_M_manager(std::_Any_data&, std::_Function_base::_Base_manager<Select_screen<9>::init()::{lambda()#2}> const&, std::_Manager_operation)
 .text._ZNSt14_Function_base13_Base_managerIZN13Select_screenILi9EE4initEvEUlvE1_E10_M_managerERSt9_Any_dataRKS5_St18_Manager_operation
                0x0000000008000f6c       0x16 build/main.o
                0x0000000008000f6c                std::_Function_base::_Base_manager<Select_screen<9>::init()::{lambda()#3}>::_M_manager(std::_Any_data&, std::_Function_base::_Base_manager<Select_screen<9>::init()::{lambda()#3}> const&, std::_Manager_operation)
 .text._ZNSt14_Function_base13_Base_managerIZN13Select_screenILi9EE4initEvEUlvE2_E10_M_managerERSt9_Any_dataRKS5_St18_Manager_operation
                0x0000000008000f82       0x16 build/main.o
                0x0000000008000f82                std::_Function_base::_Base_manager<Select_screen<9>::init()::{lambda()#4}>::_M_manager(std::_Any_data&, std::_Function_base::_Base_manager<Select_screen<9>::init()::{lambda()#4}> const&, std::_Manager_operation)
 .text._ZNSt14_Function_base13_Base_managerIZN10Set_screenIhXadL_Z16parity_to_stringiEEE4initEvEUlvE_E10_M_managerERSt9_Any_dataRKS5_St18_Manager_operation
                0x0000000008000f98       0x16 build/main.o
                0x0000000008000f98                std::_Function_base::_Base_manager<Set_screen<unsigned char, &(parity_to_string(int))>::init()::{lambda()#1}>::_M_manager(std::_Any_data&, std::_Function_base::_Base_manager<Set_screen<unsigned char, &(parity_to_string(int))>::init()::{lambda()#1}> const&, std::_Manager_operation)
 .text._ZNSt14_Function_base13_Base_managerIZN10Set_screenIhXadL_Z16parity_to_stringiEEE4initEvEUlvE0_E10_M_managerERSt9_Any_dataRKS5_St18_Manager_operation
                0x0000000008000fae       0x16 build/main.o
                0x0000000008000fae                std::_Function_base::_Base_manager<Set_screen<unsigned char, &(parity_to_string(int))>::init()::{lambda()#2}>::_M_manager(std::_Any_data&, std::_Function_base::_Base_manager<Set_screen<unsigned char, &(parity_to_string(int))>::init()::{lambda()#2}> const&, std::_Manager_operation)
 .text._ZNSt14_Function_base13_Base_managerIZN10Set_screenIhXadL_Z16parity_to_stringiEEE4initEvEUlT_E1_E10_M_managerERSt9_Any_dataRKS6_St18_Manager_operation
                0x0000000008000fc4       0x16 build/main.o
                0x0000000008000fc4                std::_Function_base::_Base_manager<Set_screen<unsigned char, &(parity_to_string(int))>::init()::{lambda(auto:1)#3}>::_M_manager(std::_Any_data&, std::_Function_base::_Base_manager<Set_screen<unsigned char, &(parity_to_string(int))>::init()::{lambda(auto:1)#3}> const&, std::_Manager_operation)
 .text._ZNSt14_Function_base13_Base_managerIZN10Set_screenIhXadL_Z16parity_to_stringiEEE4initEvEUlT_E2_E10_M_managerERSt9_Any_dataRKS6_St18_Manager_operation
                0x0000000008000fda       0x16 build/main.o
                0x0000000008000fda                std::_Function_base::_Base_manager<Set_screen<unsigned char, &(parity_to_string(int))>::init()::{lambda(auto:1)#4}>::_M_manager(std::_Any_data&, std::_Function_base::_Base_manager<Set_screen<unsigned char, &(parity_to_string(int))>::init()::{lambda(auto:1)#4}> const&, std::_Manager_operation)
 .text._ZNSt14_Function_base13_Base_managerIZN10Set_screenIhXadL_Z16parity_to_stringiEEE4initEvEUlvE3_E10_M_managerERSt9_Any_dataRKS5_St18_Manager_operation
                0x0000000008000ff0       0x16 build/main.o
                0x0000000008000ff0                std::_Function_base::_Base_manager<Set_screen<unsigned char, &(parity_to_string(int))>::init()::{lambda()#5}>::_M_manager(std::_Any_data&, std::_Function_base::_Base_manager<Set_screen<unsigned char, &(parity_to_string(int))>::init()::{lambda()#5}> const&, std::_Manager_operation)
 .text._ZNSt14_Function_base13_Base_managerIZN10Set_screenIhXadL_Z16parity_to_stringiEEE4initEvEUlvE4_E10_M_managerERSt9_Any_dataRKS5_St18_Manager_operation
                0x0000000008001006       0x16 build/main.o
                0x0000000008001006                std::_Function_base::_Base_manager<Set_screen<unsigned char, &(parity_to_string(int))>::init()::{lambda()#6}>::_M_manager(std::_Any_data&, std::_Function_base::_Base_manager<Set_screen<unsigned char, &(parity_to_string(int))>::init()::{lambda()#6}> const&, std::_Manager_operation)
 .text._ZNSt14_Function_base13_Base_managerIZN10Set_screenIhXadL_Z15exist_to_stringiEEE4initEvEUlvE_E10_M_managerERSt9_Any_dataRKS5_St18_Manager_operation
                0x000000000800101c       0x16 build/main.o
                0x000000000800101c                std::_Function_base::_Base_manager<Set_screen<unsigned char, &(exist_to_string(int))>::init()::{lambda()#1}>::_M_manager(std::_Any_data&, std::_Function_base::_Base_manager<Set_screen<unsigned char, &(exist_to_string(int))>::init()::{lambda()#1}> const&, std::_Manager_operation)
 .text._ZNSt14_Function_base13_Base_managerIZN10Set_screenIhXadL_Z15exist_to_stringiEEE4initEvEUlvE0_E10_M_managerERSt9_Any_dataRKS5_St18_Manager_operation
                0x0000000008001032       0x16 build/main.o
                0x0000000008001032                std::_Function_base::_Base_manager<Set_screen<unsigned char, &(exist_to_string(int))>::init()::{lambda()#2}>::_M_manager(std::_Any_data&, std::_Function_base::_Base_manager<Set_screen<unsigned char, &(exist_to_string(int))>::init()::{lambda()#2}> const&, std::_Manager_operation)
 .text._ZNSt14_Function_base13_Base_managerIZN10Set_screenIhXadL_Z15exist_to_stringiEEE4initEvEUlT_E1_E10_M_managerERSt9_Any_dataRKS6_St18_Manager_operation
                0x0000000008001048       0x16 build/main.o
                0x0000000008001048                std::_Function_base::_Base_manager<Set_screen<unsigned char, &(exist_to_string(int))>::init()::{lambda(auto:1)#3}>::_M_manager(std::_Any_data&, std::_Function_base::_Base_manager<Set_screen<unsigned char, &(exist_to_string(int))>::init()::{lambda(auto:1)#3}> const&, std::_Manager_operation)
 .text._ZNSt14_Function_base13_Base_managerIZN10Set_screenIhXadL_Z15exist_to_stringiEEE4initEvEUlT_E2_E10_M_managerERSt9_Any_dataRKS6_St18_Manager_operation
                0x000000000800105e       0x16 build/main.o
                0x000000000800105e                std::_Function_base::_Base_manager<Set_screen<unsigned char, &(exist_to_string(int))>::init()::{lambda(auto:1)#4}>::_M_manager(std::_Any_data&, std::_Function_base::_Base_manager<Set_screen<unsigned char, &(exist_to_string(int))>::init()::{lambda(auto:1)#4}> const&, std::_Manager_operation)
 .text._ZNSt14_Function_base13_Base_managerIZN10Set_screenIhXadL_Z15exist_to_stringiEEE4initEvEUlvE3_E10_M_managerERSt9_Any_dataRKS5_St18_Manager_operation
                0x0000000008001074       0x16 build/main.o
                0x0000000008001074                std::_Function_base::_Base_manager<Set_screen<unsigned char, &(exist_to_string(int))>::init()::{lambda()#5}>::_M_manager(std::_Any_data&, std::_Function_base::_Base_manager<Set_screen<unsigned char, &(exist_to_string(int))>::init()::{lambda()#5}> const&, std::_Manager_operation)
 .text._ZNSt14_Function_base13_Base_managerIZN10Set_screenIhXadL_Z15exist_to_stringiEEE4initEvEUlvE4_E10_M_managerERSt9_Any_dataRKS5_St18_Manager_operation
                0x000000000800108a       0x16 build/main.o
                0x000000000800108a                std::_Function_base::_Base_manager<Set_screen<unsigned char, &(exist_to_string(int))>::init()::{lambda()#6}>::_M_manager(std::_Any_data&, std::_Function_base::_Base_manager<Set_screen<unsigned char, &(exist_to_string(int))>::init()::{lambda()#6}> const&, std::_Manager_operation)
 .text._ZNSt14_Function_base13_Base_managerIZN10Set_screenIhXadL_Z18boudrate_to_stringiEEE4initEvEUlvE_E10_M_managerERSt9_Any_dataRKS5_St18_Manager_operation
                0x00000000080010a0       0x16 build/main.o
                0x00000000080010a0                std::_Function_base::_Base_manager<Set_screen<unsigned char, &(boudrate_to_string(int))>::init()::{lambda()#1}>::_M_manager(std::_Any_data&, std::_Function_base::_Base_manager<Set_screen<unsigned char, &(boudrate_to_string(int))>::init()::{lambda()#1}> const&, std::_Manager_operation)
 .text._ZNSt14_Function_base13_Base_managerIZN10Set_screenIhXadL_Z18boudrate_to_stringiEEE4initEvEUlvE0_E10_M_managerERSt9_Any_dataRKS5_St18_Manager_operation
                0x00000000080010b6       0x16 build/main.o
                0x00000000080010b6                std::_Function_base::_Base_manager<Set_screen<unsigned char, &(boudrate_to_string(int))>::init()::{lambda()#2}>::_M_manager(std::_Any_data&, std::_Function_base::_Base_manager<Set_screen<unsigned char, &(boudrate_to_string(int))>::init()::{lambda()#2}> const&, std::_Manager_operation)
 .text._ZNSt14_Function_base13_Base_managerIZN10Set_screenIhXadL_Z18boudrate_to_stringiEEE4initEvEUlT_E1_E10_M_managerERSt9_Any_dataRKS6_St18_Manager_operation
                0x00000000080010cc       0x16 build/main.o
                0x00000000080010cc                std::_Function_base::_Base_manager<Set_screen<unsigned char, &(boudrate_to_string(int))>::init()::{lambda(auto:1)#3}>::_M_manager(std::_Any_data&, std::_Function_base::_Base_manager<Set_screen<unsigned char, &(boudrate_to_string(int))>::init()::{lambda(auto:1)#3}> const&, std::_Manager_operation)
 .text._ZNSt14_Function_base13_Base_managerIZN10Set_screenIhXadL_Z18boudrate_to_stringiEEE4initEvEUlT_E2_E10_M_managerERSt9_Any_dataRKS6_St18_Manager_operation
                0x00000000080010e2       0x16 build/main.o
                0x00000000080010e2                std::_Function_base::_Base_manager<Set_screen<unsigned char, &(boudrate_to_string(int))>::init()::{lambda(auto:1)#4}>::_M_manager(std::_Any_data&, std::_Function_base::_Base_manager<Set_screen<unsigned char, &(boudrate_to_string(int))>::init()::{lambda(auto:1)#4}> const&, std::_Manager_operation)
 .text._ZNSt14_Function_base13_Base_managerIZN10Set_screenIhXadL_Z18boudrate_to_stringiEEE4initEvEUlvE3_E10_M_managerERSt9_Any_dataRKS5_St18_Manager_operation
                0x00000000080010f8       0x16 build/main.o
                0x00000000080010f8                std::_Function_base::_Base_manager<Set_screen<unsigned char, &(boudrate_to_string(int))>::init()::{lambda()#5}>::_M_manager(std::_Any_data&, std::_Function_base::_Base_manager<Set_screen<unsigned char, &(boudrate_to_string(int))>::init()::{lambda()#5}> const&, std::_Manager_operation)
 .text._ZNSt14_Function_base13_Base_managerIZN10Set_screenIhXadL_Z18boudrate_to_stringiEEE4initEvEUlvE4_E10_M_managerERSt9_Any_dataRKS5_St18_Manager_operation
                0x000000000800110e       0x16 build/main.o
                0x000000000800110e                std::_Function_base::_Base_manager<Set_screen<unsigned char, &(boudrate_to_string(int))>::init()::{lambda()#6}>::_M_manager(std::_Any_data&, std::_Function_base::_Base_manager<Set_screen<unsigned char, &(boudrate_to_string(int))>::init()::{lambda()#6}> const&, std::_Manager_operation)
 .text._ZNSt14_Function_base13_Base_managerIZN13Select_screenILi5EE4initEvEUlvE_E10_M_managerERSt9_Any_dataRKS5_St18_Manager_operation
                0x0000000008001124       0x16 build/main.o
                0x0000000008001124                std::_Function_base::_Base_manager<Select_screen<5>::init()::{lambda()#1}>::_M_manager(std::_Any_data&, std::_Function_base::_Base_manager<Select_screen<5>::init()::{lambda()#1}> const&, std::_Manager_operation)
 .text._ZNSt14_Function_base13_Base_managerIZN13Select_screenILi5EE4initEvEUlvE0_E10_M_managerERSt9_Any_dataRKS5_St18_Manager_operation
                0x000000000800113a       0x16 build/main.o
                0x000000000800113a                std::_Function_base::_Base_manager<Select_screen<5>::init()::{lambda()#2}>::_M_manager(std::_Any_data&, std::_Function_base::_Base_manager<Select_screen<5>::init()::{lambda()#2}> const&, std::_Manager_operation)
 .text._ZNSt14_Function_base13_Base_managerIZN13Select_screenILi5EE4initEvEUlvE1_E10_M_managerERSt9_Any_dataRKS5_St18_Manager_operation
                0x0000000008001150       0x16 build/main.o
                0x0000000008001150                std::_Function_base::_Base_manager<Select_screen<5>::init()::{lambda()#3}>::_M_manager(std::_Any_data&, std::_Function_base::_Base_manager<Select_screen<5>::init()::{lambda()#3}> const&, std::_Manager_operation)
 .text._ZNSt14_Function_base13_Base_managerIZN13Select_screenILi5EE4initEvEUlvE2_E10_M_managerERSt9_Any_dataRKS5_St18_Manager_operation
                0x0000000008001166       0x16 build/main.o
                0x0000000008001166                std::_Function_base::_Base_manager<Select_screen<5>::init()::{lambda()#4}>::_M_manager(std::_Any_data&, std::_Function_base::_Base_manager<Select_screen<5>::init()::{lambda()#4}> const&, std::_Manager_operation)
 .text._ZNSt14_Function_base13_Base_managerIZN10Set_screenIhXadL_Z14null_to_stringiEEE4initEvEUlvE_E10_M_managerERSt9_Any_dataRKS5_St18_Manager_operation
                0x000000000800117c       0x16 build/main.o
                0x000000000800117c                std::_Function_base::_Base_manager<Set_screen<unsigned char, &(null_to_string(int))>::init()::{lambda()#1}>::_M_manager(std::_Any_data&, std::_Function_base::_Base_manager<Set_screen<unsigned char, &(null_to_string(int))>::init()::{lambda()#1}> const&, std::_Manager_operation)
 .text._ZNSt14_Function_base13_Base_managerIZN10Set_screenIhXadL_Z14null_to_stringiEEE4initEvEUlvE0_E10_M_managerERSt9_Any_dataRKS5_St18_Manager_operation
                0x0000000008001192       0x16 build/main.o
                0x0000000008001192                std::_Function_base::_Base_manager<Set_screen<unsigned char, &(null_to_string(int))>::init()::{lambda()#2}>::_M_manager(std::_Any_data&, std::_Function_base::_Base_manager<Set_screen<unsigned char, &(null_to_string(int))>::init()::{lambda()#2}> const&, std::_Manager_operation)
 .text._ZNSt14_Function_base13_Base_managerIZN10Set_screenIhXadL_Z14null_to_stringiEEE4initEvEUlT_E1_E10_M_managerERSt9_Any_dataRKS6_St18_Manager_operation
                0x00000000080011a8       0x16 build/main.o
                0x00000000080011a8                std::_Function_base::_Base_manager<Set_screen<unsigned char, &(null_to_string(int))>::init()::{lambda(auto:1)#3}>::_M_manager(std::_Any_data&, std::_Function_base::_Base_manager<Set_screen<unsigned char, &(null_to_string(int))>::init()::{lambda(auto:1)#3}> const&, std::_Manager_operation)
 .text._ZNSt14_Function_base13_Base_managerIZN10Set_screenIhXadL_Z14null_to_stringiEEE4initEvEUlT_E2_E10_M_managerERSt9_Any_dataRKS6_St18_Manager_operation
                0x00000000080011be       0x16 build/main.o
                0x00000000080011be                std::_Function_base::_Base_manager<Set_screen<unsigned char, &(null_to_string(int))>::init()::{lambda(auto:1)#4}>::_M_manager(std::_Any_data&, std::_Function_base::_Base_manager<Set_screen<unsigned char, &(null_to_string(int))>::init()::{lambda(auto:1)#4}> const&, std::_Manager_operation)
 .text._ZNSt14_Function_base13_Base_managerIZN10Set_screenIhXadL_Z14null_to_stringiEEE4initEvEUlvE3_E10_M_managerERSt9_Any_dataRKS5_St18_Manager_operation
                0x00000000080011d4       0x16 build/main.o
                0x00000000080011d4                std::_Function_base::_Base_manager<Set_screen<unsigned char, &(null_to_string(int))>::init()::{lambda()#5}>::_M_manager(std::_Any_data&, std::_Function_base::_Base_manager<Set_screen<unsigned char, &(null_to_string(int))>::init()::{lambda()#5}> const&, std::_Manager_operation)
 .text._ZNSt14_Function_base13_Base_managerIZN10Set_screenIhXadL_Z14null_to_stringiEEE4initEvEUlvE4_E10_M_managerERSt9_Any_dataRKS5_St18_Manager_operation
                0x00000000080011ea       0x16 build/main.o
                0x00000000080011ea                std::_Function_base::_Base_manager<Set_screen<unsigned char, &(null_to_string(int))>::init()::{lambda()#6}>::_M_manager(std::_Any_data&, std::_Function_base::_Base_manager<Set_screen<unsigned char, &(null_to_string(int))>::init()::{lambda()#6}> const&, std::_Manager_operation)
 .text._ZNSt14_Function_base13_Base_managerIZN10Set_screenIiXadL_Z14null_to_stringiEEE4initEvEUlvE_E10_M_managerERSt9_Any_dataRKS5_St18_Manager_operation
                0x0000000008001200       0x16 build/main.o
                0x0000000008001200                std::_Function_base::_Base_manager<Set_screen<int, &(null_to_string(int))>::init()::{lambda()#1}>::_M_manager(std::_Any_data&, std::_Function_base::_Base_manager<Set_screen<int, &(null_to_string(int))>::init()::{lambda()#1}> const&, std::_Manager_operation)
 .text._ZNSt14_Function_base13_Base_managerIZN10Set_screenIiXadL_Z14null_to_stringiEEE4initEvEUlvE0_E10_M_managerERSt9_Any_dataRKS5_St18_Manager_operation
                0x0000000008001216       0x16 build/main.o
                0x0000000008001216                std::_Function_base::_Base_manager<Set_screen<int, &(null_to_string(int))>::init()::{lambda()#2}>::_M_manager(std::_Any_data&, std::_Function_base::_Base_manager<Set_screen<int, &(null_to_string(int))>::init()::{lambda()#2}> const&, std::_Manager_operation)
 .text._ZNSt14_Function_base13_Base_managerIZN10Set_screenIiXadL_Z14null_to_stringiEEE4initEvEUlT_E1_E10_M_managerERSt9_Any_dataRKS6_St18_Manager_operation
                0x000000000800122c       0x16 build/main.o
                0x000000000800122c                std::_Function_base::_Base_manager<Set_screen<int, &(null_to_string(int))>::init()::{lambda(auto:1)#3}>::_M_manager(std::_Any_data&, std::_Function_base::_Base_manager<Set_screen<int, &(null_to_string(int))>::init()::{lambda(auto:1)#3}> const&, std::_Manager_operation)
 .text._ZNSt14_Function_base13_Base_managerIZN10Set_screenIiXadL_Z14null_to_stringiEEE4initEvEUlT_E2_E10_M_managerERSt9_Any_dataRKS6_St18_Manager_operation
                0x0000000008001242       0x16 build/main.o
                0x0000000008001242                std::_Function_base::_Base_manager<Set_screen<int, &(null_to_string(int))>::init()::{lambda(auto:1)#4}>::_M_manager(std::_Any_data&, std::_Function_base::_Base_manager<Set_screen<int, &(null_to_string(int))>::init()::{lambda(auto:1)#4}> const&, std::_Manager_operation)
 .text._ZNSt14_Function_base13_Base_managerIZN10Set_screenIiXadL_Z14null_to_stringiEEE4initEvEUlvE3_E10_M_managerERSt9_Any_dataRKS5_St18_Manager_operation
                0x0000000008001258       0x16 build/main.o
                0x0000000008001258                std::_Function_base::_Base_manager<Set_screen<int, &(null_to_string(int))>::init()::{lambda()#5}>::_M_manager(std::_Any_data&, std::_Function_base::_Base_manager<Set_screen<int, &(null_to_string(int))>::init()::{lambda()#5}> const&, std::_Manager_operation)
 .text._ZNSt14_Function_base13_Base_managerIZN10Set_screenIiXadL_Z14null_to_stringiEEE4initEvEUlvE4_E10_M_managerERSt9_Any_dataRKS5_St18_Manager_operation
                0x000000000800126e       0x16 build/main.o
                0x000000000800126e                std::_Function_base::_Base_manager<Set_screen<int, &(null_to_string(int))>::init()::{lambda()#6}>::_M_manager(std::_Any_data&, std::_Function_base::_Base_manager<Set_screen<int, &(null_to_string(int))>::init()::{lambda()#6}> const&, std::_Manager_operation)
 .text._ZNSt14_Function_base13_Base_managerIZN13Select_screenILi2EE4initEvEUlvE_E10_M_managerERSt9_Any_dataRKS5_St18_Manager_operation
                0x0000000008001284       0x16 build/main.o
                0x0000000008001284                std::_Function_base::_Base_manager<Select_screen<2>::init()::{lambda()#1}>::_M_manager(std::_Any_data&, std::_Function_base::_Base_manager<Select_screen<2>::init()::{lambda()#1}> const&, std::_Manager_operation)
 .text._ZNSt14_Function_base13_Base_managerIZN13Select_screenILi2EE4initEvEUlvE0_E10_M_managerERSt9_Any_dataRKS5_St18_Manager_operation
                0x000000000800129a       0x16 build/main.o
                0x000000000800129a                std::_Function_base::_Base_manager<Select_screen<2>::init()::{lambda()#2}>::_M_manager(std::_Any_data&, std::_Function_base::_Base_manager<Select_screen<2>::init()::{lambda()#2}> const&, std::_Manager_operation)
 .text._ZNSt14_Function_base13_Base_managerIZN13Select_screenILi2EE4initEvEUlvE1_E10_M_managerERSt9_Any_dataRKS5_St18_Manager_operation
                0x00000000080012b0       0x16 build/main.o
                0x00000000080012b0                std::_Function_base::_Base_manager<Select_screen<2>::init()::{lambda()#3}>::_M_manager(std::_Any_data&, std::_Function_base::_Base_manager<Select_screen<2>::init()::{lambda()#3}> const&, std::_Manager_operation)
 .text._ZNSt14_Function_base13_Base_managerIZN13Select_screenILi2EE4initEvEUlvE2_E10_M_managerERSt9_Any_dataRKS5_St18_Manager_operation
                0x00000000080012c6       0x16 build/main.o
                0x00000000080012c6                std::_Function_base::_Base_manager<Select_screen<2>::init()::{lambda()#4}>::_M_manager(std::_Any_data&, std::_Function_base::_Base_manager<Select_screen<2>::init()::{lambda()#4}> const&, std::_Manager_operation)
 .text._ZNSt14_Function_base13_Base_managerIZN13Select_screenILi3EE4initEvEUlvE_E10_M_managerERSt9_Any_dataRKS5_St18_Manager_operation
                0x00000000080012dc       0x16 build/main.o
                0x00000000080012dc                std::_Function_base::_Base_manager<Select_screen<3>::init()::{lambda()#1}>::_M_manager(std::_Any_data&, std::_Function_base::_Base_manager<Select_screen<3>::init()::{lambda()#1}> const&, std::_Manager_operation)
 .text._ZNSt14_Function_base13_Base_managerIZN13Select_screenILi3EE4initEvEUlvE0_E10_M_managerERSt9_Any_dataRKS5_St18_Manager_operation
                0x00000000080012f2       0x16 build/main.o
                0x00000000080012f2                std::_Function_base::_Base_manager<Select_screen<3>::init()::{lambda()#2}>::_M_manager(std::_Any_data&, std::_Function_base::_Base_manager<Select_screen<3>::init()::{lambda()#2}> const&, std::_Manager_operation)
 .text._ZNSt14_Function_base13_Base_managerIZN13Select_screenILi3EE4initEvEUlvE1_E10_M_managerERSt9_Any_dataRKS5_St18_Manager_operation
                0x0000000008001308       0x16 build/main.o
                0x0000000008001308                std::_Function_base::_Base_manager<Select_screen<3>::init()::{lambda()#3}>::_M_manager(std::_Any_data&, std::_Function_base::_Base_manager<Select_screen<3>::init()::{lambda()#3}> const&, std::_Manager_operation)
 .text._ZNSt14_Function_base13_Base_managerIZN13Select_screenILi3EE4initEvEUlvE2_E10_M_managerERSt9_Any_dataRKS5_St18_Manager_operation
                0x000000000800131e       0x16 build/main.o
                0x000000000800131e                std::_Function_base::_Base_manager<Select_screen<3>::init()::{lambda()#4}>::_M_manager(std::_Any_data&, std::_Function_base::_Base_manager<Select_screen<3>::init()::{lambda()#4}> const&, std::_Manager_operation)
 .text._ZNSt14_Function_base13_Base_managerIZN13Select_screenILi4EE4initEvEUlvE_E10_M_managerERSt9_Any_dataRKS5_St18_Manager_operation
                0x0000000008001334       0x16 build/main.o
                0x0000000008001334                std::_Function_base::_Base_manager<Select_screen<4>::init()::{lambda()#1}>::_M_manager(std::_Any_data&, std::_Function_base::_Base_manager<Select_screen<4>::init()::{lambda()#1}> const&, std::_Manager_operation)
 .text._ZNSt14_Function_base13_Base_managerIZN13Select_screenILi4EE4initEvEUlvE0_E10_M_managerERSt9_Any_dataRKS5_St18_Manager_operation
                0x000000000800134a       0x16 build/main.o
                0x000000000800134a                std::_Function_base::_Base_manager<Select_screen<4>::init()::{lambda()#2}>::_M_manager(std::_Any_data&, std::_Function_base::_Base_manager<Select_screen<4>::init()::{lambda()#2}> const&, std::_Manager_operation)
 .text._ZNSt14_Function_base13_Base_managerIZN13Select_screenILi4EE4initEvEUlvE1_E10_M_managerERSt9_Any_dataRKS5_St18_Manager_operation
                0x0000000008001360       0x16 build/main.o
                0x0000000008001360                std::_Function_base::_Base_manager<Select_screen<4>::init()::{lambda()#3}>::_M_manager(std::_Any_data&, std::_Function_base::_Base_manager<Select_screen<4>::init()::{lambda()#3}> const&, std::_Manager_operation)
 .text._ZNSt14_Function_base13_Base_managerIZN13Select_screenILi4EE4initEvEUlvE2_E10_M_managerERSt9_Any_dataRKS5_St18_Manager_operation
                0x0000000008001376       0x16 build/main.o
                0x0000000008001376                std::_Function_base::_Base_manager<Select_screen<4>::init()::{lambda()#4}>::_M_manager(std::_Any_data&, std::_Function_base::_Base_manager<Select_screen<4>::init()::{lambda()#4}> const&, std::_Manager_operation)
 .text._ZN4MenuI12HD44780_pinsIN3mcu4Pin_ILNS1_6PeriphE5ELi12EEENS2_ILS3_6ELi2EEENS2_ILS3_4ELi3EEENS2_ILS3_4ELi4EEENS2_ILS3_4ELi5EEENS2_ILS3_4ELi6EEENS2_ILS3_4ELi7EEEEZ4mainE10Flash_dataZ4mainE8Out_regsZ4mainEUt_E13change_screenER6Screen.isra.2
                0x000000000800138c       0x1a build/main.o
 .text._ZNSt17_Function_handlerIFvvEN4MenuI12HD44780_pinsIN3mcu4Pin_ILNS3_6PeriphE5ELi12EEENS4_ILS5_6ELi2EEENS4_ILS5_4ELi3EEENS4_ILS5_4ELi4EEENS4_ILS5_4ELi5EEENS4_ILS5_4ELi6EEENS4_ILS5_4ELi7EEEEZ4mainE10Flash_dataZ4mainE8Out_regsZ4mainEUt_E11main_screenMUlvE0_EE9_M_invokeERKSt9_Any_data
                0x00000000080013a6       0x12 build/main.o
 .text._ZNSt17_Function_handlerIFvvEN4MenuI12HD44780_pinsIN3mcu4Pin_ILNS3_6PeriphE5ELi12EEENS4_ILS5_6ELi2EEENS4_ILS5_4ELi3EEENS4_ILS5_4ELi4EEENS4_ILS5_4ELi5EEENS4_ILS5_4ELi6EEENS4_ILS5_4ELi7EEEEZ4mainE10Flash_dataZ4mainE8Out_regsZ4mainEUt_E11main_selectMUlvE_EE9_M_invokeERKSt9_Any_data
                0x00000000080013b8       0x10 build/main.o
 .text._ZNSt17_Function_handlerIFvvEN4MenuI12HD44780_pinsIN3mcu4Pin_ILNS3_6PeriphE5ELi12EEENS4_ILS5_6ELi2EEENS4_ILS5_4ELi3EEENS4_ILS5_4ELi4EEENS4_ILS5_4ELi5EEENS4_ILS5_4ELi6EEENS4_ILS5_4ELi7EEEEZ4mainE10Flash_dataZ4mainE8Out_regsZ4mainEUt_E11main_selectMUlvE0_EE9_M_invokeERKSt9_Any_data
                0x00000000080013c8       0x12 build/main.o
 .text._ZNSt17_Function_handlerIFvvEN4MenuI12HD44780_pinsIN3mcu4Pin_ILNS3_6PeriphE5ELi12EEENS4_ILS5_6ELi2EEENS4_ILS5_4ELi3EEENS4_ILS5_4ELi4EEENS4_ILS5_4ELi5EEENS4_ILS5_4ELi6EEENS4_ILS5_4ELi7EEEEZ4mainE10Flash_dataZ4mainE8Out_regsZ4mainEUt_E11main_selectMUlvE1_EE9_M_invokeERKSt9_Any_data
                0x00000000080013da       0x12 build/main.o
 .text._ZNSt17_Function_handlerIFvvEN4MenuI12HD44780_pinsIN3mcu4Pin_ILNS3_6PeriphE5ELi12EEENS4_ILS5_6ELi2EEENS4_ILS5_4ELi3EEENS4_ILS5_4ELi4EEENS4_ILS5_4ELi5EEENS4_ILS5_4ELi6EEENS4_ILS5_4ELi7EEEEZ4mainE10Flash_dataZ4mainE8Out_regsZ4mainEUt_E11main_selectMUlvE2_EE9_M_invokeERKSt9_Any_data
                0x00000000080013ec       0x12 build/main.o
 *fill*         0x00000000080013fe        0x2 
 .text._ZNSt17_Function_handlerIFvvEN4MenuI12HD44780_pinsIN3mcu4Pin_ILNS3_6PeriphE5ELi12EEENS4_ILS5_6ELi2EEENS4_ILS5_4ELi3EEENS4_ILS5_4ELi4EEENS4_ILS5_4ELi5EEENS4_ILS5_4ELi6EEENS4_ILS5_4ELi7EEEEZ4mainE10Flash_dataZ4mainE8Out_regsZ4mainEUt_E11main_selectMUlvE3_EE9_M_invokeERKSt9_Any_data
                0x0000000008001400       0x14 build/main.o
 .text._ZNSt17_Function_handlerIFvvEN4MenuI12HD44780_pinsIN3mcu4Pin_ILNS3_6PeriphE5ELi12EEENS4_ILS5_6ELi2EEENS4_ILS5_4ELi3EEENS4_ILS5_4ELi4EEENS4_ILS5_4ELi5EEENS4_ILS5_4ELi6EEENS4_ILS5_4ELi7EEEEZ4mainE10Flash_dataZ4mainE8Out_regsZ4mainEUt_E12alarm_selectMUlvE_EE9_M_invokeERKSt9_Any_data
                0x0000000008001414       0x12 build/main.o
 .text._ZNSt17_Function_handlerIFvvEN4MenuI12HD44780_pinsIN3mcu4Pin_ILNS3_6PeriphE5ELi12EEENS4_ILS5_6ELi2EEENS4_ILS5_4ELi3EEENS4_ILS5_4ELi4EEENS4_ILS5_4ELi5EEENS4_ILS5_4ELi6EEENS4_ILS5_4ELi7EEEEZ4mainE10Flash_dataZ4mainE8Out_regsZ4mainEUt_E12alarm_selectMUlvE0_EE9_M_invokeERKSt9_Any_data
                0x0000000008001426       0x12 build/main.o
 .text._ZNSt17_Function_handlerIFvvEN4MenuI12HD44780_pinsIN3mcu4Pin_ILNS3_6PeriphE5ELi12EEENS4_ILS5_6ELi2EEENS4_ILS5_4ELi3EEENS4_ILS5_4ELi4EEENS4_ILS5_4ELi5EEENS4_ILS5_4ELi6EEENS4_ILS5_4ELi7EEEEZ4mainE10Flash_dataZ4mainE8Out_regsZ4mainEUt_E16bad_lamps_screenMUlvE_EE9_M_invokeERKSt9_Any_data
                0x0000000008001438       0x12 build/main.o
 .text._ZNSt17_Function_handlerIFvvEN4MenuI12HD44780_pinsIN3mcu4Pin_ILNS3_6PeriphE5ELi12EEENS4_ILS5_6ELi2EEENS4_ILS5_4ELi3EEENS4_ILS5_4ELi4EEENS4_ILS5_4ELi5EEENS4_ILS5_4ELi6EEENS4_ILS5_4ELi7EEEEZ4mainE10Flash_dataZ4mainE8Out_regsZ4mainEUt_E11work_selectMUlvE_EE9_M_invokeERKSt9_Any_data
                0x000000000800144a       0x4e build/main.o
 .text._ZNSt17_Function_handlerIFvvEN4MenuI12HD44780_pinsIN3mcu4Pin_ILNS3_6PeriphE5ELi12EEENS4_ILS5_6ELi2EEENS4_ILS5_4ELi3EEENS4_ILS5_4ELi4EEENS4_ILS5_4ELi5EEENS4_ILS5_4ELi6EEENS4_ILS5_4ELi7EEEEZ4mainE10Flash_dataZ4mainE8Out_regsZ4mainEUt_E11work_selectMUlvE0_EE9_M_invokeERKSt9_Any_data
                0x0000000008001498       0x12 build/main.o
 .text._ZNSt17_Function_handlerIFvvEN4MenuI12HD44780_pinsIN3mcu4Pin_ILNS3_6PeriphE5ELi12EEENS4_ILS5_6ELi2EEENS4_ILS5_4ELi3EEENS4_ILS5_4ELi4EEENS4_ILS5_4ELi5EEENS4_ILS5_4ELi6EEENS4_ILS5_4ELi7EEEEZ4mainE10Flash_dataZ4mainE8Out_regsZ4mainEUt_E16work_time_screenMUlvE_EE9_M_invokeERKSt9_Any_data
                0x00000000080014aa       0x12 build/main.o
 .text._ZNSt17_Function_handlerIFvvEN4MenuI12HD44780_pinsIN3mcu4Pin_ILNS3_6PeriphE5ELi12EEENS4_ILS5_6ELi2EEENS4_ILS5_4ELi3EEENS4_ILS5_4ELi4EEENS4_ILS5_4ELi5EEENS4_ILS5_4ELi6EEENS4_ILS5_4ELi7EEEEZ4mainE10Flash_dataZ4mainE8Out_regsZ4mainEUt_E11reset_n_setMUlvE_EE9_M_invokeERKSt9_Any_data
                0x00000000080014bc       0x12 build/main.o
 .text._ZNSt17_Function_handlerIFvvEN4MenuI12HD44780_pinsIN3mcu4Pin_ILNS3_6PeriphE5ELi12EEENS4_ILS5_6ELi2EEENS4_ILS5_4ELi3EEENS4_ILS5_4ELi4EEENS4_ILS5_4ELi5EEENS4_ILS5_4ELi6EEENS4_ILS5_4ELi7EEEEZ4mainE10Flash_dataZ4mainE8Out_regsZ4mainEUt_E13config_selectMUlvE_EE9_M_invokeERKSt9_Any_data
                0x00000000080014ce       0x12 build/main.o
 .text._ZNSt17_Function_handlerIFvvEN4MenuI12HD44780_pinsIN3mcu4Pin_ILNS3_6PeriphE5ELi12EEENS4_ILS5_6ELi2EEENS4_ILS5_4ELi3EEENS4_ILS5_4ELi4EEENS4_ILS5_4ELi5EEENS4_ILS5_4ELi6EEENS4_ILS5_4ELi7EEEEZ4mainE10Flash_dataZ4mainE8Out_regsZ4mainEUt_E13config_selectMUlvE0_EE9_M_invokeERKSt9_Any_data
                0x00000000080014e0       0x12 build/main.o
 *fill*         0x00000000080014f2        0x2 
 .text._ZNSt17_Function_handlerIFvvEN4MenuI12HD44780_pinsIN3mcu4Pin_ILNS3_6PeriphE5ELi12EEENS4_ILS5_6ELi2EEENS4_ILS5_4ELi3EEENS4_ILS5_4ELi4EEENS4_ILS5_4ELi5EEENS4_ILS5_4ELi6EEENS4_ILS5_4ELi7EEEEZ4mainE10Flash_dataZ4mainE8Out_regsZ4mainEUt_E13config_selectMUlvE1_EE9_M_invokeERKSt9_Any_data
                0x00000000080014f4       0x14 build/main.o
 .text._ZNSt17_Function_handlerIFvvEN4MenuI12HD44780_pinsIN3mcu4Pin_ILNS3_6PeriphE5ELi12EEENS4_ILS5_6ELi2EEENS4_ILS5_4ELi3EEENS4_ILS5_4ELi4EEENS4_ILS5_4ELi5EEENS4_ILS5_4ELi6EEENS4_ILS5_4ELi7EEEEZ4mainE10Flash_dataZ4mainE8Out_regsZ4mainEUt_E13config_selectMUlvE2_EE9_M_invokeERKSt9_Any_data
                0x0000000008001508       0x12 build/main.o
 .text._ZNSt17_Function_handlerIFvvEN4MenuI12HD44780_pinsIN3mcu4Pin_ILNS3_6PeriphE5ELi12EEENS4_ILS5_6ELi2EEENS4_ILS5_4ELi3EEENS4_ILS5_4ELi4EEENS4_ILS5_4ELi5EEENS4_ILS5_4ELi6EEENS4_ILS5_4ELi7EEEEZ4mainE10Flash_dataZ4mainE8Out_regsZ4mainEUt_E13config_selectMUlvE3_EE9_M_invokeERKSt9_Any_data
                0x000000000800151a       0x12 build/main.o
 .text._ZNSt17_Function_handlerIFvvEN4MenuI12HD44780_pinsIN3mcu4Pin_ILNS3_6PeriphE5ELi12EEENS4_ILS5_6ELi2EEENS4_ILS5_4ELi3EEENS4_ILS5_4ELi4EEENS4_ILS5_4ELi5EEENS4_ILS5_4ELi6EEENS4_ILS5_4ELi7EEEEZ4mainE10Flash_dataZ4mainE8Out_regsZ4mainEUt_E13config_screenMUlvE_EE9_M_invokeERKSt9_Any_data
                0x000000000800152c       0x12 build/main.o
 .text._ZNSt17_Function_handlerIFvvEN4MenuI12HD44780_pinsIN3mcu4Pin_ILNS3_6PeriphE5ELi12EEENS4_ILS5_6ELi2EEENS4_ILS5_4ELi3EEENS4_ILS5_4ELi4EEENS4_ILS5_4ELi5EEENS4_ILS5_4ELi6EEENS4_ILS5_4ELi7EEEEZ4mainE10Flash_dataZ4mainE8Out_regsZ4mainEUt_E10min_UV_setMUlvE_EE9_M_invokeERKSt9_Any_data
                0x000000000800153e       0x12 build/main.o
 .text._ZNSt17_Function_handlerIFvvEN4MenuI12HD44780_pinsIN3mcu4Pin_ILNS3_6PeriphE5ELi12EEENS4_ILS5_6ELi2EEENS4_ILS5_4ELi3EEENS4_ILS5_4ELi4EEENS4_ILS5_4ELi5EEENS4_ILS5_4ELi6EEENS4_ILS5_4ELi7EEEEZ4mainE10Flash_dataZ4mainE8Out_regsZ4mainEUt_E13modbus_selectMUlvE_EE9_M_invokeERKSt9_Any_data
                0x0000000008001550       0x12 build/main.o