Archive member included to satisfy reference by file (symbol)

/usr/lib/gcc/arm-none-eabi/9.2.1/../../../arm-none-eabi/lib/thumb/v6-m/nofp/libstdc++_nano.a(atexit_arm.o)
                              build/main.o (__aeabi_atexit)
/usr/lib/gcc/arm-none-eabi/9.2.1/../../../arm-none-eabi/lib/thumb/v6-m/nofp/libstdc++_nano.a(functexcept.o)
                              build/main.o (std::__throw_out_of_range_fmt(char const*, ...))
/usr/lib/gcc/arm-none-eabi/9.2.1/../../../arm-none-eabi/lib/thumb/v6-m/nofp/libstdc++_nano.a(functional.o)
                              build/main.o (std::__throw_bad_function_call())
/usr/lib/gcc/arm-none-eabi/9.2.1/../../../arm-none-eabi/lib/thumb/v6-m/nofp/libstdc++_nano.a(snprintf_lite.o)
                              /usr/lib/gcc/arm-none-eabi/9.2.1/../../../arm-none-eabi/lib/thumb/v6-m/nofp/libstdc++_nano.a(functexcept.o) (__gnu_cxx::__snprintf_lite(char*, unsigned int, char const*, std::__va_list))
/usr/lib/gcc/arm-none-eabi/9.2.1/../../../arm-none-eabi/lib/thumb/v6-m/nofp/libstdc++_nano.a(del_op.o)
                              /usr/lib/gcc/arm-none-eabi/9.2.1/../../../arm-none-eabi/lib/thumb/v6-m/nofp/libstdc++_nano.a(functional.o) (operator delete(void*))
/usr/lib/gcc/arm-none-eabi/9.2.1/../../../arm-none-eabi/lib/thumb/v6-m/nofp/libstdc++_nano.a(eh_exception.o)
                              /usr/lib/gcc/arm-none-eabi/9.2.1/../../../arm-none-eabi/lib/thumb/v6-m/nofp/libstdc++_nano.a(functional.o) (std::exception::~exception())
/usr/lib/gcc/arm-none-eabi/9.2.1/../../../arm-none-eabi/lib/thumb/v6-m/nofp/libstdc++_nano.a(pure.o)
                              /usr/lib/gcc/arm-none-eabi/9.2.1/../../../arm-none-eabi/lib/thumb/v6-m/nofp/libstdc++_nano.a(eh_exception.o) (__cxa_pure_virtual)
/usr/lib/gcc/arm-none-eabi/9.2.1/../../../arm-none-eabi/lib/thumb/v6-m/nofp/libstdc++_nano.a(si_class_type_info.o)
                              /usr/lib/gcc/arm-none-eabi/9.2.1/../../../arm-none-eabi/lib/thumb/v6-m/nofp/libstdc++_nano.a(functional.o) (vtable for __cxxabiv1::__si_class_type_info)
/usr/lib/gcc/arm-none-eabi/9.2.1/../../../arm-none-eabi/lib/thumb/v6-m/nofp/libstdc++_nano.a(tinfo.o)
                              /usr/lib/gcc/arm-none-eabi/9.2.1/../../../arm-none-eabi/lib/thumb/v6-m/nofp/libstdc++_nano.a(si_class_type_info.o) (std::type_info::__is_pointer_p() const)
/usr/lib/gcc/arm-none-eabi/9.2.1/../../../arm-none-eabi/lib/thumb/v6-m/nofp/libstdc++_nano.a(class_type_info.o)
                              /usr/lib/gcc/arm-none-eabi/9.2.1/../../../arm-none-eabi/lib/thumb/v6-m/nofp/libstdc++_nano.a(si_class_type_info.o) (__cxxabiv1::__class_type_info::__do_upcast(__cxxabiv1::__class_type_info const*, void**) const)
/usr/lib/gcc/arm-none-eabi/9.2.1/../../../arm-none-eabi/lib/thumb/v6-m/nofp/libstdc++_nano.a(del_ops.o)
                              /usr/lib/gcc/arm-none-eabi/9.2.1/../../../arm-none-eabi/lib/thumb/v6-m/nofp/libstdc++_nano.a(eh_exception.o) (operator delete(void*, unsigned int))
/usr/lib/gcc/arm-none-eabi/9.2.1/../../../arm-none-eabi/lib/thumb/v6-m/nofp/libstdc++_nano.a(eh_terminate.o)
                              /usr/lib/gcc/arm-none-eabi/9.2.1/../../../arm-none-eabi/lib/thumb/v6-m/nofp/libstdc++_nano.a(pure.o) (std::terminate())
/usr/lib/gcc/arm-none-eabi/9.2.1/../../../arm-none-eabi/lib/thumb/v6-m/nofp/libstdc++_nano.a(eh_unex_handler.o)
                              /usr/lib/gcc/arm-none-eabi/9.2.1/../../../arm-none-eabi/lib/thumb/v6-m/nofp/libstdc++_nano.a(eh_terminate.o) (__cxxabiv1::__unexpected_handler)
/usr/lib/gcc/arm-none-eabi/9.2.1/../../../arm-none-eabi/lib/thumb/v6-m/nofp/libstdc++_nano.a(eh_term_handler.o)
                              /usr/lib/gcc/arm-none-eabi/9.2.1/../../../arm-none-eabi/lib/thumb/v6-m/nofp/libstdc++_nano.a(eh_terminate.o) (__cxxabiv1::__terminate_handler)
/usr/lib/gcc/arm-none-eabi/9.2.1/../../../arm-none-eabi/lib/thumb/v6-m/nofp/libc_nano.a(lib_a-abort.o)
                              /usr/lib/gcc/arm-none-eabi/9.2.1/../../../arm-none-eabi/lib/thumb/v6-m/nofp/libstdc++_nano.a(functexcept.o) (abort)
/usr/lib/gcc/arm-none-eabi/9.2.1/../../../arm-none-eabi/lib/thumb/v6-m/nofp/libc_nano.a(lib_a-atexit.o)
                              /usr/lib/gcc/arm-none-eabi/9.2.1/../../../arm-none-eabi/lib/thumb/v6-m/nofp/crt0.o (atexit)
/usr/lib/gcc/arm-none-eabi/9.2.1/../../../arm-none-eabi/lib/thumb/v6-m/nofp/libc_nano.a(lib_a-cxa_atexit.o)
                              /usr/lib/gcc/arm-none-eabi/9.2.1/../../../arm-none-eabi/lib/thumb/v6-m/nofp/libstdc++_nano.a(atexit_arm.o) (__cxa_atexit)
/usr/lib/gcc/arm-none-eabi/9.2.1/../../../arm-none-eabi/lib/thumb/v6-m/nofp/libc_nano.a(lib_a-exit.o)
                              /usr/lib/gcc/arm-none-eabi/9.2.1/../../../arm-none-eabi/lib/thumb/v6-m/nofp/crt0.o (exit)
/usr/lib/gcc/arm-none-eabi/9.2.1/../../../arm-none-eabi/lib/thumb/v6-m/nofp/libc_nano.a(lib_a-fini.o)
                              /usr/lib/gcc/arm-none-eabi/9.2.1/../../../arm-none-eabi/lib/thumb/v6-m/nofp/crt0.o (__libc_fini_array)
[...]
Memory Configuration

Name             Origin             Length             Attributes
RAM              0x0000000020000000 0x0000000000005000 xrw
FLASH            0x0000000008000000 0x0000000000020000 xr
*default*        0x0000000000000000 0xffffffffffffffff

Linker script and memory map

LOAD /usr/lib/gcc/arm-none-eabi/9.2.1/thumb/v6-m/nofp/crti.o
LOAD /usr/lib/gcc/arm-none-eabi/9.2.1/thumb/v6-m/nofp/crtbegin.o
LOAD /usr/lib/gcc/arm-none-eabi/9.2.1/../../../arm-none-eabi/lib/thumb/v6-m/nofp/crt0.o
LOAD build/main.o
LOAD build/startup_stm32f103xb.o
LOAD /usr/lib/gcc/arm-none-eabi/9.2.1/../../../arm-none-eabi/lib/thumb/v6-m/nofp/libnosys.a
LOAD /usr/lib/gcc/arm-none-eabi/9.2.1/../../../arm-none-eabi/lib/thumb/v6-m/nofp/libstdc++_nano.a
LOAD /usr/lib/gcc/arm-none-eabi/9.2.1/../../../arm-none-eabi/lib/thumb/v6-m/nofp/libm.a
LOAD /usr/lib/gcc/arm-none-eabi/9.2.1/../../../arm-none-eabi/lib/thumb/v6-m/nofp/libc_nano.a
START GROUP
LOAD /usr/lib/gcc/arm-none-eabi/9.2.1/thumb/v6-m/nofp/libgcc.a
LOAD /usr/lib/gcc/arm-none-eabi/9.2.1/../../../arm-none-eabi/lib/thumb/v6-m/nofp/libc_nano.a
END GROUP
START GROUP
LOAD /usr/lib/gcc/arm-none-eabi/9.2.1/thumb/v6-m/nofp/libgcc.a
LOAD /usr/lib/gcc/arm-none-eabi/9.2.1/../../../arm-none-eabi/lib/thumb/v6-m/nofp/libc_nano.a
LOAD /usr/lib/gcc/arm-none-eabi/9.2.1/../../../arm-none-eabi/lib/thumb/v6-m/nofp/libnosys.a
END GROUP
START GROUP
LOAD /usr/lib/gcc/arm-none-eabi/9.2.1/thumb/v6-m/nofp/libgcc.a
LOAD /usr/lib/gcc/arm-none-eabi/9.2.1/../../../arm-none-eabi/lib/thumb/v6-m/nofp/libc_nano.a
LOAD /usr/lib/gcc/arm-none-eabi/9.2.1/../../../arm-none-eabi/lib/thumb/v6-m/nofp/libnosys.a
END GROUP
LOAD /usr/lib/gcc/arm-none-eabi/9.2.1/thumb/v6-m/nofp/crtend.o
LOAD /usr/lib/gcc/arm-none-eabi/9.2.1/thumb/v6-m/nofp/crtn.o
                0x0000000020005000                _estack = 0x20005000
                0x0000000000000200                _Min_Heap_Size = 0x200
                0x0000000000000400                _Min_Stack_Size = 0x400

.isr_vector     0x0000000008000000      0x10c
                0x0000000008000000                . = ALIGN (0x4)
 *(.isr_vector)
 .isr_vector    0x0000000008000000      0x10c build/startup_stm32f103xb.o
                0x0000000008000000                g_pfnVectors
                0x000000000800010c                . = ALIGN (0x4)

.text           0x000000000800010c     0xe038
                0x000000000800010c                . = ALIGN (0x4)
 *(.text)
 .text          0x000000000800010c       0x98 /usr/lib/gcc/arm-none-eabi/9.2.1/thumb/v6-m/nofp/crtbegin.o
 .text          0x00000000080001a4       0x10 /usr/lib/gcc/arm-none-eabi/9.2.1/../../../arm-none-eabi/lib/thumb/v6-m/nofp/libc_nano.a(lib_a-abort.o)
                0x00000000080001a4                abort
 .text          0x00000000080001b4       0x20 /usr/lib/gcc/arm-none-eabi/9.2.1/../../../arm-none-eabi/lib/thumb/v6-m/nofp/libc_nano.a(lib_a-cxa_atexit.o)
                0x00000000080001b4                __cxa_atexit
 .text          0x00000000080001d4       0x44 /usr/lib/gcc/arm-none-eabi/9.2.1/../../../arm-none-eabi/lib/thumb/v6-m/nofp/libc_nano.a(lib_a-init.o)
                0x00000000080001d4                __libc_init_array
 .text          0x0000000008000218       0x28 /usr/lib/gcc/arm-none-eabi/9.2.1/../../../arm-none-eabi/lib/thumb/v6-m/nofp/libc_nano.a(lib_a-malloc.o)
                0x0000000008000218                malloc
                0x000000000800022c                free
 .text          0x0000000008000240       0x50 /usr/lib/gcc/arm-none-eabi/9.2.1/../../../arm-none-eabi/lib/thumb/v6-m/nofp/libc_nano.a(lib_a-memcmp.o)
                0x0000000008000240                memcmp
 .text          0x0000000008000290       0xa8 /usr/lib/gcc/arm-none-eabi/9.2.1/../../../arm-none-eabi/lib/thumb/v6-m/nofp/libc_nano.a(lib_a-memcpy-stub.o)
                0x0000000008000290                memcpy
 .text          0x0000000008000338       0xbc /usr/lib/gcc/arm-none-eabi/9.2.1/../../../arm-none-eabi/lib/thumb/v6-m/nofp/libc_nano.a(lib_a-memmove.o)
                0x0000000008000338                memmove
 .text          0x00000000080003f4       0xa8 /usr/lib/gcc/arm-none-eabi/9.2.1/../../../arm-none-eabi/lib/thumb/v6-m/nofp/libc_nano.a(lib_a-memset.o)
                0x00000000080003f4                memset
 .text          0x000000000800049c       0xac /usr/lib/gcc/arm-none-eabi/9.2.1/../../../arm-none-eabi/lib/thumb/v6-m/nofp/libc_nano.a(lib_a-nano-freer.o)
                0x000000000800049c                _free_r
 .text          0x0000000008000548       0xcc /usr/lib/gcc/arm-none-eabi/9.2.1/../../../arm-none-eabi/lib/thumb/v6-m/nofp/libc_nano.a(lib_a-nano-mallocr.o)
                0x0000000008000548                _malloc_r
 .text          0x0000000008000614       0x24 /usr/lib/gcc/arm-none-eabi/9.2.1/../../../arm-none-eabi/lib/thumb/v6-m/nofp/libc_nano.a(lib_a-sbrkr.o)
                0x0000000008000614                _sbrk_r
 .text          0x0000000008000638      0x178 /usr/lib/gcc/arm-none-eabi/9.2.1/../../../arm-none-eabi/lib/thumb/v6-m/nofp/libc_nano.a(lib_a-signal.o)
                0x0000000008000660                _init_signal_r
                0x0000000008000678                _signal_r
                0x00000000080006b0                _raise_r
                0x0000000008000708                __sigtramp_r
                0x0000000008000754                raise
                0x0000000008000768                signal
                0x0000000008000780                _init_signal
                0x000000000800079c                __sigtramp
 .text          0x00000000080007b0       0x30 /usr/lib/gcc/arm-none-eabi/9.2.1/../../../arm-none-eabi/lib/thumb/v6-m/nofp/libc_nano.a(lib_a-signalr.o)
                0x00000000080007b0                _kill_r
                0x00000000080007d8                _getpid_r
 .text          0x00000000080007e0       0x78 /usr/lib/gcc/arm-none-eabi/9.2.1/../../../arm-none-eabi/lib/thumb/v6-m/nofp/libc_nano.a(lib_a-sprintf.o)
                0x00000000080007e0                _siprintf_r
                0x00000000080007e0                _sprintf_r
                0x0000000008000818                sprintf
                0x0000000008000818                siprintf
 .text          0x0000000008000858       0x68 /usr/lib/gcc/arm-none-eabi/9.2.1/../../../arm-none-eabi/lib/thumb/v6-m/nofp/libc_nano.a(lib_a-strlen-stub.o)
                0x0000000008000858                strlen
 .text          0x00000000080008c0       0xdc /usr/lib/gcc/arm-none-eabi/9.2.1/../../../arm-none-eabi/lib/thumb/v6-m/nofp/libc_nano.a(lib_a-__atexit.o)
                0x00000000080008c0                __register_exitproc
 .text          0x000000000800099c        0x8 /usr/lib/gcc/arm-none-eabi/9.2.1/../../../arm-none-eabi/lib/thumb/v6-m/nofp/libc_nano.a(lib_a-mlock.o)
                0x000000000800099c                __malloc_lock
                0x00000000080009a0                __malloc_unlock
 .text          0x00000000080009a4      0x480 /usr/lib/gcc/arm-none-eabi/9.2.1/../../../arm-none-eabi/lib/thumb/v6-m/nofp/libc_nano.a(lib_a-nano-svfprintf.o)
                0x00000000080009a4                __ssputs_r
                0x0000000008000a74                __ssprint_r
                0x0000000008000b88                _svfprintf_r
                0x0000000008000b88                _svfiprintf_r
 .text          0x0000000008000e24      0x3d8 /usr/lib/gcc/arm-none-eabi/9.2.1/../../../arm-none-eabi/lib/thumb/v6-m/nofp/libc_nano.a(lib_a-nano-vfprintf_i.o)
                0x0000000008000e24                _printf_common
                0x0000000008000f54                _printf_i
 .text          0x00000000080011fc       0x80 /usr/lib/gcc/arm-none-eabi/9.2.1/../../../arm-none-eabi/lib/thumb/v6-m/nofp/libc_nano.a(lib_a-memchr-stub.o)
                0x00000000080011fc                memchr
 .text          0x000000000800127c       0x50 /usr/lib/gcc/arm-none-eabi/9.2.1/../../../arm-none-eabi/lib/thumb/v6-m/nofp/libc_nano.a(lib_a-nano-reallocr.o)
                0x000000000800127c                _realloc_r
 .text          0x00000000080012cc       0x14 /usr/lib/gcc/arm-none-eabi/9.2.1/../../../arm-none-eabi/lib/thumb/v6-m/nofp/libc_nano.a(lib_a-nano-msizer.o)
                0x00000000080012cc                _malloc_usable_size_r
 .text          0x00000000080012e0       0x14 /usr/lib/gcc/arm-none-eabi/9.2.1/thumb/v6-m/nofp/libgcc.a(_thumb1_case_uqi.o)
                0x00000000080012e0                __gnu_thumb1_case_uqi
 .text          0x00000000080012f4      0x114 /usr/lib/gcc/arm-none-eabi/9.2.1/thumb/v6-m/nofp/libgcc.a(_udivsi3.o)
                0x00000000080012f4                __udivsi3
                0x00000000080012f4                __aeabi_uidiv
                0x0000000008001400                __aeabi_uidivmod
 .text          0x0000000008001408      0x1d4 /usr/lib/gcc/arm-none-eabi/9.2.1/thumb/v6-m/nofp/libgcc.a(_divsi3.o)
                0x0000000008001408                __aeabi_idiv
                0x0000000008001408                __divsi3
                0x00000000080015d4                __aeabi_idivmod
 .text          0x00000000080015dc        0x4 /usr/lib/gcc/arm-none-eabi/9.2.1/thumb/v6-m/nofp/libgcc.a(_dvmd_tls.o)
                0x00000000080015dc                __aeabi_ldiv0
                0x00000000080015dc                __aeabi_idiv0
 .text          0x00000000080015e0       0x10 /usr/lib/gcc/arm-none-eabi/9.2.1/../../../arm-none-eabi/lib/thumb/v6-m/nofp/libnosys.a(getpid.o)
                0x00000000080015e0                _getpid
 .text          0x00000000080015f0       0x10 /usr/lib/gcc/arm-none-eabi/9.2.1/../../../arm-none-eabi/lib/thumb/v6-m/nofp/libnosys.a(kill.o)
                0x00000000080015f0                _kill
 .text          0x0000000008001600       0x1c /usr/lib/gcc/arm-none-eabi/9.2.1/../../../arm-none-eabi/lib/thumb/v6-m/nofp/libnosys.a(sbrk.o)
                0x0000000008001600                _sbrk
 .text          0x000000000800161c        0x4 /usr/lib/gcc/arm-none-eabi/9.2.1/../../../arm-none-eabi/lib/thumb/v6-m/nofp/libnosys.a(_exit.o)
                0x000000000800161c                _exit
 *(.text*)
 .text.NVIC_EnableIRQ
                0x0000000008001620       0x18 build/main.o
 .text._ZN5Timer6notifyEv
                0x0000000008001638        0x8 build/main.o
                0x0000000008001638                Timer::notify()
 .text._ZN13Config_screen4drawEv
                0x0000000008001640        0x2 build/main.o
                0x0000000008001640                Config_screen::draw()
 .text._ZN15Password_screen4drawEv
                0x0000000008001642        0x2 build/main.o
                0x0000000008001642                Password_screen::draw()
 .text._ZN10Log_screen4drawEv
                0x0000000008001644        0x2 build/main.o
                0x0000000008001644                Log_screen::draw()
 .text._ZNSt14_Function_base13_Base_managerIZN11Main_screen4initEvEUlvE_E10_M_managerERSt9_Any_dataRKS4_St18_Manager_operation
                0x0000000008001646       0x18 build/main.o
                0x0000000008001646                std::_Function_base::_Base_manager<Main_screen::init()::{lambda()#1}>::_M_manager(std::_Any_data&, std::_Function_base::_Base_manager<Main_screen::init()::{lambda()#1}> const&, std::_Manager_operation)
 .text._ZNSt14_Function_base13_Base_managerIZN16Bad_lamps_screen4initEvEUlvE_E10_M_managerERSt9_Any_dataRKS4_St18_Manager_operation
                0x000000000800165e       0x18 build/main.o
                0x000000000800165e                std::_Function_base::_Base_manager<Bad_lamps_screen::init()::{lambda()#1}>::_M_manager(std::_Any_data&, std::_Function_base::_Base_manager<Bad_lamps_screen::init()::{lambda()#1}> const&, std::_Manager_operation)
 .text._ZNSt14_Function_base13_Base_managerIZN16Bad_lamps_screen4initEvEUlvE0_E10_M_managerERSt9_Any_dataRKS4_St18_Manager_operation
                0x0000000008001676       0x18 build/main.o
                0x0000000008001676                std::_Function_base::_Base_manager<Bad_lamps_screen::init()::{lambda()#2}>::_M_manager(std::_Any_data&, std::_Function_base::_Base_manager<Bad_lamps_screen::init()::{lambda()#2}> const&, std::_Manager_operation)
 .text._ZNSt14_Function_base13_Base_managerIZN16Bad_lamps_screen4initEvEUlvE1_E10_M_managerERSt9_Any_dataRKS4_St18_Manager_operation
                0x000000000800168e       0x18 build/main.o
                0x000000000800168e                std::_Function_base::_Base_manager<Bad_lamps_screen::init()::{lambda()#3}>::_M_manager(std::_Any_data&, std::_Function_base::_Base_manager<Bad_lamps_screen::init()::{lambda()#3}> const&, std::_Manager_operation)
 .text._ZNSt14_Function_base13_Base_managerIZN16Work_time_screen4initEvEUlvE_E10_M_managerERSt9_Any_dataRKS4_St18_Manager_operation
                0x00000000080016a6       0x18 build/main.o
                0x00000000080016a6                std::_Function_base::_Base_manager<Work_time_screen::init()::{lambda()#1}>::_M_manager(std::_Any_data&, std::_Function_base::_Base_manager<Work_time_screen::init()::{lambda()#1}> const&, std::_Manager_operation)
 .text._ZNSt14_Function_base13_Base_managerIZN16Work_time_screen4initEvEUlvE0_E10_M_managerERSt9_Any_dataRKS4_St18_Manager_operation
                0x00000000080016be       0x18 build/main.o
                0x00000000080016be                std::_Function_base::_Base_manager<Work_time_screen::init()::{lambda()#2}>::_M_manager(std::_Any_data&, std::_Function_base::_Base_manager<Work_time_screen::init()::{lambda()#2}> const&, std::_Manager_operation)
 .text._ZNSt14_Function_base13_Base_managerIZN16Work_time_screen4initEvEUlvE1_E10_M_managerERSt9_Any_dataRKS4_St18_Manager_operation
                0x00000000080016d6       0x18 build/main.o
                0x00000000080016d6                std::_Function_base::_Base_manager<Work_time_screen::init()::{lambda()#3}>::_M_manager(std::_Any_data&, std::_Function_base::_Base_manager<Work_time_screen::init()::{lambda()#3}> const&, std::_Manager_operation)
 .text._ZNSt14_Function_base13_Base_managerIZN13Config_screen4initEvEUlvE_E10_M_managerERSt9_Any_dataRKS4_St18_Manager_operation
                0x00000000080016ee       0x18 build/main.o
                0x00000000080016ee                std::_Function_base::_Base_manager<Config_screen::init()::{lambda()#1}>::_M_manager(std::_Any_data&, std::_Function_base::_Base_manager<Config_screen::init()::{lambda()#1}> const&, std::_Manager_operation)
 .text._ZNSt14_Function_base13_Base_managerIZN13Config_screen4initEvEUlvE0_E10_M_managerERSt9_Any_dataRKS4_St18_Manager_operation
                0x0000000008001706       0x18 build/main.o
                0x0000000008001706                std::_Function_base::_Base_manager<Config_screen::init()::{lambda()#2}>::_M_manager(std::_Any_data&, std::_Function_base::_Base_manager<Config_screen::init()::{lambda()#2}> const&, std::_Manager_operation)
 .text._ZNSt14_Function_base13_Base_managerIZN13Config_screen4initEvEUlvE1_E10_M_managerERSt9_Any_dataRKS4_St18_Manager_operation
                0x000000000800171e       0x18 build/main.o
                0x000000000800171e                std::_Function_base::_Base_manager<Config_screen::init()::{lambda()#3}>::_M_manager(std::_Any_data&, std::_Function_base::_Base_manager<Config_screen::init()::{lambda()#3}> const&, std::_Manager_operation)
 .text._ZNSt14_Function_base13_Base_managerIZN15Password_screen4initEvEUlvE_E10_M_managerERSt9_Any_dataRKS4_St18_Manager_operation
                0x0000000008001736       0x18 build/main.o
                0x0000000008001736                std::_Function_base::_Base_manager<Password_screen::init()::{lambda()#1}>::_M_manager(std::_Any_data&, std::_Function_base::_Base_manager<Password_screen::init()::{lambda()#1}> const&, std::_Manager_operation)
 .text._ZNSt14_Function_base13_Base_managerIZN15Password_screen4initEvEUlvE0_E10_M_managerERSt9_Any_dataRKS4_St18_Manager_operation
                0x000000000800174e       0x18 build/main.o
                0x000000000800174e                std::_Function_base::_Base_manager<Password_screen::init()::{lambda()#2}>::_M_manager(std::_Any_data&, std::_Function_base::_Base_manager<Password_screen::init()::{lambda()#2}> const&, std::_Manager_operation)
 .text._ZNSt14_Function_base13_Base_managerIZN15Password_screen4initEvEUlvE1_E10_M_managerERSt9_Any_dataRKS4_St18_Manager_operation
                0x0000000008001766       0x18 build/main.o
                0x0000000008001766                std::_Function_base::_Base_manager<Password_screen::init()::{lambda()#3}>::_M_manager(std::_Any_data&, std::_Function_base::_Base_manager<Password_screen::init()::{lambda()#3}> const&, std::_Manager_operation)
 .text._ZNSt14_Function_base13_Base_managerIZN15Password_screen4initEvEUlvE2_E10_M_managerERSt9_Any_dataRKS4_St18_Manager_operation
                0x000000000800177e       0x18 build/main.o
                0x000000000800177e                std::_Function_base::_Base_manager<Password_screen::init()::{lambda()#4}>::_M_manager(std::_Any_data&, std::_Function_base::_Base_manager<Password_screen::init()::{lambda()#4}> const&, std::_Manager_operation)
 .text._ZNSt14_Function_base13_Base_managerIZN10Log_screen4initEvEUlvE_E10_M_managerERSt9_Any_dataRKS4_St18_Manager_operation
                0x0000000008001796       0x18 build/main.o
                0x0000000008001796                std::_Function_base::_Base_manager<Log_screen::init()::{lambda()#1}>::_M_manager(std::_Any_data&, std::_Function_base::_Base_manager<Log_screen::init()::{lambda()#1}> const&, std::_Manager_operation)
 .text._ZNSt14_Function_base13_Base_managerIZ4mainEUlvE0_E10_M_managerERSt9_Any_dataRKS3_St18_Manager_operation
                0x00000000080017ae       0x18 build/main.o
 .text._ZNSt14_Function_base13_Base_managerIZ4mainEUlvE2_E10_M_managerERSt9_Any_dataRKS3_St18_Manager_operation
                0x00000000080017c6       0x18 build/main.o
 .text._ZZN13Modbus_masterILj16EEC4IZ4mainE3RegEER10UART_sizedILj255EER9InterruptS7_iNS4_8SettingsERT_ENKUlS9_E_clIP13Register_baseEEDaS9_
                0x00000000080017de       0x14 build/main.o
 .text._ZNSt14_Function_base13_Base_managerIN4MenuI12HD44780_pinsIN3mcu4Pin_ILNS3_6PeriphE5ELi12EEENS4_ILS5_6ELi2EEENS4_ILS5_4ELi3EEENS4_ILS5_4ELi4EEENS4_ILS5_4ELi5EEENS4_ILS5_4ELi6EEENS4_ILS5_4ELi7EEEEZ4mainE10Flash_dataZ4mainE8Out_regsZ4mainE3RegE14buttons_eventsMUlT_E_EE10_M_managerERSt9_Any_dataRKSL_St18_Manager_operation
                0x00000000080017f2       0x18 build/main.o
 .text._ZNSt14_Function_base13_Base_managerIN4MenuI12HD44780_pinsIN3mcu4Pin_ILNS3_6PeriphE5ELi12EEENS4_ILS5_6ELi2EEENS4_ILS5_4ELi3EEENS4_ILS5_4ELi4EEENS4_ILS5_4ELi5EEENS4_ILS5_4ELi6EEENS4_ILS5_4ELi7EEEEZ4mainE10Flash_dataZ4mainE8Out_regsZ4mainE3RegE14buttons_eventsMUlT_E0_EE10_M_managerERSt9_Any_dataRKSL_St18_Manager_operation
                0x000000000800180a       0x18 build/main.o
 .text._ZNSt14_Function_base13_Base_managerIN4MenuI12HD44780_pinsIN3mcu4Pin_ILNS3_6PeriphE5ELi12EEENS4_ILS5_6ELi2EEENS4_ILS5_4ELi3EEENS4_ILS5_4ELi4EEENS4_ILS5_4ELi5EEENS4_ILS5_4ELi6EEENS4_ILS5_4ELi7EEEEZ4mainE10Flash_dataZ4mainE8Out_regsZ4mainE3RegE14buttons_eventsMUlT_E1_EE10_M_managerERSt9_Any_dataRKSL_St18_Manager_operation
                0x0000000008001822       0x18 build/main.o
 .text._ZNSt14_Function_base13_Base_managerIN4MenuI12HD44780_pinsIN3mcu4Pin_ILNS3_6PeriphE5ELi12EEENS4_ILS5_6ELi2EEENS4_ILS5_4ELi3EEENS4_ILS5_4ELi4EEENS4_ILS5_4ELi5EEENS4_ILS5_4ELi6EEENS4_ILS5_4ELi7EEEEZ4mainE10Flash_dataZ4mainE8Out_regsZ4mainE3RegE14buttons_eventsMUlT_E2_EE10_M_managerERSt9_Any_dataRKSL_St18_Manager_operation
                0x000000000800183a       0x18 build/main.o
 .text._ZNSt14_Function_base13_Base_managerIN4MenuI12HD44780_pinsIN3mcu4Pin_ILNS3_6PeriphE5ELi12EEENS4_ILS5_6ELi2EEENS4_ILS5_4ELi3EEENS4_ILS5_4ELi4EEENS4_ILS5_4ELi5EEENS4_ILS5_4ELi6EEENS4_ILS5_4ELi7EEEEZ4mainE10Flash_dataZ4mainE8Out_regsZ4mainE3RegE14buttons_eventsMUlT_E3_EE10_M_managerERSt9_Any_dataRKSL_St18_Manager_operation
                0x0000000008001852       0x18 build/main.o
 .text._ZNSt14_Function_base13_Base_managerIN4MenuI12HD44780_pinsIN3mcu4Pin_ILNS3_6PeriphE5ELi12EEENS4_ILS5_6ELi2EEENS4_ILS5_4ELi3EEENS4_ILS5_4ELi4EEENS4_ILS5_4ELi5EEENS4_ILS5_4ELi6EEENS4_ILS5_4ELi7EEEEZ4mainE10Flash_dataZ4mainE8Out_regsZ4mainE3RegE14buttons_eventsMUlT_E4_EE10_M_managerERSt9_Any_dataRKSL_St18_Manager_operation
                0x000000000800186a       0x18 build/main.o
 .text._ZNSt14_Function_base13_Base_managerIN4MenuI12HD44780_pinsIN3mcu4Pin_ILNS3_6PeriphE5ELi12EEENS4_ILS5_6ELi2EEENS4_ILS5_4ELi3EEENS4_ILS5_4ELi4EEENS4_ILS5_4ELi5EEENS4_ILS5_4ELi6EEENS4_ILS5_4ELi7EEEEZ4mainE10Flash_dataZ4mainE8Out_regsZ4mainE3RegE11main_screenMUlT_E_EE10_M_managerERSt9_Any_dataRKSL_St18_Manager_operation
                0x0000000008001882       0x18 build/main.o
 .text._ZNSt14_Function_base13_Base_managerIN4MenuI12HD44780_pinsIN3mcu4Pin_ILNS3_6PeriphE5ELi12EEENS4_ILS5_6ELi2EEENS4_ILS5_4ELi3EEENS4_ILS5_4ELi4EEENS4_ILS5_4ELi5EEENS4_ILS5_4ELi6EEENS4_ILS5_4ELi7EEEEZ4mainE10Flash_dataZ4mainE8Out_regsZ4mainE3RegE11main_screenMUlvE0_EE10_M_managerERSt9_Any_dataRKSK_St18_Manager_operation
                0x000000000800189a       0x18 build/main.o
 .text._ZNSt14_Function_base13_Base_managerIN4MenuI12HD44780_pinsIN3mcu4Pin_ILNS3_6PeriphE5ELi12EEENS4_ILS5_6ELi2EEENS4_ILS5_4ELi3EEENS4_ILS5_4ELi4EEENS4_ILS5_4ELi5EEENS4_ILS5_4ELi6EEENS4_ILS5_4ELi7EEEEZ4mainE10Flash_dataZ4mainE8Out_regsZ4mainE3RegE11main_selectMUlvE_EE10_M_managerERSt9_Any_dataRKSK_St18_Manager_operation
                0x00000000080018b2       0x18 build/main.o
 .text._ZNSt14_Function_base13_Base_managerIN4MenuI12HD44780_pinsIN3mcu4Pin_ILNS3_6PeriphE5ELi12EEENS4_ILS5_6ELi2EEENS4_ILS5_4ELi3EEENS4_ILS5_4ELi4EEENS4_ILS5_4ELi5EEENS4_ILS5_4ELi6EEENS4_ILS5_4ELi7EEEEZ4mainE10Flash_dataZ4mainE8Out_regsZ4mainE3RegE11main_selectMUlvE0_EE10_M_managerERSt9_Any_dataRKSK_St18_Manager_operation
                0x00000000080018ca       0x18 build/main.o
 .text._ZNSt14_Function_base13_Base_managerIN4MenuI12HD44780_pinsIN3mcu4Pin_ILNS3_6PeriphE5ELi12EEENS4_ILS5_6ELi2EEENS4_ILS5_4ELi3EEENS4_ILS5_4ELi4EEENS4_ILS5_4ELi5EEENS4_ILS5_4ELi6EEENS4_ILS5_4ELi7EEEEZ4mainE10Flash_dataZ4mainE8Out_regsZ4mainE3RegE11main_selectMUlvE1_EE10_M_managerERSt9_Any_dataRKSK_St18_Manager_operation
                0x00000000080018e2       0x18 build/main.o
 .text._ZNSt14_Function_base13_Base_managerIN4MenuI12HD44780_pinsIN3mcu4Pin_ILNS3_6PeriphE5ELi12EEENS4_ILS5_6ELi2EEENS4_ILS5_4ELi3EEENS4_ILS5_4ELi4EEENS4_ILS5_4ELi5EEENS4_ILS5_4ELi6EEENS4_ILS5_4ELi7EEEEZ4mainE10Flash_dataZ4mainE8Out_regsZ4mainE3RegE11main_selectMUlvE2_EE10_M_managerERSt9_Any_dataRKSK_St18_Manager_operation
                0x00000000080018fa       0x18 build/main.o
 .text._ZNSt14_Function_base13_Base_managerIN4MenuI12HD44780_pinsIN3mcu4Pin_ILNS3_6PeriphE5ELi12EEENS4_ILS5_6ELi2EEENS4_ILS5_4ELi3EEENS4_ILS5_4ELi4EEENS4_ILS5_4ELi5EEENS4_ILS5_4ELi6EEENS4_ILS5_4ELi7EEEEZ4mainE10Flash_dataZ4mainE8Out_regsZ4mainE3RegE11main_selectMUlvE3_EE10_M_managerERSt9_Any_dataRKSK_St18_Manager_operation
                0x0000000008001912       0x18 build/main.o
 .text._ZNSt14_Function_base13_Base_managerIN4MenuI12HD44780_pinsIN3mcu4Pin_ILNS3_6PeriphE5ELi12EEENS4_ILS5_6ELi2EEENS4_ILS5_4ELi3EEENS4_ILS5_4ELi4EEENS4_ILS5_4ELi5EEENS4_ILS5_4ELi6EEENS4_ILS5_4ELi7EEEEZ4mainE10Flash_dataZ4mainE8Out_regsZ4mainE3RegE11main_selectMUlvE4_EE10_M_managerERSt9_Any_dataRKSK_St18_Manager_operation
                0x000000000800192a       0x18 build/main.o
 .text._ZNSt14_Function_base13_Base_managerIN4MenuI12HD44780_pinsIN3mcu4Pin_ILNS3_6PeriphE5ELi12EEENS4_ILS5_6ELi2EEENS4_ILS5_4ELi3EEENS4_ILS5_4ELi4EEENS4_ILS5_4ELi5EEENS4_ILS5_4ELi6EEENS4_ILS5_4ELi7EEEEZ4mainE10Flash_dataZ4mainE8Out_regsZ4mainE3RegE11mode_screenMUlvE_EE10_M_managerERSt9_Any_dataRKSK_St18_Manager_operation
                0x0000000008001942       0x18 build/main.o
 .text._ZNSt14_Function_base13_Base_managerIN4MenuI12HD44780_pinsIN3mcu4Pin_ILNS3_6PeriphE5ELi12EEENS4_ILS5_6ELi2EEENS4_ILS5_4ELi3EEENS4_ILS5_4ELi4EEENS4_ILS5_4ELi5EEENS4_ILS5_4ELi6EEENS4_ILS5_4ELi7EEEEZ4mainE10Flash_dataZ4mainE8Out_regsZ4mainE3RegE11mode_screenMUlvE0_EE10_M_managerERSt9_Any_dataRKSK_St18_Manager_operation
                0x000000000800195a       0x18 build/main.o
 .text._ZNSt14_Function_base13_Base_managerIN4MenuI12HD44780_pinsIN3mcu4Pin_ILNS3_6PeriphE5ELi12EEENS4_ILS5_6ELi2EEENS4_ILS5_4ELi3EEENS4_ILS5_4ELi4EEENS4_ILS5_4ELi5EEENS4_ILS5_4ELi6EEENS4_ILS5_4ELi7EEEEZ4mainE10Flash_dataZ4mainE8Out_regsZ4mainE3RegE12alarm_selectMUlvE_EE10_M_managerERSt9_Any_dataRKSK_St18_Manager_operation
                0x0000000008001972       0x18 build/main.o
 .text._ZNSt14_Function_base13_Base_managerIN4MenuI12HD44780_pinsIN3mcu4Pin_ILNS3_6PeriphE5ELi12EEENS4_ILS5_6ELi2EEENS4_ILS5_4ELi3EEENS4_ILS5_4ELi4EEENS4_ILS5_4ELi5EEENS4_ILS5_4ELi6EEENS4_ILS5_4ELi7EEEEZ4mainE10Flash_dataZ4mainE8Out_regsZ4mainE3RegE12alarm_selectMUlvE0_EE10_M_managerERSt9_Any_dataRKSK_St18_Manager_operation
                0x000000000800198a       0x18 build/main.o
 .text._ZNSt17_Function_handlerIFvvEN4MenuI12HD44780_pinsIN3mcu4Pin_ILNS3_6PeriphE5ELi12EEENS4_ILS5_6ELi2EEENS4_ILS5_4ELi3EEENS4_ILS5_4ELi4EEENS4_ILS5_4ELi5EEENS4_ILS5_4ELi6EEENS4_ILS5_4ELi7EEEEZ4mainE10Flash_dataZ4mainE8Out_regsZ4mainE3RegE12alarm_selectMUlvE1_EE9_M_invokeERKSt9_Any_data
                0x00000000080019a2        0x2 build/main.o
 .text._ZNSt14_Function_base13_Base_managerIN4MenuI12HD44780_pinsIN3mcu4Pin_ILNS3_6PeriphE5ELi12EEENS4_ILS5_6ELi2EEENS4_ILS5_4ELi3EEENS4_ILS5_4ELi4EEENS4_ILS5_4ELi5EEENS4_ILS5_4ELi6EEENS4_ILS5_4ELi7EEEEZ4mainE10Flash_dataZ4mainE8Out_regsZ4mainE3RegE12alarm_selectMUlvE1_EE10_M_managerERSt9_Any_dataRKSK_St18_Manager_operation
                0x00000000080019a4        0xa build/main.o
 .text._ZNSt14_Function_base13_Base_managerIN4MenuI12HD44780_pinsIN3mcu4Pin_ILNS3_6PeriphE5ELi12EEENS4_ILS5_6ELi2EEENS4_ILS5_4ELi3EEENS4_ILS5_4ELi4EEENS4_ILS5_4ELi5EEENS4_ILS5_4ELi6EEENS4_ILS5_4ELi7EEEEZ4mainE10Flash_dataZ4mainE8Out_regsZ4mainE3RegE12alarm_selectMUlvE2_EE10_M_managerERSt9_Any_dataRKSK_St18_Manager_operation
                0x00000000080019ae        0xa build/main.o
 .text._ZNSt14_Function_base13_Base_managerIN4MenuI12HD44780_pinsIN3mcu4Pin_ILNS3_6PeriphE5ELi12EEENS4_ILS5_6ELi2EEENS4_ILS5_4ELi3EEENS4_ILS5_4ELi4EEENS4_ILS5_4ELi5EEENS4_ILS5_4ELi6EEENS4_ILS5_4ELi7EEEEZ4mainE10Flash_dataZ4mainE8Out_regsZ4mainE3RegE16bad_lamps_screenMUlvE_EE10_M_managerERSt9_Any_dataRKSK_St18_Manager_operation
                0x00000000080019b8       0x18 build/main.o
 .text._ZNSt14_Function_base13_Base_managerIN4MenuI12HD44780_pinsIN3mcu4Pin_ILNS3_6PeriphE5ELi12EEENS4_ILS5_6ELi2EEENS4_ILS5_4ELi3EEENS4_ILS5_4ELi4EEENS4_ILS5_4ELi5EEENS4_ILS5_4ELi6EEENS4_ILS5_4ELi7EEEEZ4mainE10Flash_dataZ4mainE8Out_regsZ4mainE3RegE11work_selectMUlvE_EE10_M_managerERSt9_Any_dataRKSK_St18_Manager_operation
                0x00000000080019d0       0x18 build/main.o
 .text._ZNSt14_Function_base13_Base_managerIN4MenuI12HD44780_pinsIN3mcu4Pin_ILNS3_6PeriphE5ELi12EEENS4_ILS5_6ELi2EEENS4_ILS5_4ELi3EEENS4_ILS5_4ELi4EEENS4_ILS5_4ELi5EEENS4_ILS5_4ELi6EEENS4_ILS5_4ELi7EEEEZ4mainE10Flash_dataZ4mainE8Out_regsZ4mainE3RegE11work_selectMUlvE0_EE10_M_managerERSt9_Any_dataRKSK_St18_Manager_operation
                0x00000000080019e8       0x18 build/main.o
 .text._ZNSt14_Function_base13_Base_managerIN4MenuI12HD44780_pinsIN3mcu4Pin_ILNS3_6PeriphE5ELi12EEENS4_ILS5_6ELi2EEENS4_ILS5_4ELi3EEENS4_ILS5_4ELi4EEENS4_ILS5_4ELi5EEENS4_ILS5_4ELi6EEENS4_ILS5_4ELi7EEEEZ4mainE10Flash_dataZ4mainE8Out_regsZ4mainE3RegE11work_selectMUlvE1_EE10_M_managerERSt9_Any_dataRKSK_St18_Manager_operation
                0x0000000008001a00       0x18 build/main.o
 .text._ZNSt14_Function_base13_Base_managerIN4MenuI12HD44780_pinsIN3mcu4Pin_ILNS3_6PeriphE5ELi12EEENS4_ILS5_6ELi2EEENS4_ILS5_4ELi3EEENS4_ILS5_4ELi4EEENS4_ILS5_4ELi5EEENS4_ILS5_4ELi6EEENS4_ILS5_4ELi7EEEEZ4mainE10Flash_dataZ4mainE8Out_regsZ4mainE3RegE11work_selectMUlvE2_EE10_M_managerERSt9_Any_dataRKSK_St18_Manager_operation
                0x0000000008001a18       0x18 build/main.o
 .text._ZNSt14_Function_base13_Base_managerIN4MenuI12HD44780_pinsIN3mcu4Pin_ILNS3_6PeriphE5ELi12EEENS4_ILS5_6ELi2EEENS4_ILS5_4ELi3EEENS4_ILS5_4ELi4EEENS4_ILS5_4ELi5EEENS4_ILS5_4ELi6EEENS4_ILS5_4ELi7EEEEZ4mainE10Flash_dataZ4mainE8Out_regsZ4mainE3RegE16work_time_screenMUlvE_EE10_M_managerERSt9_Any_dataRKSK_St18_Manager_operation
                0x0000000008001a30       0x18 build/main.o
 .text._ZNSt14_Function_base13_Base_managerIN4MenuI12HD44780_pinsIN3mcu4Pin_ILNS3_6PeriphE5ELi12EEENS4_ILS5_6ELi2EEENS4_ILS5_4ELi3EEENS4_ILS5_4ELi4EEENS4_ILS5_4ELi5EEENS4_ILS5_4ELi6EEENS4_ILS5_4ELi7EEEEZ4mainE10Flash_dataZ4mainE8Out_regsZ4mainE3RegE11reset_n_setMUlvE_EE10_M_managerERSt9_Any_dataRKSK_St18_Manager_operation
                0x0000000008001a48       0x18 build/main.o
 .text._ZNSt14_Function_base13_Base_managerIN4MenuI12HD44780_pinsIN3mcu4Pin_ILNS3_6PeriphE5ELi12EEENS4_ILS5_6ELi2EEENS4_ILS5_4ELi3EEENS4_ILS5_4ELi4EEENS4_ILS5_4ELi5EEENS4_ILS5_4ELi6EEENS4_ILS5_4ELi7EEEEZ4mainE10Flash_dataZ4mainE8Out_regsZ4mainE3RegE11reset_n_setMUlvE0_EE10_M_managerERSt9_Any_dataRKSK_St18_Manager_operation
                0x0000000008001a60       0x18 build/main.o
 .text._ZNSt14_Function_base13_Base_managerIN4MenuI12HD44780_pinsIN3mcu4Pin_ILNS3_6PeriphE5ELi12EEENS4_ILS5_6ELi2EEENS4_ILS5_4ELi3EEENS4_ILS5_4ELi4EEENS4_ILS5_4ELi5EEENS4_ILS5_4ELi6EEENS4_ILS5_4ELi7EEEEZ4mainE10Flash_dataZ4mainE8Out_regsZ4mainE3RegE13config_selectMUlvE_EE10_M_managerERSt9_Any_dataRKSK_St18_Manager_operation
                0x0000000008001a78       0x18 build/main.o
 .text._ZNSt14_Function_base13_Base_managerIN4MenuI12HD44780_pinsIN3mcu4Pin_ILNS3_6PeriphE5ELi12EEENS4_ILS5_6ELi2EEENS4_ILS5_4ELi3EEENS4_ILS5_4ELi4EEENS4_ILS5_4ELi5EEENS4_ILS5_4ELi6EEENS4_ILS5_4ELi7EEEEZ4mainE10Flash_dataZ4mainE8Out_regsZ4mainE3RegE13config_selectMUlvE0_EE10_M_managerERSt9_Any_dataRKSK_St18_Manager_operation
                0x0000000008001a90       0x18 build/main.o
 .text._ZNSt14_Function_base13_Base_managerIN4MenuI12HD44780_pinsIN3mcu4Pin_ILNS3_6PeriphE5ELi12EEENS4_ILS5_6ELi2EEENS4_ILS5_4ELi3EEENS4_ILS5_4ELi4EEENS4_ILS5_4ELi5EEENS4_ILS5_4ELi6EEENS4_ILS5_4ELi7EEEEZ4mainE10Flash_dataZ4mainE8Out_regsZ4mainE3RegE13config_selectMUlvE1_EE10_M_managerERSt9_Any_dataRKSK_St18_Manager_operation
                0x0000000008001aa8       0x18 build/main.o
 .text._ZNSt14_Function_base13_Base_managerIN4MenuI12HD44780_pinsIN3mcu4Pin_ILNS3_6PeriphE5ELi12EEENS4_ILS5_6ELi2EEENS4_ILS5_4ELi3EEENS4_ILS5_4ELi4EEENS4_ILS5_4ELi5EEENS4_ILS5_4ELi6EEENS4_ILS5_4ELi7EEEEZ4mainE10Flash_dataZ4mainE8Out_regsZ4mainE3RegE13config_selectMUlvE2_EE10_M_managerERSt9_Any_dataRKSK_St18_Manager_operation
                0x0000000008001ac0       0x18 build/main.o
 .text._ZNSt14_Function_base13_Base_managerIN4MenuI12HD44780_pinsIN3mcu4Pin_ILNS3_6PeriphE5ELi12EEENS4_ILS5_6ELi2EEENS4_ILS5_4ELi3EEENS4_ILS5_4ELi4EEENS4_ILS5_4ELi5EEENS4_ILS5_4ELi6EEENS4_ILS5_4ELi7EEEEZ4mainE10Flash_dataZ4mainE8Out_regsZ4mainE3RegE13config_selectMUlvE3_EE10_M_managerERSt9_Any_dataRKSK_St18_Manager_operation
                0x0000000008001ad8       0x18 build/main.o
 .text._ZNSt14_Function_base13_Base_managerIN4MenuI12HD44780_pinsIN3mcu4Pin_ILNS3_6PeriphE5ELi12EEENS4_ILS5_6ELi2EEENS4_ILS5_4ELi3EEENS4_ILS5_4ELi4EEENS4_ILS5_4ELi5EEENS4_ILS5_4ELi6EEENS4_ILS5_4ELi7EEEEZ4mainE10Flash_dataZ4mainE8Out_regsZ4mainE3RegE13config_screenMUlvE_EE10_M_managerERSt9_Any_dataRKSK_St18_Manager_operation
                0x0000000008001af0       0x18 build/main.o
 .text._ZNSt14_Function_base13_Base_managerIN4MenuI12HD44780_pinsIN3mcu4Pin_ILNS3_6PeriphE5ELi12EEENS4_ILS5_6ELi2EEENS4_ILS5_4ELi3EEENS4_ILS5_4ELi4EEENS4_ILS5_4ELi5EEENS4_ILS5_4ELi6EEENS4_ILS5_4ELi7EEEEZ4mainE10Flash_dataZ4mainE8Out_regsZ4mainE3RegE10min_UV_setMUlvE_EE10_M_managerERSt9_Any_dataRKSK_St18_Manager_operation
                0x0000000008001b08       0x18 build/main.o
 .text._ZNSt14_Function_base13_Base_managerIN4MenuI12HD44780_pinsIN3mcu4Pin_ILNS3_6PeriphE5ELi12EEENS4_ILS5_6ELi2EEENS4_ILS5_4ELi3EEENS4_ILS5_4ELi4EEENS4_ILS5_4ELi5EEENS4_ILS5_4ELi6EEENS4_ILS5_4ELi7EEEEZ4mainE10Flash_dataZ4mainE8Out_regsZ4mainE3RegE13modbus_selectMUlvE_EE10_M_managerERSt9_Any_dataRKSK_St18_Manager_operation
                0x0000000008001b20       0x18 build/main.o
 .text._ZNSt14_Function_base13_Base_managerIN4MenuI12HD44780_pinsIN3mcu4Pin_ILNS3_6PeriphE5ELi12EEENS4_ILS5_6ELi2EEENS4_ILS5_4ELi3EEENS4_ILS5_4ELi4EEENS4_ILS5_4ELi5EEENS4_ILS5_4ELi6EEENS4_ILS5_4ELi7EEEEZ4mainE10Flash_dataZ4mainE8Out_regsZ4mainE3RegE13modbus_selectMUlvE0_EE10_M_managerERSt9_Any_dataRKSK_St18_Manager_operation
                0x0000000008001b38       0x18 build/main.o
 .text._ZNSt14_Function_base13_Base_managerIN4MenuI12HD44780_pinsIN3mcu4Pin_ILNS3_6PeriphE5ELi12EEENS4_ILS5_6ELi2EEENS4_ILS5_4ELi3EEENS4_ILS5_4ELi4EEENS4_ILS5_4ELi5EEENS4_ILS5_4ELi6EEENS4_ILS5_4ELi7EEEEZ4mainE10Flash_dataZ4mainE8Out_regsZ4mainE3RegE13modbus_selectMUlvE1_EE10_M_managerERSt9_Any_dataRKSK_St18_Manager_operation
                0x0000000008001b50       0x18 build/main.o
 .text._ZNSt14_Function_base13_Base_managerIN4MenuI12HD44780_pinsIN3mcu4Pin_ILNS3_6PeriphE5ELi12EEENS4_ILS5_6ELi2EEENS4_ILS5_4ELi3EEENS4_ILS5_4ELi4EEENS4_ILS5_4ELi5EEENS4_ILS5_4ELi6EEENS4_ILS5_4ELi7EEEEZ4mainE10Flash_dataZ4mainE8Out_regsZ4mainE3RegE13modbus_selectMUlvE2_EE10_M_managerERSt9_Any_dataRKSK_St18_Manager_operation
                0x0000000008001b68       0x18 build/main.o
 .text._ZNSt14_Function_base13_Base_managerIN4MenuI12HD44780_pinsIN3mcu4Pin_ILNS3_6PeriphE5ELi12EEENS4_ILS5_6ELi2EEENS4_ILS5_4ELi3EEENS4_ILS5_4ELi4EEENS4_ILS5_4ELi5EEENS4_ILS5_4ELi6EEENS4_ILS5_4ELi7EEEEZ4mainE10Flash_dataZ4mainE8Out_regsZ4mainE3RegE13modbus_selectMUlvE3_EE10_M_managerERSt9_Any_dataRKSK_St18_Manager_operation
                0x0000000008001b80       0x18 build/main.o
 .text._ZNSt14_Function_base13_Base_managerIN4MenuI12HD44780_pinsIN3mcu4Pin_ILNS3_6PeriphE5ELi12EEENS4_ILS5_6ELi2EEENS4_ILS5_4ELi3EEENS4_ILS5_4ELi4EEENS4_ILS5_4ELi5EEENS4_ILS5_4ELi6EEENS4_ILS5_4ELi7EEEEZ4mainE10Flash_dataZ4mainE8Out_regsZ4mainE3RegE13modbus_selectMUlvE4_EE10_M_managerERSt9_Any_dataRKSK_St18_Manager_operation
                0x0000000008001b98       0x18 build/main.o
 .text._ZNSt14_Function_base13_Base_managerIN4MenuI12HD44780_pinsIN3mcu4Pin_ILNS3_6PeriphE5ELi12EEENS4_ILS5_6ELi2EEENS4_ILS5_4ELi3EEENS4_ILS5_4ELi4EEENS4_ILS5_4ELi5EEENS4_ILS5_4ELi6EEENS4_ILS5_4ELi7EEEEZ4mainE10Flash_dataZ4mainE8Out_regsZ4mainE3RegE11address_setMUlvE_EE10_M_managerERSt9_Any_dataRKSK_St18_Manager_operation
                0x0000000008001bb0       0x18 build/main.o
 .text._ZNSt14_Function_base13_Base_managerIN4MenuI12HD44780_pinsIN3mcu4Pin_ILNS3_6PeriphE5ELi12EEENS4_ILS5_6ELi2EEENS4_ILS5_4ELi3EEENS4_ILS5_4ELi4EEENS4_ILS5_4ELi5EEENS4_ILS5_4ELi6EEENS4_ILS5_4ELi7EEEEZ4mainE10Flash_dataZ4mainE8Out_regsZ4mainE3RegE12boudrate_setMUlvE_EE10_M_managerERSt9_Any_dataRKSK_St18_Manager_operation
                0x0000000008001bc8       0x18 build/main.o
 .text._ZNSt14_Function_base13_Base_managerIN4MenuI12HD44780_pinsIN3mcu4Pin_ILNS3_6PeriphE5ELi12EEENS4_ILS5_6ELi2EEENS4_ILS5_4ELi3EEENS4_ILS5_4ELi4EEENS4_ILS5_4ELi5EEENS4_ILS5_4ELi6EEENS4_ILS5_4ELi7EEEEZ4mainE10Flash_dataZ4mainE8Out_regsZ4mainE3RegE12boudrate_setMUlvE0_EE10_M_managerERSt9_Any_dataRKSK_St18_Manager_operation
                0x0000000008001be0       0x18 build/main.o
 .text._ZNSt14_Function_base13_Base_managerIN4MenuI12HD44780_pinsIN3mcu4Pin_ILNS3_6PeriphE5ELi12EEENS4_ILS5_6ELi2EEENS4_ILS5_4ELi3EEENS4_ILS5_4ELi4EEENS4_ILS5_4ELi5EEENS4_ILS5_4ELi6EEENS4_ILS5_4ELi7EEEEZ4mainE10Flash_dataZ4mainE8Out_regsZ4mainE3RegE13parity_en_setMUlvE_EE10_M_managerERSt9_Any_dataRKSK_St18_Manager_operation
                0x0000000008001bf8       0x18 build/main.o
 .text._ZNSt14_Function_base13_Base_managerIN4MenuI12HD44780_pinsIN3mcu4Pin_ILNS3_6PeriphE5ELi12EEENS4_ILS5_6ELi2EEENS4_ILS5_4ELi3EEENS4_ILS5_4ELi4EEENS4_ILS5_4ELi5EEENS4_ILS5_4ELi6EEENS4_ILS5_4ELi7EEEEZ4mainE10Flash_dataZ4mainE8Out_regsZ4mainE3RegE13parity_en_setMUlvE0_EE10_M_managerERSt9_Any_dataRKSK_St18_Manager_operation
                0x0000000008001c10       0x18 build/main.o
 .text._ZNSt14_Function_base13_Base_managerIN4MenuI12HD44780_pinsIN3mcu4Pin_ILNS3_6PeriphE5ELi12EEENS4_ILS5_6ELi2EEENS4_ILS5_4ELi3EEENS4_ILS5_4ELi4EEENS4_ILS5_4ELi5EEENS4_ILS5_4ELi6EEENS4_ILS5_4ELi7EEEEZ4mainE10Flash_dataZ4mainE8Out_regsZ4mainE3RegE10parity_setMUlvE_EE10_M_managerERSt9_Any_dataRKSK_St18_Manager_operation
                0x0000000008001c28       0x18 build/main.o
 .text._ZNSt14_Function_base13_Base_managerIN4MenuI12HD44780_pinsIN3mcu4Pin_ILNS3_6PeriphE5ELi12EEENS4_ILS5_6ELi2EEENS4_ILS5_4ELi3EEENS4_ILS5_4ELi4EEENS4_ILS5_4ELi5EEENS4_ILS5_4ELi6EEENS4_ILS5_4ELi7EEEEZ4mainE10Flash_dataZ4mainE8Out_regsZ4mainE3RegE10parity_setMUlvE0_EE10_M_managerERSt9_Any_dataRKSK_St18_Manager_operation
                0x0000000008001c40       0x18 build/main.o
 .text._ZNSt14_Function_base13_Base_managerIN4MenuI12HD44780_pinsIN3mcu4Pin_ILNS3_6PeriphE5ELi12EEENS4_ILS5_6ELi2EEENS4_ILS5_4ELi3EEENS4_ILS5_4ELi4EEENS4_ILS5_4ELi5EEENS4_ILS5_4ELi6EEENS4_ILS5_4ELi7EEEEZ4mainE10Flash_dataZ4mainE8Out_regsZ4mainE3RegE13stop_bits_setMUlvE_EE10_M_managerERSt9_Any_dataRKSK_St18_Manager_operation
                0x0000000008001c58       0x18 build/main.o
 .text._ZNSt14_Function_base13_Base_managerIN4MenuI12HD44780_pinsIN3mcu4Pin_ILNS3_6PeriphE5ELi12EEENS4_ILS5_6ELi2EEENS4_ILS5_4ELi3EEENS4_ILS5_4ELi4EEENS4_ILS5_4ELi5EEENS4_ILS5_4ELi6EEENS4_ILS5_4ELi7EEEEZ4mainE10Flash_dataZ4mainE8Out_regsZ4mainE3RegE13stop_bits_setMUlvE0_EE10_M_managerERSt9_Any_dataRKSK_St18_Manager_operation
                0x0000000008001c70       0x18 build/main.o
 .text._ZNSt14_Function_base13_Base_managerIN4MenuI12HD44780_pinsIN3mcu4Pin_ILNS3_6PeriphE5ELi12EEENS4_ILS5_6ELi2EEENS4_ILS5_4ELi3EEENS4_ILS5_4ELi4EEENS4_ILS5_4ELi5EEENS4_ILS5_4ELi6EEENS4_ILS5_4ELi7EEEEZ4mainE10Flash_dataZ4mainE8Out_regsZ4mainE3RegE15password_screenMUlvE_EE10_M_managerERSt9_Any_dataRKSK_St18_Manager_operation
                0x0000000008001c88       0x18 build/main.o
 .text._ZNSt14_Function_base13_Base_managerIN4MenuI12HD44780_pinsIN3mcu4Pin_ILNS3_6PeriphE5ELi12EEENS4_ILS5_6ELi2EEENS4_ILS5_4ELi3EEENS4_ILS5_4ELi4EEENS4_ILS5_4ELi5EEENS4_ILS5_4ELi6EEENS4_ILS5_4ELi7EEEEZ4mainE10Flash_dataZ4mainE8Out_regsZ4mainE3RegE15password_screenMUliE0_EE10_M_managerERSt9_Any_dataRKSK_St18_Manager_operation
                0x0000000008001ca0       0x18 build/main.o
 .text._ZNSt14_Function_base13_Base_managerIN4MenuI12HD44780_pinsIN3mcu4Pin_ILNS3_6PeriphE5ELi12EEENS4_ILS5_6ELi2EEENS4_ILS5_4ELi3EEENS4_ILS5_4ELi4EEENS4_ILS5_4ELi5EEENS4_ILS5_4ELi6EEENS4_ILS5_4ELi7EEEEZ4mainE10Flash_dataZ4mainE8Out_regsZ4mainE3RegE11tech_selectMUlvE_EE10_M_managerERSt9_Any_dataRKSK_St18_Manager_operation
                0x0000000008001cb8       0x18 build/main.o
 .text._ZNSt14_Function_base13_Base_managerIN4MenuI12HD44780_pinsIN3mcu4Pin_ILNS3_6PeriphE5ELi12EEENS4_ILS5_6ELi2EEENS4_ILS5_4ELi3EEENS4_ILS5_4ELi4EEENS4_ILS5_4ELi5EEENS4_ILS5_4ELi6EEENS4_ILS5_4ELi7EEEEZ4mainE10Flash_dataZ4mainE8Out_regsZ4mainE3RegE11tech_selectMUlvE0_EE10_M_managerERSt9_Any_dataRKSK_St18_Manager_operation
                0x0000000008001cd0       0x18 build/main.o
 .text._ZNSt14_Function_base13_Base_managerIN4MenuI12HD44780_pinsIN3mcu4Pin_ILNS3_6PeriphE5ELi12EEENS4_ILS5_6ELi2EEENS4_ILS5_4ELi3EEENS4_ILS5_4ELi4EEENS4_ILS5_4ELi5EEENS4_ILS5_4ELi6EEENS4_ILS5_4ELi7EEEEZ4mainE10Flash_dataZ4mainE8Out_regsZ4mainE3RegE11tech_selectMUlvE1_EE10_M_managerERSt9_Any_dataRKSK_St18_Manager_operation
                0x0000000008001ce8       0x18 build/main.o
 .text._ZNSt14_Function_base13_Base_managerIN4MenuI12HD44780_pinsIN3mcu4Pin_ILNS3_6PeriphE5ELi12EEENS4_ILS5_6ELi2EEENS4_ILS5_4ELi3EEENS4_ILS5_4ELi4EEENS4_ILS5_4ELi5EEENS4_ILS5_4ELi6EEENS4_ILS5_4ELi7EEEEZ4mainE10Flash_dataZ4mainE8Out_regsZ4mainE3RegE11tech_selectMUlvE2_EE10_M_managerERSt9_Any_dataRKSK_St18_Manager_operation
                0x0000000008001d00       0x18 build/main.o
 .text._ZNSt14_Function_base13_Base_managerIN4MenuI12HD44780_pinsIN3mcu4Pin_ILNS3_6PeriphE5ELi12EEENS4_ILS5_6ELi2EEENS4_ILS5_4ELi3EEENS4_ILS5_4ELi4EEENS4_ILS5_4ELi5EEENS4_ILS5_4ELi6EEENS4_ILS5_4ELi7EEEEZ4mainE10Flash_dataZ4mainE8Out_regsZ4mainE3RegE11tech_selectMUlvE3_EE10_M_managerERSt9_Any_dataRKSK_St18_Manager_operation
                0x0000000008001d18       0x18 build/main.o
 .text._ZNSt14_Function_base13_Base_managerIN4MenuI12HD44780_pinsIN3mcu4Pin_ILNS3_6PeriphE5ELi12EEENS4_ILS5_6ELi2EEENS4_ILS5_4ELi3EEENS4_ILS5_4ELi4EEENS4_ILS5_4ELi5EEENS4_ILS5_4ELi6EEENS4_ILS5_4ELi7EEEEZ4mainE10Flash_dataZ4mainE8Out_regsZ4mainE3RegE11tech_selectMUlvE4_EE10_M_managerERSt9_Any_dataRKSK_St18_Manager_operation
                0x0000000008001d30       0x18 build/main.o
 .text._ZNSt14_Function_base13_Base_managerIN4MenuI12HD44780_pinsIN3mcu4Pin_ILNS3_6PeriphE5ELi12EEENS4_ILS5_6ELi2EEENS4_ILS5_4ELi3EEENS4_ILS5_4ELi4EEENS4_ILS5_4ELi5EEENS4_ILS5_4ELi6EEENS4_ILS5_4ELi7EEEEZ4mainE10Flash_dataZ4mainE8Out_regsZ4mainE3RegE11tech_selectMUlvE5_EE10_M_managerERSt9_Any_dataRKSK_St18_Manager_operation
                0x0000000008001d48       0x18 build/main.o
 .text._ZNSt14_Function_base13_Base_managerIN4MenuI12HD44780_pinsIN3mcu4Pin_ILNS3_6PeriphE5ELi12EEENS4_ILS5_6ELi2EEENS4_ILS5_4ELi3EEENS4_ILS5_4ELi4EEENS4_ILS5_4ELi5EEENS4_ILS5_4ELi6EEENS4_ILS5_4ELi7EEEEZ4mainE10Flash_dataZ4mainE8Out_regsZ4mainE3RegE11tech_selectMUlvE6_EE10_M_managerERSt9_Any_dataRKSK_St18_Manager_operation
                0x0000000008001d60       0x18 build/main.o
 .text._ZNSt14_Function_base13_Base_managerIN4MenuI12HD44780_pinsIN3mcu4Pin_ILNS3_6PeriphE5ELi12EEENS4_ILS5_6ELi2EEENS4_ILS5_4ELi3EEENS4_ILS5_4ELi4EEENS4_ILS5_4ELi5EEENS4_ILS5_4ELi6EEENS4_ILS5_4ELi7EEEEZ4mainE10Flash_dataZ4mainE8Out_regsZ4mainE3RegE11tech_selectMUlvE7_EE10_M_managerERSt9_Any_dataRKSK_St18_Manager_operation
                0x0000000008001d78       0x18 build/main.o
 .text._ZNSt14_Function_base13_Base_managerIN4MenuI12HD44780_pinsIN3mcu4Pin_ILNS3_6PeriphE5ELi12EEENS4_ILS5_6ELi2EEENS4_ILS5_4ELi3EEENS4_ILS5_4ELi4EEENS4_ILS5_4ELi5EEENS4_ILS5_4ELi6EEENS4_ILS5_4ELi7EEEEZ4mainE10Flash_dataZ4mainE8Out_regsZ4mainE3RegE11tech_selectMUlvE8_EE10_M_managerERSt9_Any_dataRKSK_St18_Manager_operation
                0x0000000008001d90       0x18 build/main.o
 .text._ZNSt14_Function_base13_Base_managerIN4MenuI12HD44780_pinsIN3mcu4Pin_ILNS3_6PeriphE5ELi12EEENS4_ILS5_6ELi2EEENS4_ILS5_4ELi3EEENS4_ILS5_4ELi4EEENS4_ILS5_4ELi5EEENS4_ILS5_4ELi6EEENS4_ILS5_4ELi7EEEEZ4mainE10Flash_dataZ4mainE8Out_regsZ4mainE3RegE11tech_selectMUlvE9_EE10_M_managerERSt9_Any_dataRKSK_St18_Manager_operation
                0x0000000008001da8       0x18 build/main.o
 .text._ZNSt14_Function_base13_Base_managerIN4MenuI12HD44780_pinsIN3mcu4Pin_ILNS3_6PeriphE5ELi12EEENS4_ILS5_6ELi2EEENS4_ILS5_4ELi3EEENS4_ILS5_4ELi4EEENS4_ILS5_4ELi5EEENS4_ILS5_4ELi6EEENS4_ILS5_4ELi7EEEEZ4mainE10Flash_dataZ4mainE8Out_regsZ4mainE3RegE11tech_selectMUlvE10_EE10_M_managerERSt9_Any_dataRKSK_St18_Manager_operation
                0x0000000008001dc0       0x18 build/main.o
 .text._ZNSt14_Function_base13_Base_managerIN4MenuI12HD44780_pinsIN3mcu4Pin_ILNS3_6PeriphE5ELi12EEENS4_ILS5_6ELi2EEENS4_ILS5_4ELi3EEENS4_ILS5_4ELi4EEENS4_ILS5_4ELi5EEENS4_ILS5_4ELi6EEENS4_ILS5_4ELi7EEEEZ4mainE10Flash_dataZ4mainE8Out_regsZ4mainE3RegE11tech_selectMUlvE11_EE10_M_managerERSt9_Any_dataRKSK_St18_Manager_operation
                0x0000000008001dd8       0x18 build/main.o
 .text._ZNSt14_Function_base13_Base_managerIN4MenuI12HD44780_pinsIN3mcu4Pin_ILNS3_6PeriphE5ELi12EEENS4_ILS5_6ELi2EEENS4_ILS5_4ELi3EEENS4_ILS5_4ELi4EEENS4_ILS5_4ELi5EEENS4_ILS5_4ELi6EEENS4_ILS5_4ELi7EEEEZ4mainE10Flash_dataZ4mainE8Out_regsZ4mainE3RegE8name_setMUlvE_EE10_M_managerERSt9_Any_dataRKSK_St18_Manager_operation
                0x0000000008001df0       0x18 build/main.o
 .text._ZNSt14_Function_base13_Base_managerIN4MenuI12HD44780_pinsIN3mcu4Pin_ILNS3_6PeriphE5ELi12EEENS4_ILS5_6ELi2EEENS4_ILS5_4ELi3EEENS4_ILS5_4ELi4EEENS4_ILS5_4ELi5EEENS4_ILS5_4ELi6EEENS4_ILS5_4ELi7EEEEZ4mainE10Flash_dataZ4mainE8Out_regsZ4mainE3RegE10max_uv_setMUlvE_EE10_M_managerERSt9_Any_dataRKSK_St18_Manager_operation
                0x0000000008001e08       0x18 build/main.o
 .text._ZNSt14_Function_base13_Base_managerIN4MenuI12HD44780_pinsIN3mcu4Pin_ILNS3_6PeriphE5ELi12EEENS4_ILS5_6ELi2EEENS4_ILS5_4ELi3EEENS4_ILS5_4ELi4EEENS4_ILS5_4ELi5EEENS4_ILS5_4ELi6EEENS4_ILS5_4ELi7EEEEZ4mainE10Flash_dataZ4mainE8Out_regsZ4mainE3RegE12max_uv_resetMUlvE_EE10_M_managerERSt9_Any_dataRKSK_St18_Manager_operation
                0x0000000008001e20       0x18 build/main.o
 .text._ZNSt14_Function_base13_Base_managerIN4MenuI12HD44780_pinsIN3mcu4Pin_ILNS3_6PeriphE5ELi12EEENS4_ILS5_6ELi2EEENS4_ILS5_4ELi3EEENS4_ILS5_4ELi4EEENS4_ILS5_4ELi5EEENS4_ILS5_4ELi6EEENS4_ILS5_4ELi7EEEEZ4mainE10Flash_dataZ4mainE8Out_regsZ4mainE3RegE12max_uv_resetMUlvE0_EE10_M_managerERSt9_Any_dataRKSK_St18_Manager_operation
                0x0000000008001e38       0x18 build/main.o
 .text._ZNSt14_Function_base13_Base_managerIN4MenuI12HD44780_pinsIN3mcu4Pin_ILNS3_6PeriphE5ELi12EEENS4_ILS5_6ELi2EEENS4_ILS5_4ELi3EEENS4_ILS5_4ELi4EEENS4_ILS5_4ELi5EEENS4_ILS5_4ELi6EEENS4_ILS5_4ELi7EEEEZ4mainE10Flash_dataZ4mainE8Out_regsZ4mainE3RegE13qty_lamps_setMUlvE_EE10_M_managerERSt9_Any_dataRKSK_St18_Manager_operation
                0x0000000008001e50       0x18 build/main.o
 .text._ZNSt14_Function_base13_Base_managerIN4MenuI12HD44780_pinsIN3mcu4Pin_ILNS3_6PeriphE5ELi12EEENS4_ILS5_6ELi2EEENS4_ILS5_4ELi3EEENS4_ILS5_4ELi4EEENS4_ILS5_4ELi5EEENS4_ILS5_4ELi6EEENS4_ILS5_4ELi7EEEEZ4mainE10Flash_dataZ4mainE8Out_regsZ4mainE3RegE13qty_lamps_setMUlvE0_EE10_M_managerERSt9_Any_dataRKSK_St18_Manager_operation
                0x0000000008001e68       0x18 build/main.o
 .text._ZNSt14_Function_base13_Base_managerIN4MenuI12HD44780_pinsIN3mcu4Pin_ILNS3_6PeriphE5ELi12EEENS4_ILS5_6ELi2EEENS4_ILS5_4ELi3EEENS4_ILS5_4ELi4EEENS4_ILS5_4ELi5EEENS4_ILS5_4ELi6EEENS4_ILS5_4ELi7EEEEZ4mainE10Flash_dataZ4mainE8Out_regsZ4mainE3RegE18qty_extentions_setMUlvE_EE10_M_managerERSt9_Any_dataRKSK_St18_Manager_operation
                0x0000000008001e80       0x18 build/main.o
 .text._ZNSt14_Function_base13_Base_managerIN4MenuI12HD44780_pinsIN3mcu4Pin_ILNS3_6PeriphE5ELi12EEENS4_ILS5_6ELi2EEENS4_ILS5_4ELi3EEENS4_ILS5_4ELi4EEENS4_ILS5_4ELi5EEENS4_ILS5_4ELi6EEENS4_ILS5_4ELi7EEEEZ4mainE10Flash_dataZ4mainE8Out_regsZ4mainE3RegE18qty_extentions_setMUlvE0_EE10_M_managerERSt9_Any_dataRKSK_St18_Manager_operation
                0x0000000008001e98       0x18 build/main.o
 .text._ZNSt14_Function_base13_Base_managerIN4MenuI12HD44780_pinsIN3mcu4Pin_ILNS3_6PeriphE5ELi12EEENS4_ILS5_6ELi2EEENS4_ILS5_4ELi3EEENS4_ILS5_4ELi4EEENS4_ILS5_4ELi5EEENS4_ILS5_4ELi6EEENS4_ILS5_4ELi7EEEEZ4mainE10Flash_dataZ4mainE8Out_regsZ4mainE3RegE12max_temp_setMUlvE_EE10_M_managerERSt9_Any_dataRKSK_St18_Manager_operation
                0x0000000008001eb0       0x18 build/main.o
 .text._ZNSt14_Function_base13_Base_managerIN4MenuI12HD44780_pinsIN3mcu4Pin_ILNS3_6PeriphE5ELi12EEENS4_ILS5_6ELi2EEENS4_ILS5_4ELi3EEENS4_ILS5_4ELi4EEENS4_ILS5_4ELi5EEENS4_ILS5_4ELi6EEENS4_ILS5_4ELi7EEEEZ4mainE10Flash_dataZ4mainE8Out_regsZ4mainE3RegE17recovery_temp_setMUlvE_EE10_M_managerERSt9_Any_dataRKSK_St18_Manager_operation
                0x0000000008001ec8       0x18 build/main.o
 .text._ZNSt14_Function_base13_Base_managerIN4MenuI12HD44780_pinsIN3mcu4Pin_ILNS3_6PeriphE5ELi12EEENS4_ILS5_6ELi2EEENS4_ILS5_4ELi3EEENS4_ILS5_4ELi4EEENS4_ILS5_4ELi5EEENS4_ILS5_4ELi6EEENS4_ILS5_4ELi7EEEEZ4mainE10Flash_dataZ4mainE8Out_regsZ4mainE3RegE10low_uv_setMUlvE_EE10_M_managerERSt9_Any_dataRKSK_St18_Manager_operation
                0x0000000008001ee0       0x18 build/main.o
 .text._ZNSt14_Function_base13_Base_managerIN4MenuI12HD44780_pinsIN3mcu4Pin_ILNS3_6PeriphE5ELi12EEENS4_ILS5_6ELi2EEENS4_ILS5_4ELi3EEENS4_ILS5_4ELi4EEENS4_ILS5_4ELi5EEENS4_ILS5_4ELi6EEENS4_ILS5_4ELi7EEEEZ4mainE10Flash_dataZ4mainE8Out_regsZ4mainE3RegE9log_resetMUlvE_EE10_M_managerERSt9_Any_dataRKSK_St18_Manager_operation
                0x0000000008001ef8       0x18 build/main.o
 .text._ZNSt14_Function_base13_Base_managerIN4MenuI12HD44780_pinsIN3mcu4Pin_ILNS3_6PeriphE5ELi12EEENS4_ILS5_6ELi2EEENS4_ILS5_4ELi3EEENS4_ILS5_4ELi4EEENS4_ILS5_4ELi5EEENS4_ILS5_4ELi6EEENS4_ILS5_4ELi7EEEEZ4mainE10Flash_dataZ4mainE8Out_regsZ4mainE3RegE9log_resetMUlvE0_EE10_M_managerERSt9_Any_dataRKSK_St18_Manager_operation
                0x0000000008001f10       0x18 build/main.o
 .text._ZNSt14_Function_base13_Base_managerIN4MenuI12HD44780_pinsIN3mcu4Pin_ILNS3_6PeriphE5ELi12EEENS4_ILS5_6ELi2EEENS4_ILS5_4ELi3EEENS4_ILS5_4ELi4EEENS4_ILS5_4ELi5EEENS4_ILS5_4ELi6EEENS4_ILS5_4ELi7EEEEZ4mainE10Flash_dataZ4mainE8Out_regsZ4mainE3RegE13sens_temp_setMUlvE_EE10_M_managerERSt9_Any_dataRKSK_St18_Manager_operation
                0x0000000008001f28       0x18 build/main.o
 .text._ZNSt14_Function_base13_Base_managerIN4MenuI12HD44780_pinsIN3mcu4Pin_ILNS3_6PeriphE5ELi12EEENS4_ILS5_6ELi2EEENS4_ILS5_4ELi3EEENS4_ILS5_4ELi4EEENS4_ILS5_4ELi5EEENS4_ILS5_4ELi6EEENS4_ILS5_4ELi7EEEEZ4mainE10Flash_dataZ4mainE8Out_regsZ4mainE3RegE13sens_temp_setMUlvE0_EE10_M_managerERSt9_Any_dataRKSK_St18_Manager_operation
                0x0000000008001f40       0x18 build/main.o
 .text._ZNSt14_Function_base13_Base_managerIN4MenuI12HD44780_pinsIN3mcu4Pin_ILNS3_6PeriphE5ELi12EEENS4_ILS5_6ELi2EEENS4_ILS5_4ELi3EEENS4_ILS5_4ELi4EEENS4_ILS5_4ELi5EEENS4_ILS5_4ELi6EEENS4_ILS5_4ELi7EEEEZ4mainE10Flash_dataZ4mainE8Out_regsZ4mainE3RegE11sens_uv_setMUlvE_EE10_M_managerERSt9_Any_dataRKSK_St18_Manager_operation
                0x0000000008001f58       0x18 build/main.o
 .text._ZNSt14_Function_base13_Base_managerIN4MenuI12HD44780_pinsIN3mcu4Pin_ILNS3_6PeriphE5ELi12EEENS4_ILS5_6ELi2EEENS4_ILS5_4ELi3EEENS4_ILS5_4ELi4EEENS4_ILS5_4ELi5EEENS4_ILS5_4ELi6EEENS4_ILS5_4ELi7EEEEZ4mainE10Flash_dataZ4mainE8Out_regsZ4mainE3RegE11sens_uv_setMUlvE0_EE10_M_managerERSt9_Any_dataRKSK_St18_Manager_operation
                0x0000000008001f70       0x18 build/main.o
 .text._ZNSt14_Function_base13_Base_managerIN4MenuI12HD44780_pinsIN3mcu4Pin_ILNS3_6PeriphE5ELi12EEENS4_ILS5_6ELi2EEENS4_ILS5_4ELi3EEENS4_ILS5_4ELi4EEENS4_ILS5_4ELi5EEENS4_ILS5_4ELi6EEENS4_ILS5_4ELi7EEEEZ4mainE10Flash_dataZ4mainE8Out_regsZ4mainE3RegE16dry_contacts_setMUlvE_EE10_M_managerERSt9_Any_dataRKSK_St18_Manager_operation
                0x0000000008001f88       0x18 build/main.o
 .text._ZNSt14_Function_base13_Base_managerIN4MenuI12HD44780_pinsIN3mcu4Pin_ILNS3_6PeriphE5ELi12EEENS4_ILS5_6ELi2EEENS4_ILS5_4ELi3EEENS4_ILS5_4ELi4EEENS4_ILS5_4ELi5EEENS4_ILS5_4ELi6EEENS4_ILS5_4ELi7EEEEZ4mainE10Flash_dataZ4mainE8Out_regsZ4mainE3RegE16dry_contacts_setMUlvE0_EE10_M_managerERSt9_Any_dataRKSK_St18_Manager_operation
                0x0000000008001fa0       0x18 build/main.o
 .text._ZNSt14_Function_base13_Base_managerIN4MenuI12HD44780_pinsIN3mcu4Pin_ILNS3_6PeriphE5ELi12EEENS4_ILS5_6ELi2EEENS4_ILS5_4ELi3EEENS4_ILS5_4ELi4EEENS4_ILS5_4ELi5EEENS4_ILS5_4ELi6EEENS4_ILS5_4ELi7EEEEZ4mainE10Flash_dataZ4mainE8Out_regsZ4mainE3RegE7outputsMUlvE_EE10_M_managerERSt9_Any_dataRKSK_St18_Manager_operation
                0x0000000008001fb8       0x18 build/main.o
 .text._ZNSt14_Function_base13_Base_managerIN4MenuI12HD44780_pinsIN3mcu4Pin_ILNS3_6PeriphE5ELi12EEENS4_ILS5_6ELi2EEENS4_ILS5_4ELi3EEENS4_ILS5_4ELi4EEENS4_ILS5_4ELi5EEENS4_ILS5_4ELi6EEENS4_ILS5_4ELi7EEEEZ4mainE10Flash_dataZ4mainE8Out_regsZ4mainE3RegE7outputsMUlvE0_EE10_M_managerERSt9_Any_dataRKSK_St18_Manager_operation
                0x0000000008001fd0       0x18 build/main.o
 .text._ZNSt14_Function_base13_Base_managerIN4MenuI12HD44780_pinsIN3mcu4Pin_ILNS3_6PeriphE5ELi12EEENS4_ILS5_6ELi2EEENS4_ILS5_4ELi3EEENS4_ILS5_4ELi4EEENS4_ILS5_4ELi5EEENS4_ILS5_4ELi6EEENS4_ILS5_4ELi7EEEEZ4mainE10Flash_dataZ4mainE8Out_regsZ4mainE3RegE10log_screenMUlvE_EE10_M_managerERSt9_Any_dataRKSK_St18_Manager_operation
                0x0000000008001fe8       0x18 build/main.o
 .text._ZNSt14_Function_base13_Base_managerIZ4mainEUlbE3_E10_M_managerERSt9_Any_dataRKS3_St18_Manager_operation
                0x0000000008002000       0x18 build/main.o
 .text._ZNSt14_Function_base13_Base_managerIZ4mainEUlbE4_E10_M_managerERSt9_Any_dataRKS3_St18_Manager_operation
                0x0000000008002018       0x18 build/main.o
 .text._ZN13Modbus_masterILj16EE6notifyEv
                0x0000000008002030        0x8 build/main.o
                0x0000000008002030                Modbus_master<16u>::notify()
 .text._ZN8RegisterILh101EL15Modbus_function16ELt4EtE7get_crcEv
                0x0000000008002038        0x8 build/main.o
                0x0000000008002038                Register<(unsigned char)101, (Modbus_function)16, (unsigned short)4, unsigned short>::get_crc()
 .text._ZN8RegisterILh2EL15Modbus_function16ELt4EtE7get_crcEv
                0x0000000008002040        0x8 build/main.o
                0x0000000008002040                Register<(unsigned char)2, (Modbus_function)16, (unsigned short)4, unsigned short>::get_crc()
 .text._ZN8RegisterILh2EL15Modbus_function16ELt3EtE7get_crcEv
                0x0000000008002048        0x8 build/main.o
                0x0000000008002048                Register<(unsigned char)2, (Modbus_function)16, (unsigned short)3, unsigned short>::get_crc()
 .text._ZN8RegisterILh1EL15Modbus_function16ELt4EtE7get_crcEv
                0x0000000008002050        0x8 build/main.o
                0x0000000008002050                Register<(unsigned char)1, (Modbus_function)16, (unsigned short)4, unsigned short>::get_crc()
 .text._ZN8RegisterILh1EL15Modbus_function16ELt3EtE7get_crcEv
                0x0000000008002058        0x8 build/main.o
                0x0000000008002058                Register<(unsigned char)1, (Modbus_function)16, (unsigned short)3, unsigned short>::get_crc()
 .text._ZN12Modbus_slaveIZ4mainE7In_regsZ4mainE8Out_regsLj2EE6notifyEv
                0x0000000008002060        0x8 build/main.o
 .text._ZN10Set_screenIiXadL_Z18reassign_to_stringiEEE4drawEv
                0x0000000008002068        0x2 build/main.o
                0x0000000008002068                Set_screen<int, &(reassign_to_string(int))>::draw()
 .text._ZN10Set_screenIiXadL_Z15exist_to_stringiEEE4drawEv
                0x000000000800206a        0x2 build/main.o
                0x000000000800206a                Set_screen<int, &(exist_to_string(int))>::draw()
 .text._ZN10Set_screenIiXadL_Z17confirm_to_stringiEEE4drawEv
                0x000000000800206c        0x2 build/main.o
                0x000000000800206c                Set_screen<int, &(confirm_to_string(int))>::draw()
 .text._ZN10Set_screenItXadL_Z14null_to_stringiEEE4drawEv
                0x000000000800206e        0x2 build/main.o
                0x000000000800206e                Set_screen<unsigned short, &(null_to_string(int))>::draw()
 .text._ZN10Set_screenIhXadL_Z15model_to_stringiEEE4drawEv
                0x0000000008002070        0x2 build/main.o
                0x0000000008002070                Set_screen<unsigned char, &(model_to_string(int))>::draw()
 .text._ZN13Select_screenILi12EE4drawEv
                0x0000000008002072        0x2 build/main.o
                0x0000000008002072                Select_screen<12>::draw()
 .text._ZN10Set_screenIhXadL_Z16parity_to_stringiEEE4drawEv
                0x0000000008002074        0x2 build/main.o
                0x0000000008002074                Set_screen<unsigned char, &(parity_to_string(int))>::draw()
 .text._ZN10Set_screenIhXadL_Z15exist_to_stringiEEE4drawEv
                0x0000000008002076        0x2 build/main.o
                0x0000000008002076                Set_screen<unsigned char, &(exist_to_string(int))>::draw()
 .text._ZN10Set_screenIhXadL_Z18boudrate_to_stringiEEE4drawEv
                0x0000000008002078        0x2 build/main.o
                0x0000000008002078                Set_screen<unsigned char, &(boudrate_to_string(int))>::draw()
 .text._ZN10Set_screenIhXadL_Z14null_to_stringiEEE4drawEv
                0x000000000800207a        0x2 build/main.o
                0x000000000800207a                Set_screen<unsigned char, &(null_to_string(int))>::draw()
 .text._ZN13Select_screenILi4EE4drawEv
                0x000000000800207c        0x2 build/main.o
                0x000000000800207c                Select_screen<4>::draw()
 .text._ZN10Set_screenIiXadL_Z14null_to_stringiEEE4drawEv
                0x000000000800207e        0x2 build/main.o
                0x000000000800207e                Set_screen<int, &(null_to_string(int))>::draw()
 .text._ZN13Select_screenILi3EE4drawEv
                0x0000000008002080        0x2 build/main.o
                0x0000000008002080                Select_screen<3>::draw()
 .text._ZN10Set_screenIiXadL_Z14mode_to_stringiEEE4drawEv
                0x0000000008002082        0x2 build/main.o
                0x0000000008002082                Set_screen<int, &(mode_to_string(int))>::draw()
 .text._ZN13Select_screenILi5EE4drawEv
                0x0000000008002084        0x2 build/main.o
                0x0000000008002084                Select_screen<5>::draw()
 .text._ZNSt14_Function_base13_Base_managerIZN10Set_screenIiXadL_Z18reassign_to_stringiEEE4initEvEUlvE_E10_M_managerERSt9_Any_dataRKS5_St18_Manager_operation
                0x0000000008002086       0x18 build/main.o
                0x0000000008002086                std::_Function_base::_Base_manager<Set_screen<int, &(reassign_to_string(int))>::init()::{lambda()#1}>::_M_manager(std::_Any_data&, std::_Function_base::_Base_manager<Set_screen<int, &(reassign_to_string(int))>::init()::{lambda()#1}> const&, std::_Manager_operation)
 .text._ZNSt14_Function_base13_Base_managerIZN10Set_screenIiXadL_Z18reassign_to_stringiEEE4initEvEUlvE0_E10_M_managerERSt9_Any_dataRKS5_St18_Manager_operation
                0x000000000800209e       0x18 build/main.o
                0x000000000800209e                std::_Function_base::_Base_manager<Set_screen<int, &(reassign_to_string(int))>::init()::{lambda()#2}>::_M_manager(std::_Any_data&, std::_Function_base::_Base_manager<Set_screen<int, &(reassign_to_string(int))>::init()::{lambda()#2}> const&, std::_Manager_operation)
 .text._ZNSt14_Function_base13_Base_managerIZN10Set_screenIiXadL_Z18reassign_to_stringiEEE4initEvEUlT_E1_E10_M_managerERSt9_Any_dataRKS6_St18_Manager_operation
                0x00000000080020b6       0x18 build/main.o
                0x00000000080020b6                std::_Function_base::_Base_manager<Set_screen<int, &(reassign_to_string(int))>::init()::{lambda(auto:1)#3}>::_M_manager(std::_Any_data&, std::_Function_base::_Base_manager<Set_screen<int, &(reassign_to_string(int))>::init()::{lambda(auto:1)#3}> const&, std::_Manager_operation)
 .text._ZNSt14_Function_base13_Base_managerIZN10Set_screenIiXadL_Z18reassign_to_stringiEEE4initEvEUlT_E2_E10_M_managerERSt9_Any_dataRKS6_St18_Manager_operation
                0x00000000080020ce       0x18 build/main.o
                0x00000000080020ce                std::_Function_base::_Base_manager<Set_screen<int, &(reassign_to_string(int))>::init()::{lambda(auto:1)#4}>::_M_manager(std::_Any_data&, std::_Function_base::_Base_manager<Set_screen<int, &(reassign_to_string(int))>::init()::{lambda(auto:1)#4}> const&, std::_Manager_operation)
 .text._ZNSt14_Function_base13_Base_managerIZN10Set_screenIiXadL_Z18reassign_to_stringiEEE4initEvEUlvE3_E10_M_managerERSt9_Any_dataRKS5_St18_Manager_operation
                0x00000000080020e6       0x18 build/main.o
                0x00000000080020e6                std::_Function_base::_Base_manager<Set_screen<int, &(reassign_to_string(int))>::init()::{lambda()#5}>::_M_manager(std::_Any_data&, std::_Function_base::_Base_manager<Set_screen<int, &(reassign_to_string(int))>::init()::{lambda()#5}> const&, std::_Manager_operation)
 .text._ZNSt14_Function_base13_Base_managerIZN10Set_screenIiXadL_Z18reassign_to_stringiEEE4initEvEUlvE4_E10_M_managerERSt9_Any_dataRKS5_St18_Manager_operation
                0x00000000080020fe       0x18 build/main.o
                0x00000000080020fe                std::_Function_base::_Base_manager<Set_screen<int, &(reassign_to_string(int))>::init()::{lambda()#6}>::_M_manager(std::_Any_data&, std::_Function_base::_Base_manager<Set_screen<int, &(reassign_to_string(int))>::init()::{lambda()#6}> const&, std::_Manager_operation)
 .text._ZNSt14_Function_base13_Base_managerIZN10Set_screenIiXadL_Z15exist_to_stringiEEE4initEvEUlvE_E10_M_managerERSt9_Any_dataRKS5_St18_Manager_operation
                0x0000000008002116       0x18 build/main.o
                0x0000000008002116                std::_Function_base::_Base_manager<Set_screen<int, &(exist_to_string(int))>::init()::{lambda()#1}>::_M_manager(std::_Any_data&, std::_Function_base::_Base_manager<Set_screen<int, &(exist_to_string(int))>::init()::{lambda()#1}> const&, std::_Manager_operation)
 .text._ZNSt14_Function_base13_Base_managerIZN10Set_screenIiXadL_Z15exist_to_stringiEEE4initEvEUlvE0_E10_M_managerERSt9_Any_dataRKS5_St18_Manager_operation
                0x000000000800212e       0x18 build/main.o
                0x000000000800212e                std::_Function_base::_Base_manager<Set_screen<int, &(exist_to_string(int))>::init()::{lambda()#2}>::_M_manager(std::_Any_data&, std::_Function_base::_Base_manager<Set_screen<int, &(exist_to_string(int))>::init()::{lambda()#2}> const&, std::_Manager_operation)
 .text._ZNSt14_Function_base13_Base_managerIZN10Set_screenIiXadL_Z15exist_to_stringiEEE4initEvEUlT_E1_E10_M_managerERSt9_Any_dataRKS6_St18_Manager_operation
                0x0000000008002146       0x18 build/main.o
                0x0000000008002146                std::_Function_base::_Base_manager<Set_screen<int, &(exist_to_string(int))>::init()::{lambda(auto:1)#3}>::_M_manager(std::_Any_data&, std::_Function_base::_Base_manager<Set_screen<int, &(exist_to_string(int))>::init()::{lambda(auto:1)#3}> const&, std::_Manager_operation)
 .text._ZNSt14_Function_base13_Base_managerIZN10Set_screenIiXadL_Z15exist_to_stringiEEE4initEvEUlT_E2_E10_M_managerERSt9_Any_dataRKS6_St18_Manager_operation
                0x000000000800215e       0x18 build/main.o
                0x000000000800215e                std::_Function_base::_Base_manager<Set_screen<int, &(exist_to_string(int))>::init()::{lambda(auto:1)#4}>::_M_manager(std::_Any_data&, std::_Function_base::_Base_manager<Set_screen<int, &(exist_to_string(int))>::init()::{lambda(auto:1)#4}> const&, std::_Manager_operation)
 .text._ZNSt14_Function_base13_Base_managerIZN10Set_screenIiXadL_Z15exist_to_stringiEEE4initEvEUlvE3_E10_M_managerERSt9_Any_dataRKS5_St18_Manager_operation
                0x0000000008002176       0x18 build/main.o
                0x0000000008002176                std::_Function_base::_Base_manager<Set_screen<int, &(exist_to_string(int))>::init()::{lambda()#5}>::_M_manager(std::_Any_data&, std::_Function_base::_Base_manager<Set_screen<int, &(exist_to_string(int))>::init()::{lambda()#5}> const&, std::_Manager_operation)
 .text._ZNSt14_Function_base13_Base_managerIZN10Set_screenIiXadL_Z15exist_to_stringiEEE4initEvEUlvE4_E10_M_managerERSt9_Any_dataRKS5_St18_Manager_operation
                0x000000000800218e       0x18 build/main.o
                0x000000000800218e                std::_Function_base::_Base_manager<Set_screen<int, &(exist_to_string(int))>::init()::{lambda()#6}>::_M_manager(std::_Any_data&, std::_Function_base::_Base_manager<Set_screen<int, &(exist_to_string(int))>::init()::{lambda()#6}> const&, std::_Manager_operation)
 .text._ZNSt14_Function_base13_Base_managerIZN10Set_screenIiXadL_Z17confirm_to_stringiEEE4initEvEUlvE_E10_M_managerERSt9_Any_dataRKS5_St18_Manager_operation
                0x00000000080021a6       0x18 build/main.o
                0x00000000080021a6                std::_Function_base::_Base_manager<Set_screen<int, &(confirm_to_string(int))>::init()::{lambda()#1}>::_M_manager(std::_Any_data&, std::_Function_base::_Base_manager<Set_screen<int, &(confirm_to_string(int))>::init()::{lambda()#1}> const&, std::_Manager_operation)
 .text._ZNSt14_Function_base13_Base_managerIZN10Set_screenIiXadL_Z17confirm_to_stringiEEE4initEvEUlvE0_E10_M_managerERSt9_Any_dataRKS5_St18_Manager_operation
                0x00000000080021be       0x18 build/main.o
                0x00000000080021be                std::_Function_base::_Base_manager<Set_screen<int, &(confirm_to_string(int))>::init()::{lambda()#2}>::_M_manager(std::_Any_data&, std::_Function_base::_Base_manager<Set_screen<int, &(confirm_to_string(int))>::init()::{lambda()#2}> const&, std::_Manager_operation)
 .text._ZNSt14_Function_base13_Base_managerIZN10Set_screenIiXadL_Z17confirm_to_stringiEEE4initEvEUlT_E1_E10_M_managerERSt9_Any_dataRKS6_St18_Manager_operation
                0x00000000080021d6       0x18 build/main.o
                0x00000000080021d6                std::_Function_base::_Base_manager<Set_screen<int, &(confirm_to_string(int))>::init()::{lambda(auto:1)#3}>::_M_manager(std::_Any_data&, std::_Function_base::_Base_manager<Set_screen<int, &(confirm_to_string(int))>::init()::{lambda(auto:1)#3}> const&, std::_Manager_operation)
 .text._ZNSt14_Function_base13_Base_managerIZN10Set_screenIiXadL_Z17confirm_to_stringiEEE4initEvEUlT_E2_E10_M_managerERSt9_Any_dataRKS6_St18_Manager_operation
                0x00000000080021ee       0x18 build/main.o
                0x00000000080021ee                std::_Function_base::_Base_manager<Set_screen<int, &(confirm_to_string(int))>::init()::{lambda(auto:1)#4}>::_M_manager(std::_Any_data&, std::_Function_base::_Base_manager<Set_screen<int, &(confirm_to_string(int))>::init()::{lambda(auto:1)#4}> const&, std::_Manager_operation)
 .text._ZNSt14_Function_base13_Base_managerIZN10Set_screenIiXadL_Z17confirm_to_stringiEEE4initEvEUlvE3_E10_M_managerERSt9_Any_dataRKS5_St18_Manager_operation
                0x0000000008002206       0x18 build/main.o
                0x0000000008002206                std::_Function_base::_Base_manager<Set_screen<int, &(confirm_to_string(int))>::init()::{lambda()#5}>::_M_manager(std::_Any_data&, std::_Function_base::_Base_manager<Set_screen<int, &(confirm_to_string(int))>::init()::{lambda()#5}> const&, std::_Manager_operation)
 .text._ZNSt14_Function_base13_Base_managerIZN10Set_screenIiXadL_Z17confirm_to_stringiEEE4initEvEUlvE4_E10_M_managerERSt9_Any_dataRKS5_St18_Manager_operation
                0x000000000800221e       0x18 build/main.o
                0x000000000800221e                std::_Function_base::_Base_manager<Set_screen<int, &(confirm_to_string(int))>::init()::{lambda()#6}>::_M_manager(std::_Any_data&, std::_Function_base::_Base_manager<Set_screen<int, &(confirm_to_string(int))>::init()::{lambda()#6}> const&, std::_Manager_operation)
 .text._ZNSt14_Function_base13_Base_managerIZN10Set_screenItXadL_Z14null_to_stringiEEE4initEvEUlvE_E10_M_managerERSt9_Any_dataRKS5_St18_Manager_operation
                0x0000000008002236       0x18 build/main.o
                0x0000000008002236                std::_Function_base::_Base_manager<Set_screen<unsigned short, &(null_to_string(int))>::init()::{lambda()#1}>::_M_manager(std::_Any_data&, std::_Function_base::_Base_manager<Set_screen<unsigned short, &(null_to_string(int))>::init()::{lambda()#1}> const&, std::_Manager_operation)
 .text._ZNSt14_Function_base13_Base_managerIZN10Set_screenItXadL_Z14null_to_stringiEEE4initEvEUlvE0_E10_M_managerERSt9_Any_dataRKS5_St18_Manager_operation
                0x000000000800224e       0x18 build/main.o
                0x000000000800224e                std::_Function_base::_Base_manager<Set_screen<unsigned short, &(null_to_string(int))>::init()::{lambda()#2}>::_M_manager(std::_Any_data&, std::_Function_base::_Base_manager<Set_screen<unsigned short, &(null_to_string(int))>::init()::{lambda()#2}> const&, std::_Manager_operation)
 .text._ZNSt14_Function_base13_Base_managerIZN10Set_screenItXadL_Z14null_to_stringiEEE4initEvEUlT_E1_E10_M_managerERSt9_Any_dataRKS6_St18_Manager_operation
                0x0000000008002266       0x18 build/main.o
                0x0000000008002266                std::_Function_base::_Base_manager<Set_screen<unsigned short, &(null_to_string(int))>::init()::{lambda(auto:1)#3}>::_M_manager(std::_Any_data&, std::_Function_base::_Base_manager<Set_screen<unsigned short, &(null_to_string(int))>::init()::{lambda(auto:1)#3}> const&, std::_Manager_operation)
 .text._ZNSt14_Function_base13_Base_managerIZN10Set_screenItXadL_Z14null_to_stringiEEE4initEvEUlT_E2_E10_M_managerERSt9_Any_dataRKS6_St18_Manager_operation
                0x000000000800227e       0x18 build/main.o
                0x000000000800227e                std::_Function_base::_Base_manager<Set_screen<unsigned short, &(null_to_string(int))>::init()::{lambda(auto:1)#4}>::_M_manager(std::_Any_data&, std::_Function_base::_Base_manager<Set_screen<unsigned short, &(null_to_string(int))>::init()::{lambda(auto:1)#4}> const&, std::_Manager_operation)
 .text._ZNSt14_Function_base13_Base_managerIZN10Set_screenItXadL_Z14null_to_stringiEEE4initEvEUlvE3_E10_M_managerERSt9_Any_dataRKS5_St18_Manager_operation
                0x0000000008002296       0x18 build/main.o
                0x0000000008002296                std::_Function_base::_Base_manager<Set_screen<unsigned short, &(null_to_string(int))>::init()::{lambda()#5}>::_M_manager(std::_Any_data&, std::_Function_base::_Base_manager<Set_screen<unsigned short, &(null_to_string(int))>::init()::{lambda()#5}> const&, std::_Manager_operation)
 .text._ZNSt14_Function_base13_Base_managerIZN10Set_screenItXadL_Z14null_to_stringiEEE4initEvEUlvE4_E10_M_managerERSt9_Any_dataRKS5_St18_Manager_operation
                0x00000000080022ae       0x18 build/main.o
                0x00000000080022ae                std::_Function_base::_Base_manager<Set_screen<unsigned short, &(null_to_string(int))>::init()::{lambda()#6}>::_M_manager(std::_Any_data&, std::_Function_base::_Base_manager<Set_screen<unsigned short, &(null_to_string(int))>::init()::{lambda()#6}> const&, std::_Manager_operation)
 .text._ZNSt14_Function_base13_Base_managerIZN10Set_screenIhXadL_Z15model_to_stringiEEE4initEvEUlvE_E10_M_managerERSt9_Any_dataRKS5_St18_Manager_operation
                0x00000000080022c6       0x18 build/main.o
                0x00000000080022c6                std::_Function_base::_Base_manager<Set_screen<unsigned char, &(model_to_string(int))>::init()::{lambda()#1}>::_M_manager(std::_Any_data&, std::_Function_base::_Base_manager<Set_screen<unsigned char, &(model_to_string(int))>::init()::{lambda()#1}> const&, std::_Manager_operation)
 .text._ZNSt14_Function_base13_Base_managerIZN10Set_screenIhXadL_Z15model_to_stringiEEE4initEvEUlvE0_E10_M_managerERSt9_Any_dataRKS5_St18_Manager_operation
                0x00000000080022de       0x18 build/main.o
                0x00000000080022de                std::_Function_base::_Base_manager<Set_screen<unsigned char, &(model_to_string(int))>::init()::{lambda()#2}>::_M_manager(std::_Any_data&, std::_Function_base::_Base_manager<Set_screen<unsigned char, &(model_to_string(int))>::init()::{lambda()#2}> const&, std::_Manager_operation)
 .text._ZNSt14_Function_base13_Base_managerIZN10Set_screenIhXadL_Z15model_to_stringiEEE4initEvEUlT_E1_E10_M_managerERSt9_Any_dataRKS6_St18_Manager_operation
                0x00000000080022f6       0x18 build/main.o
                0x00000000080022f6                std::_Function_base::_Base_manager<Set_screen<unsigned char, &(model_to_string(int))>::init()::{lambda(auto:1)#3}>::_M_manager(std::_Any_data&, std::_Function_base::_Base_manager<Set_screen<unsigned char, &(model_to_string(int))>::init()::{lambda(auto:1)#3}> const&, std::_Manager_operation)
 .text._ZNSt14_Function_base13_Base_managerIZN10Set_screenIhXadL_Z15model_to_stringiEEE4initEvEUlT_E2_E10_M_managerERSt9_Any_dataRKS6_St18_Manager_operation
                0x000000000800230e       0x18 build/main.o
                0x000000000800230e                std::_Function_base::_Base_manager<Set_screen<unsigned char, &(model_to_string(int))>::init()::{lambda(auto:1)#4}>::_M_manager(std::_Any_data&, std::_Function_base::_Base_manager<Set_screen<unsigned char, &(model_to_string(int))>::init()::{lambda(auto:1)#4}> const&, std::_Manager_operation)
 .text._ZNSt14_Function_base13_Base_managerIZN10Set_screenIhXadL_Z15model_to_stringiEEE4initEvEUlvE3_E10_M_managerERSt9_Any_dataRKS5_St18_Manager_operation
                0x0000000008002326       0x18 build/main.o
                0x0000000008002326                std::_Function_base::_Base_manager<Set_screen<unsigned char, &(model_to_string(int))>::init()::{lambda()#5}>::_M_manager(std::_Any_data&, std::_Function_base::_Base_manager<Set_screen<unsigned char, &(model_to_string(int))>::init()::{lambda()#5}> const&, std::_Manager_operation)
 .text._ZNSt14_Function_base13_Base_managerIZN10Set_screenIhXadL_Z15model_to_stringiEEE4initEvEUlvE4_E10_M_managerERSt9_Any_dataRKS5_St18_Manager_operation
                0x000000000800233e       0x18 build/main.o
                0x000000000800233e                std::_Function_base::_Base_manager<Set_screen<unsigned char, &(model_to_string(int))>::init()::{lambda()#6}>::_M_manager(std::_Any_data&, std::_Function_base::_Base_manager<Set_screen<unsigned char, &(model_to_string(int))>::init()::{lambda()#6}> const&, std::_Manager_operation)
 .text._ZNSt14_Function_base13_Base_managerIZN13Select_screenILi12EE4initEvEUlvE_E10_M_managerERSt9_Any_dataRKS5_St18_Manager_operation
                0x0000000008002356       0x18 build/main.o
                0x0000000008002356                std::_Function_base::_Base_manager<Select_screen<12>::init()::{lambda()#1}>::_M_manager(std::_Any_data&, std::_Function_base::_Base_manager<Select_screen<12>::init()::{lambda()#1}> const&, std::_Manager_operation)
 .text._ZNSt14_Function_base13_Base_managerIZN13Select_screenILi12EE4initEvEUlvE0_E10_M_managerERSt9_Any_dataRKS5_St18_Manager_operation
                0x000000000800236e       0x18 build/main.o
                0x000000000800236e                std::_Function_base::_Base_manager<Select_screen<12>::init()::{lambda()#2}>::_M_manager(std::_Any_data&, std::_Function_base::_Base_manager<Select_screen<12>::init()::{lambda()#2}> const&, std::_Manager_operation)
 .text._ZNSt14_Function_base13_Base_managerIZN13Select_screenILi12EE4initEvEUlvE1_E10_M_managerERSt9_Any_dataRKS5_St18_Manager_operation
                0x0000000008002386       0x18 build/main.o
                0x0000000008002386                std::_Function_base::_Base_manager<Select_screen<12>::init()::{lambda()#3}>::_M_manager(std::_Any_data&, std::_Function_base::_Base_manager<Select_screen<12>::init()::{lambda()#3}> const&, std::_Manager_operation)
 .text._ZNSt14_Function_base13_Base_managerIZN13Select_screenILi12EE4initEvEUlvE2_E10_M_managerERSt9_Any_dataRKS5_St18_Manager_operation
                0x000000000800239e       0x18 build/main.o
                0x000000000800239e                std::_Function_base::_Base_manager<Select_screen<12>::init()::{lambda()#4}>::_M_manager(std::_Any_data&, std::_Function_base::_Base_manager<Select_screen<12>::init()::{lambda()#4}> const&, std::_Manager_operation)
 .text._ZNSt14_Function_base13_Base_managerIZN10Set_screenIhXadL_Z16parity_to_stringiEEE4initEvEUlvE_E10_M_managerERSt9_Any_dataRKS5_St18_Manager_operation
                0x00000000080023b6       0x18 build/main.o
                0x00000000080023b6                std::_Function_base::_Base_manager<Set_screen<unsigned char, &(parity_to_string(int))>::init()::{lambda()#1}>::_M_manager(std::_Any_data&, std::_Function_base::_Base_manager<Set_screen<unsigned char, &(parity_to_string(int))>::init()::{lambda()#1}> const&, std::_Manager_operation)
 .text._ZNSt14_Function_base13_Base_managerIZN10Set_screenIhXadL_Z16parity_to_stringiEEE4initEvEUlvE0_E10_M_managerERSt9_Any_dataRKS5_St18_Manager_operation
                0x00000000080023ce       0x18 build/main.o
                0x00000000080023ce                std::_Function_base::_Base_manager<Set_screen<unsigned char, &(parity_to_string(int))>::init()::{lambda()#2}>::_M_manager(std::_Any_data&, std::_Function_base::_Base_manager<Set_screen<unsigned char, &(parity_to_string(int))>::init()::{lambda()#2}> const&, std::_Manager_operation)
 .text._ZNSt14_Function_base13_Base_managerIZN10Set_screenIhXadL_Z16parity_to_stringiEEE4initEvEUlT_E1_E10_M_managerERSt9_Any_dataRKS6_St18_Manager_operation
                0x00000000080023e6       0x18 build/main.o
                0x00000000080023e6                std::_Function_base::_Base_manager<Set_screen<unsigned char, &(parity_to_string(int))>::init()::{lambda(auto:1)#3}>::_M_manager(std::_Any_data&, std::_Function_base::_Base_manager<Set_screen<unsigned char, &(parity_to_string(int))>::init()::{lambda(auto:1)#3}> const&, std::_Manager_operation)
 .text._ZNSt14_Function_base13_Base_managerIZN10Set_screenIhXadL_Z16parity_to_stringiEEE4initEvEUlT_E2_E10_M_managerERSt9_Any_dataRKS6_St18_Manager_operation
                0x00000000080023fe       0x18 build/main.o
                0x00000000080023fe                std::_Function_base::_Base_manager<Set_screen<unsigned char, &(parity_to_string(int))>::init()::{lambda(auto:1)#4}>::_M_manager(std::_Any_data&, std::_Function_base::_Base_manager<Set_screen<unsigned char, &(parity_to_string(int))>::init()::{lambda(auto:1)#4}> const&, std::_Manager_operation)
 .text._ZNSt14_Function_base13_Base_managerIZN10Set_screenIhXadL_Z16parity_to_stringiEEE4initEvEUlvE3_E10_M_managerERSt9_Any_dataRKS5_St18_Manager_operation
                0x0000000008002416       0x18 build/main.o
                0x0000000008002416                std::_Function_base::_Base_manager<Set_screen<unsigned char, &(parity_to_string(int))>::init()::{lambda()#5}>::_M_manager(std::_Any_data&, std::_Function_base::_Base_manager<Set_screen<unsigned char, &(parity_to_string(int))>::init()::{lambda()#5}> const&, std::_Manager_operation)
 .text._ZNSt14_Function_base13_Base_managerIZN10Set_screenIhXadL_Z16parity_to_stringiEEE4initEvEUlvE4_E10_M_managerERSt9_Any_dataRKS5_St18_Manager_operation
                0x000000000800242e       0x18 build/main.o
                0x000000000800242e                std::_Function_base::_Base_manager<Set_screen<unsigned char, &(parity_to_string(int))>::init()::{lambda()#6}>::_M_manager(std::_Any_data&, std::_Function_base::_Base_manager<Set_screen<unsigned char, &(parity_to_string(int))>::init()::{lambda()#6}> const&, std::_Manager_operation)
 .text._ZNSt14_Function_base13_Base_managerIZN10Set_screenIhXadL_Z15exist_to_stringiEEE4initEvEUlvE_E10_M_managerERSt9_Any_dataRKS5_St18_Manager_operation
                0x0000000008002446       0x18 build/main.o
                0x0000000008002446                std::_Function_base::_Base_manager<Set_screen<unsigned char, &(exist_to_string(int))>::init()::{lambda()#1}>::_M_manager(std::_Any_data&, std::_Function_base::_Base_manager<Set_screen<unsigned char, &(exist_to_string(int))>::init()::{lambda()#1}> const&, std::_Manager_operation)
 .text._ZNSt14_Function_base13_Base_managerIZN10Set_screenIhXadL_Z15exist_to_stringiEEE4initEvEUlvE0_E10_M_managerERSt9_Any_dataRKS5_St18_Manager_operation
                0x000000000800245e       0x18 build/main.o
                0x000000000800245e                std::_Function_base::_Base_manager<Set_screen<unsigned char, &(exist_to_string(int))>::init()::{lambda()#2}>::_M_manager(std::_Any_data&, std::_Function_base::_Base_manager<Set_screen<unsigned char, &(exist_to_string(int))>::init()::{lambda()#2}> const&, std::_Manager_operation)
 .text._ZNSt14_Function_base13_Base_managerIZN10Set_screenIhXadL_Z15exist_to_stringiEEE4initEvEUlT_E1_E10_M_managerERSt9_Any_dataRKS6_St18_Manager_operation
                0x0000000008002476       0x18 build/main.o
                0x0000000008002476                std::_Function_base::_Base_manager<Set_screen<unsigned char, &(exist_to_string(int))>::init()::{lambda(auto:1)#3}>::_M_manager(std::_Any_data&, std::_Function_base::_Base_manager<Set_screen<unsigned char, &(exist_to_string(int))>::init()::{lambda(auto:1)#3}> const&, std::_Manager_operation)
 .text._ZNSt14_Function_base13_Base_managerIZN10Set_screenIhXadL_Z15exist_to_stringiEEE4initEvEUlT_E2_E10_M_managerERSt9_Any_dataRKS6_St18_Manager_operation
                0x000000000800248e       0x18 build/main.o
                0x000000000800248e                std::_Function_base::_Base_manager<Set_screen<unsigned char, &(exist_to_string(int))>::init()::{lambda(auto:1)#4}>::_M_manager(std::_Any_data&, std::_Function_base::_Base_manager<Set_screen<unsigned char, &(exist_to_string(int))>::init()::{lambda(auto:1)#4}> const&, std::_Manager_operation)
 .text._ZNSt14_Function_base13_Base_managerIZN10Set_screenIhXadL_Z15exist_to_stringiEEE4initEvEUlvE3_E10_M_managerERSt9_Any_dataRKS5_St18_Manager_operation
                0x00000000080024a6       0x18 build/main.o
                0x00000000080024a6                std::_Function_base::_Base_manager<Set_screen<unsigned char, &(exist_to_string(int))>::init()::{lambda()#5}>::_M_manager(std::_Any_data&, std::_Function_base::_Base_manager<Set_screen<unsigned char, &(exist_to_string(int))>::init()::{lambda()#5}> const&, std::_Manager_operation)
 .text._ZNSt14_Function_base13_Base_managerIZN10Set_screenIhXadL_Z15exist_to_stringiEEE4initEvEUlvE4_E10_M_managerERSt9_Any_dataRKS5_St18_Manager_operation
                0x00000000080024be       0x18 build/main.o
                0x00000000080024be                std::_Function_base::_Base_manager<Set_screen<unsigned char, &(exist_to_string(int))>::init()::{lambda()#6}>::_M_manager(std::_Any_data&, std::_Function_base::_Base_manager<Set_screen<unsigned char, &(exist_to_string(int))>::init()::{lambda()#6}> const&, std::_Manager_operation)
 .text._ZNSt14_Function_base13_Base_managerIZN10Set_screenIhXadL_Z18boudrate_to_stringiEEE4initEvEUlvE_E10_M_managerERSt9_Any_dataRKS5_St18_Manager_operation
                0x00000000080024d6       0x18 build/main.o
                0x00000000080024d6                std::_Function_base::_Base_manager<Set_screen<unsigned char, &(boudrate_to_string(int))>::init()::{lambda()#1}>::_M_manager(std::_Any_data&, std::_Function_base::_Base_manager<Set_screen<unsigned char, &(boudrate_to_string(int))>::init()::{lambda()#1}> const&, std::_Manager_operation)
 .text._ZNSt14_Function_base13_Base_managerIZN10Set_screenIhXadL_Z18boudrate_to_stringiEEE4initEvEUlvE0_E10_M_managerERSt9_Any_dataRKS5_St18_Manager_operation
                0x00000000080024ee       0x18 build/main.o
                0x00000000080024ee                std::_Function_base::_Base_manager<Set_screen<unsigned char, &(boudrate_to_string(int))>::init()::{lambda()#2}>::_M_manager(std::_Any_data&, std::_Function_base::_Base_manager<Set_screen<unsigned char, &(boudrate_to_string(int))>::init()::{lambda()#2}> const&, std::_Manager_operation)
 .text._ZNSt14_Function_base13_Base_managerIZN10Set_screenIhXadL_Z18boudrate_to_stringiEEE4initEvEUlT_E1_E10_M_managerERSt9_Any_dataRKS6_St18_Manager_operation
                0x0000000008002506       0x18 build/main.o
                0x0000000008002506                std::_Function_base::_Base_manager<Set_screen<unsigned char, &(boudrate_to_string(int))>::init()::{lambda(auto:1)#3}>::_M_manager(std::_Any_data&, std::_Function_base::_Base_manager<Set_screen<unsigned char, &(boudrate_to_string(int))>::init()::{lambda(auto:1)#3}> const&, std::_Manager_operation)
 .text._ZNSt14_Function_base13_Base_managerIZN10Set_screenIhXadL_Z18boudrate_to_stringiEEE4initEvEUlT_E2_E10_M_managerERSt9_Any_dataRKS6_St18_Manager_operation
                0x000000000800251e       0x18 build/main.o
                0x000000000800251e                std::_Function_base::_Base_manager<Set_screen<unsigned char, &(boudrate_to_string(int))>::init()::{lambda(auto:1)#4}>::_M_manager(std::_Any_data&, std::_Function_base::_Base_manager<Set_screen<unsigned char, &(boudrate_to_string(int))>::init()::{lambda(auto:1)#4}> const&, std::_Manager_operation)
 .text._ZNSt14_Function_base13_Base_managerIZN10Set_screenIhXadL_Z18boudrate_to_stringiEEE4initEvEUlvE3_E10_M_managerERSt9_Any_dataRKS5_St18_Manager_operation
                0x0000000008002536       0x18 build/main.o
                0x0000000008002536                std::_Function_base::_Base_manager<Set_screen<unsigned char, &(boudrate_to_string(int))>::init()::{lambda()#5}>::_M_manager(std::_Any_data&, std::_Function_base::_Base_manager<Set_screen<unsigned char, &(boudrate_to_string(int))>::init()::{lambda()#5}> const&, std::_Manager_operation)
 .text._ZNSt14_Function_base13_Base_managerIZN10Set_screenIhXadL_Z18boudrate_to_stringiEEE4initEvEUlvE4_E10_M_managerERSt9_Any_dataRKS5_St18_Manager_operation
                0x000000000800254e       0x18 build/main.o
                0x000000000800254e                std::_Function_base::_Base_manager<Set_screen<unsigned char, &(boudrate_to_string(int))>::init()::{lambda()#6}>::_M_manager(std::_Any_data&, std::_Function_base::_Base_manager<Set_screen<unsigned char, &(boudrate_to_string(int))>::init()::{lambda()#6}> const&, std::_Manager_operation)
 .text._ZNSt14_Function_base13_Base_managerIZN10Set_screenIhXadL_Z14null_to_stringiEEE4initEvEUlvE_E10_M_managerERSt9_Any_dataRKS5_St18_Manager_operation
                0x0000000008002566       0x18 build/main.o
                0x0000000008002566                std::_Function_base::_Base_manager<Set_screen<unsigned char, &(null_to_string(int))>::init()::{lambda()#1}>::_M_manager(std::_Any_data&, std::_Function_base::_Base_manager<Set_screen<unsigned char, &(null_to_string(int))>::init()::{lambda()#1}> const&, std::_Manager_operation)
 .text._ZNSt14_Function_base13_Base_managerIZN10Set_screenIhXadL_Z14null_to_stringiEEE4initEvEUlvE0_E10_M_managerERSt9_Any_dataRKS5_St18_Manager_operation
                0x000000000800257e       0x18 build/main.o
                0x000000000800257e                std::_Function_base::_Base_manager<Set_screen<unsigned char, &(null_to_string(int))>::init()::{lambda()#2}>::_M_manager(std::_Any_data&, std::_Function_base::_Base_manager<Set_screen<unsigned char, &(null_to_string(int))>::init()::{lambda()#2}> const&, std::_Manager_operation)
 .text._ZNSt14_Function_base13_Base_managerIZN10Set_screenIhXadL_Z14null_to_stringiEEE4initEvEUlT_E1_E10_M_managerERSt9_Any_dataRKS6_St18_Manager_operation
                0x0000000008002596       0x18 build/main.o
                0x0000000008002596                std::_Function_base::_Base_manager<Set_screen<unsigned char, &(null_to_string(int))>::init()::{lambda(auto:1)#3}>::_M_manager(std::_Any_data&, std::_Function_base::_Base_manager<Set_screen<unsigned char, &(null_to_string(int))>::init()::{lambda(auto:1)#3}> const&, std::_Manager_operation)
 .text._ZNSt14_Function_base13_Base_managerIZN10Set_screenIhXadL_Z14null_to_stringiEEE4initEvEUlT_E2_E10_M_managerERSt9_Any_dataRKS6_St18_Manager_operation
                0x00000000080025ae       0x18 build/main.o
                0x00000000080025ae                std::_Function_base::_Base_manager<Set_screen<unsigned char, &(null_to_string(int))>::init()::{lambda(auto:1)#4}>::_M_manager(std::_Any_data&, std::_Function_base::_Base_manager<Set_screen<unsigned char, &(null_to_string(int))>::init()::{lambda(auto:1)#4}> const&, std::_Manager_operation)
 .text._ZNSt14_Function_base13_Base_managerIZN10Set_screenIhXadL_Z14null_to_stringiEEE4initEvEUlvE3_E10_M_managerERSt9_Any_dataRKS5_St18_Manager_operation
                0x00000000080025c6       0x18 build/main.o
                0x00000000080025c6                std::_Function_base::_Base_manager<Set_screen<unsigned char, &(null_to_string(int))>::init()::{lambda()#5}>::_M_manager(std::_Any_data&, std::_Function_base::_Base_manager<Set_screen<unsigned char, &(null_to_string(int))>::init()::{lambda()#5}> const&, std::_Manager_operation)
 .text._ZNSt14_Function_base13_Base_managerIZN10Set_screenIhXadL_Z14null_to_stringiEEE4initEvEUlvE4_E10_M_managerERSt9_Any_dataRKS5_St18_Manager_operation
                0x00000000080025de       0x18 build/main.o
                0x00000000080025de                std::_Function_base::_Base_manager<Set_screen<unsigned char, &(null_to_string(int))>::init()::{lambda()#6}>::_M_manager(std::_Any_data&, std::_Function_base::_Base_manager<Set_screen<unsigned char, &(null_to_string(int))>::init()::{lambda()#6}> const&, std::_Manager_operation)
 .text._ZNSt14_Function_base13_Base_managerIZN13Select_screenILi4EE4initEvEUlvE_E10_M_managerERSt9_Any_dataRKS5_St18_Manager_operation
                0x00000000080025f6       0x18 build/main.o
                0x00000000080025f6                std::_Function_base::_Base_manager<Select_screen<4>::init()::{lambda()#1}>::_M_manager(std::_Any_data&, std::_Function_base::_Base_manager<Select_screen<4>::init()::{lambda()#1}> const&, std::_Manager_operation)
 .text._ZNSt14_Function_base13_Base_managerIZN13Select_screenILi4EE4initEvEUlvE0_E10_M_managerERSt9_Any_dataRKS5_St18_Manager_operation
                0x000000000800260e       0x18 build/main.o
                0x000000000800260e                std::_Function_base::_Base_manager<Select_screen<4>::init()::{lambda()#2}>::_M_manager(std::_Any_data&, std::_Function_base::_Base_manager<Select_screen<4>::init()::{lambda()#2}> const&, std::_Manager_operation)
 .text._ZNSt14_Function_base13_Base_managerIZN13Select_screenILi4EE4initEvEUlvE1_E10_M_managerERSt9_Any_dataRKS5_St18_Manager_operation
                0x0000000008002626       0x18 build/main.o
                0x0000000008002626                std::_Function_base::_Base_manager<Select_screen<4>::init()::{lambda()#3}>::_M_manager(std::_Any_data&, std::_Function_base::_Base_manager<Select_screen<4>::init()::{lambda()#3}> const&, std::_Manager_operation)
 .text._ZNSt14_Function_base13_Base_managerIZN13Select_screenILi4EE4initEvEUlvE2_E10_M_managerERSt9_Any_dataRKS5_St18_Manager_operation
                0x000000000800263e       0x18 build/main.o
                0x000000000800263e                std::_Function_base::_Base_manager<Select_screen<4>::init()::{lambda()#4}>::_M_manager(std::_Any_data&, std::_Function_base::_Base_manager<Select_screen<4>::init()::{lambda()#4}> const&, std::_Manager_operation)
 .text._ZNSt14_Function_base13_Base_managerIZN10Set_screenIiXadL_Z14null_to_stringiEEE4initEvEUlvE_E10_M_managerERSt9_Any_dataRKS5_St18_Manager_operation
                0x0000000008002656       0x18 build/main.o
                0x0000000008002656                std::_Function_base::_Base_manager<Set_screen<int, &(null_to_string(int))>::init()::{lambda()#1}>::_M_manager(std::_Any_data&, std::_Function_base::_Base_manager<Set_screen<int, &(null_to_string(int))>::init()::{lambda()#1}> const&, std::_Manager_operation)
 .text._ZNSt14_Function_base13_Base_managerIZN10Set_screenIiXadL_Z14null_to_stringiEEE4initEvEUlvE0_E10_M_managerERSt9_Any_dataRKS5_St18_Manager_operation
                0x000000000800266e       0x18 build/main.o
                0x000000000800266e                std::_Function_base::_Base_manager<Set_screen<int, &(null_to_string(int))>::init()::{lambda()#2}>::_M_manager(std::_Any_data&, std::_Function_base::_Base_manager<Set_screen<int, &(null_to_string(int))>::init()::{lambda()#2}> const&, std::_Manager_operation)
 .text._ZNSt14_Function_base13_Base_managerIZN10Set_screenIiXadL_Z14null_to_stringiEEE4initEvEUlT_E1_E10_M_managerERSt9_Any_dataRKS6_St18_Manager_operation
                0x0000000008002686       0x18 build/main.o
                0x0000000008002686                std::_Function_base::_Base_manager<Set_screen<int, &(null_to_string(int))>::init()::{lambda(auto:1)#3}>::_M_manager(std::_Any_data&, std::_Function_base::_Base_manager<Set_screen<int, &(null_to_string(int))>::init()::{lambda(auto:1)#3}> const&, std::_Manager_operation)
 .text._ZNSt14_Function_base13_Base_managerIZN10Set_screenIiXadL_Z14null_to_stringiEEE4initEvEUlT_E2_E10_M_managerERSt9_Any_dataRKS6_St18_Manager_operation
                0x000000000800269e       0x18 build/main.o
                0x000000000800269e                std::_Function_base::_Base_manager<Set_screen<int, &(null_to_string(int))>::init()::{lambda(auto:1)#4}>::_M_manager(std::_Any_data&, std::_Function_base::_Base_manager<Set_screen<int, &(null_to_string(int))>::init()::{lambda(auto:1)#4}> const&, std::_Manager_operation)
 .text._ZNSt14_Function_base13_Base_managerIZN10Set_screenIiXadL_Z14null_to_stringiEEE4initEvEUlvE3_E10_M_managerERSt9_Any_dataRKS5_St18_Manager_operation
                0x00000000080026b6       0x18 build/main.o
                0x00000000080026b6                std::_Function_base::_Base_manager<Set_screen<int, &(null_to_string(int))>::init()::{lambda()#5}>::_M_manager(std::_Any_data&, std::_Function_base::_Base_manager<Set_screen<int, &(null_to_string(int))>::init()::{lambda()#5}> const&, std::_Manager_operation)
 .text._ZNSt14_Function_base13_Base_managerIZN10Set_screenIiXadL_Z14null_to_stringiEEE4initEvEUlvE4_E10_M_managerERSt9_Any_dataRKS5_St18_Manager_operation
                0x00000000080026ce       0x18 build/main.o
                0x00000000080026ce                std::_Function_base::_Base_manager<Set_screen<int, &(null_to_string(int))>::init()::{lambda()#6}>::_M_manager(std::_Any_data&, std::_Function_base::_Base_manager<Set_screen<int, &(null_to_string(int))>::init()::{lambda()#6}> const&, std::_Manager_operation)
 .text._ZNSt14_Function_base13_Base_managerIZN13Select_screenILi3EE4initEvEUlvE_E10_M_managerERSt9_Any_dataRKS5_St18_Manager_operation
                0x00000000080026e6       0x18 build/main.o
                0x00000000080026e6                std::_Function_base::_Base_manager<Select_screen<3>::init()::{lambda()#1}>::_M_manager(std::_Any_data&, std::_Function_base::_Base_manager<Select_screen<3>::init()::{lambda()#1}> const&, std::_Manager_operation)
 .text._ZNSt14_Function_base13_Base_managerIZN13Select_screenILi3EE4initEvEUlvE0_E10_M_managerERSt9_Any_dataRKS5_St18_Manager_operation
                0x00000000080026fe       0x18 build/main.o
                0x00000000080026fe                std::_Function_base::_Base_manager<Select_screen<3>::init()::{lambda()#2}>::_M_manager(std::_Any_data&, std::_Function_base::_Base_manager<Select_screen<3>::init()::{lambda()#2}> const&, std::_Manager_operation)
 .text._ZNSt14_Function_base13_Base_managerIZN13Select_screenILi3EE4initEvEUlvE1_E10_M_managerERSt9_Any_dataRKS5_St18_Manager_operation
                0x0000000008002716       0x18 build/main.o
                0x0000000008002716                std::_Function_base::_Base_manager<Select_screen<3>::init()::{lambda()#3}>::_M_manager(std::_Any_data&, std::_Function_base::_Base_manager<Select_screen<3>::init()::{lambda()#3}> const&, std::_Manager_operation)
 .text._ZNSt14_Function_base13_Base_managerIZN13Select_screenILi3EE4initEvEUlvE2_E10_M_managerERSt9_Any_dataRKS5_St18_Manager_operation
                0x000000000800272e       0x18 build/main.o